<html>
<body>
<pre>
<h1>礦ision Build Log</h1>
<h2>Project:</h2>
C:\Users\lenovo\Desktop\邰工新项目\电梯测速显示和打印项目\USER\1.uvprojx
Project File Date:  01/27/2018

<h2>Output:</h2>
Build target '1'
compiling main.c...
main.c(6): warning:  #177-D: variable "i" was declared but never referenced
      unsigned int i =1000;
main.c: 1 warning, 0 errors
compiling motor.c...
linking...
Program Size: Code=8280 RO-data=336 RW-data=164 ZI-data=1732  
FromELF: creating hex file...
"..\OBJ\1.axf" - 0 Error(s), 1 Warning(s).
Load "..\\OBJ\\1.axf" 
Set JLink Project File to "C:\Users\lenovo\Desktop\邰工新项目\电梯测速显示和打印项目\USER\JLinkSettings.ini"
* JLink Info: Device "STM32F103ZE" selected (512 KB flash, 64 KB RAM).
 
JLink info:
------------
DLL: V4.80g, compiled Feb 13 2014 20:50:02
Firmware: J-Link ARM V8 compiled Nov 28 2014 13:44:46
Hardware: V8.00
S/N : 54896748 
Feature(s) : RDI,FlashDL,FlashBP,JFlash,GDBFull 
 
* JLink Info: Found SWD-DP with ID 0x1BA01477
* JLink Info: Found SWD-DP with ID 0x1BA01477
* JLink Info: Found Cortex-M3 r1p1, Little endian.
* JLink Info: FPUnit: 6 code (BP) slots and 2 literal slots
* JLink Info: TPIU fitted.
* JLink Info: ETM fitted.
ROMTableAddr = 0xE00FF003
 
Target info:
------------
Device: STM32F103ZE
VTarget = 3.306V
State of Pins: 
TCK: 0, TDI: 0, TDO: 0, TMS: 1, TRES: 1, TRST: 1
Hardware-Breakpoints: 6
Software-Breakpoints: 8192
Watchpoints:          4
JTAG speed: 2000 kHz
 
Erase Done.
Programming Done.
Verify OK.
Application running ...
peed: 2000 kHz
 
Erase Done.
Programming Done.
Verify OK.
Application running ...
