Product: MDK-ARM Professional 5.10
Component: ARM Compiler 5.04 update 1 (build 49)
Tool: armlink [5040049]

==============================================================================

Section Cross References

    system_stm32f10x.o(.text) refers to system_stm32f10x.o(.data) for SystemCoreClock
    main.o(.text) refers to delay.o(.text) for delay_init
    main.o(.text) refers to misc.o(.text) for NVIC_PriorityGroupConfig
    main.o(.text) refers to hmi_process.o(.text) for Hmi_init
    main.o(.text) refers to motor.o(.text) for motor_init
    main.o(.text) refers to qr701_printer.o(.text) for printer_init
    motor.o(.text) refers to stm32f10x_rcc.o(.text) for RCC_APB2PeriphClockCmd
    motor.o(.text) refers to hard_pwm.o(.text) for set_pwm_duty
    motor.o(.text) refers to memcpya.o(.text) for __aeabi_memcpy4
    motor.o(.text) refers to pin.o(.text) for Pin_Init
    motor.o(.text) refers to timer.o(.text) for Timerx_Init
    motor.o(.text) refers to stm32f10x_gpio.o(.text) for GPIO_SetBits
    motor.o(.text) refers to ffltui.o(.text) for __aeabi_ui2f
    motor.o(.text) refers to fdiv.o(.text) for __aeabi_fdiv
    motor.o(.text) refers to fmul.o(.text) for __aeabi_fmul
    motor.o(.text) refers to ffixui.o(.text) for __aeabi_f2uiz
    motor.o(.text) refers to stm32f10x_exti.o(.text) for EXTI_GetITStatus
    motor.o(.text) refers to stm32f10x_tim.o(.text) for TIM_GetITStatus
    motor.o(.text) refers to motor.o(.bss) for motor1
    motor.o(.text) refers to motor.o(.data) for motor_feedback
    qr701_printer.o(.text) refers to stm32f10x_rcc.o(.text) for RCC_APB2PeriphClockCmd
    qr701_printer.o(.text) refers to pin.o(.text) for Pin_Init
    qr701_printer.o(.text) refers to usartx.o(.text) for USARTx_Init
    qr701_printer.o(.text) refers to qr701_printer.o(.data) for qr701_printer
    hmi_driver.o(.text) refers to stm32f10x_rcc.o(.text) for RCC_APB2PeriphClockCmd
    hmi_driver.o(.text) refers to pin.o(.text) for Pin_Init
    hmi_driver.o(.text) refers to usartx.o(.text) for USARTx_Init
    hmi_driver.o(.text) refers to timer.o(.text) for Timerx_Init
    hmi_driver.o(.text) refers to stm32f10x_usart.o(.text) for USART_GetITStatus
    hmi_driver.o(.text) refers to cmd_queue.o(.text) for queue_push
    hmi_driver.o(.text) refers to stm32f10x_tim.o(.text) for TIM_GetITStatus
    hmi_driver.o(.text) refers to hmi_driver.o(.data) for hmi_driver
    cmd_queue.o(.text) refers to cmd_queue.o(.bss) for que
    cmd_queue.o(.text) refers to cmd_queue.o(.data) for cmd_state
    hmi_process.o(.text) refers to qr701_printer.o(.text) for SendStringToPrint
    hmi_process.o(.text) refers to printfa.o(i.__0sprintf) for __2sprintf
    hmi_process.o(.text) refers to hmi_driver.o(.text) for SetTextValue
    hmi_process.o(.text) refers to motor.o(.text) for Set_Motor_Speed
    hmi_process.o(.text) refers to fmul.o(.text) for __aeabi_fmul
    hmi_process.o(.text) refers to ffixui.o(.text) for __aeabi_f2uiz
    hmi_process.o(.text) refers to f2d.o(.text) for __aeabi_f2d
    hmi_process.o(.text) refers to cdcmple.o(.text) for __aeabi_cdcmple
    hmi_process.o(.text) refers to cdrcmple.o(.text) for __aeabi_cdrcmple
    hmi_process.o(.text) refers to hmi_process.o(.data) for current_number
    hmi_process.o(.text) refers to hmi_process.o(.bss) for elevator
    hmi_process.o(.text) refers to dadd.o(.text) for __aeabi_dadd
    hmi_process.o(.text) refers to d2f.o(.text) for __aeabi_d2f
    hmi_process.o(.text) refers to strcmp.o(.text) for strcmp
    hmi_process.o(.text) refers to stmflash.o(.text) for STMFLASH_Write
    hmi_process.o(.text) refers to strlen.o(.text) for strlen
    hmi_process.o(.text) refers to memcpya.o(.text) for __aeabi_memcpy
    hmi_process.o(.text) refers to cmd_queue.o(.text) for queue_reset
    delay.o(.text) refers to misc.o(.text) for SysTick_CLKSourceConfig
    delay.o(.text) refers to system_stm32f10x.o(.data) for SystemCoreClock
    delay.o(.text) refers to delay.o(.data) for fac_us
    hard_pwm.o(.text) refers to stm32f10x_tim.o(.text) for TIM_TimeBaseInit
    stmflash.o(.text) refers to stm32f10x_flash.o(.text) for FLASH_ProgramHalfWord
    stmflash.o(.text) refers to stmflash.o(.bss) for STMFLASH_BUF
    pin.o(.text) refers to stm32f10x_gpio.o(.text) for GPIO_EXTILineConfig
    pin.o(.text) refers to stm32f10x_exti.o(.text) for EXTI_Init
    pin.o(.text) refers to misc.o(.text) for NVIC_Init
    usartx.o(.text) refers to stm32f10x_usart.o(.text) for USART_DeInit
    usartx.o(.text) refers to misc.o(.text) for NVIC_Init
    timer.o(.text) refers to stm32f10x_tim.o(.text) for TIM_TimeBaseInit
    timer.o(.text) refers to misc.o(.text) for NVIC_Init
    startup_stm32f10x_hd.o(RESET) refers to startup_stm32f10x_hd.o(STACK) for __initial_sp
    startup_stm32f10x_hd.o(RESET) refers to startup_stm32f10x_hd.o(.text) for Reset_Handler
    startup_stm32f10x_hd.o(RESET) refers to stm32f10x_it.o(.text) for NMI_Handler
    startup_stm32f10x_hd.o(RESET) refers to motor.o(.text) for EXTI2_IRQHandler
[...]
    printfa.o(i.__0vfprintf) refers to printfa.o(i._printf_core) for _printf_core
    printfa.o(i.__0vfprintf) refers to fputc.o(i.fputc) for fputc
    printfa.o(i.__0vprintf) refers (Special) to iusefp.o(.text) for __I$use$fp
    printfa.o(i.__0vprintf) refers to printfa.o(i._printf_core) for _printf_core
    printfa.o(i.__0vprintf) refers to fputc.o(i.fputc) for fputc
    printfa.o(i.__0vprintf) refers to stdout.o(.data) for __stdout
    printfa.o(i.__0vsnprintf) refers (Special) to iusefp.o(.text) for __I$use$fp
    printfa.o(i.__0vsnprintf) refers to printfa.o(i._printf_core) for _printf_core
    printfa.o(i.__0vsnprintf) refers to printfa.o(i._snputc) for _snputc
    printfa.o(i.__0vsprintf) refers (Special) to iusefp.o(.text) for __I$use$fp
    printfa.o(i.__0vsprintf) refers to printfa.o(i._printf_core) for _printf_core
    printfa.o(i.__0vsprintf) refers to printfa.o(i._sputc) for _sputc
    printfa.o(i._fp_digits) refers (Special) to iusefp.o(.text) for __I$use$fp
    printfa.o(i._fp_digits) refers to dmul.o(.text) for __aeabi_dmul
    printfa.o(i._fp_digits) refers to ddiv.o(.text) for __aeabi_ddiv
    printfa.o(i._fp_digits) refers to cdrcmple.o(.text) for __aeabi_cdrcmple
    printfa.o(i._fp_digits) refers to dadd.o(.text) for __aeabi_dadd
    printfa.o(i._fp_digits) refers to dfixul.o(.text) for __aeabi_d2ulz
    printfa.o(i._fp_digits) refers to uldiv.o(.text) for __aeabi_uldivmod
    printfa.o(i._printf_core) refers (Special) to iusefp.o(.text) for __I$use$fp
    printfa.o(i._printf_core) refers to printfa.o(i._printf_pre_padding) for _printf_pre_padding
    printfa.o(i._printf_core) refers to uldiv.o(.text) for __aeabi_uldivmod
    printfa.o(i._printf_core) refers to printfa.o(i._printf_post_padding) for _printf_post_padding
    printfa.o(i._printf_core) refers to printfa.o(i._fp_digits) for _fp_digits
    printfa.o(i._printf_core) refers to uidiv.o(.text) for __aeabi_uidivmod
    printfa.o(i._printf_post_padding) refers (Special) to iusefp.o(.text) for __I$use$fp
    printfa.o(i._printf_pre_padding) refers (Special) to iusefp.o(.text) for __I$use$fp
    printfa.o(i._snputc) refers (Special) to iusefp.o(.text) for __I$use$fp
    printfa.o(i._sputc) refers (Special) to iusefp.o(.text) for __I$use$fp
    fmul.o(.text) refers (Special) to iusefp.o(.text) for __I$use$fp
    fdiv.o(.text) refers (Special) to iusefp.o(.text) for __I$use$fp
    fdiv.o(.text) refers to fepilogue.o(.text) for _float_round
    dadd.o(.text) refers (Special) to iusefp.o(.text) for __I$use$fp
    dadd.o(.text) refers to llshl.o(.text) for __aeabi_llsl
    dadd.o(.text) refers to llsshr.o(.text) for __aeabi_lasr
    dadd.o(.text) refers to depilogue.o(.text) for _double_epilogue
    ffltui.o(.text) refers (Special) to iusefp.o(.text) for __I$use$fp
    ffltui.o(.text) refers to fepilogue.o(.text) for _float_epilogue
    ffixui.o(.text) refers (Special) to iusefp.o(.text) for __I$use$fp
    f2d.o(.text) refers (Special) to iusefp.o(.text) for __I$use$fp
    cdcmple.o(.text) refers (Special) to iusefp.o(.text) for __I$use$fp
    cdrcmple.o(.text) refers (Special) to iusefp.o(.text) for __I$use$fp
    d2f.o(.text) refers (Special) to iusefp.o(.text) for __I$use$fp
    d2f.o(.text) refers to fepilogue.o(.text) for _float_round
    entry2.o(.ARM.Collect$$$$00000001) refers to entry2.o(.ARM.Collect$$$$00002712) for __lit__00000000
    entry2.o(.ARM.Collect$$$$00002712) refers to startup_stm32f10x_hd.o(STACK) for __initial_sp
    entry2.o(__vectab_stack_and_reset_area) refers to startup_stm32f10x_hd.o(STACK) for __initial_sp
    entry2.o(__vectab_stack_and_reset_area) refers to entry.o(.ARM.Collect$$$$00000000) for __main
    entry5.o(.ARM.Collect$$$$00000004) refers to init.o(.text) for __scatterload
    entry9a.o(.ARM.Collect$$$$0000000B) refers to main.o(.text) for main
    entry9b.o(.ARM.Collect$$$$0000000C) refers to main.o(.text) for main
    fputc.o(i.fputc) refers (Special) to iusesemip.o(.text) for __I$use$semihosting$fputc
    fputc.o(i.fputc) refers (Special) to semi.o(.text) for __semihosting_library_function
    uldiv.o(.text) refers to llushr.o(.text) for __aeabi_llsr
    uldiv.o(.text) refers to llshl.o(.text) for __aeabi_llsl
    depilogue.o(.text) refers to llshl.o(.text) for __aeabi_llsl
    depilogue.o(.text) refers to llushr.o(.text) for __aeabi_llsr
    dmul.o(.text) refers to depilogue.o(.text) for _double_epilogue
    ddiv.o(.text) refers to depilogue.o(.text) for _double_round
    dfixul.o(.text) refers to llushr.o(.text) for __aeabi_llsr
    dfixul.o(.text) refers to llshl.o(.text) for __aeabi_llsl
    init.o(.text) refers to entry5.o(.ARM.Collect$$$$00000004) for __main_after_scatterload


==============================================================================

Removing Unused input sections from the image.

    Removing core_cm3.o(.emb_text), (32 bytes).
    Removing startup_stm32f10x_hd.o(HEAP), (512 bytes).
    Removing stm32f10x_adc.o(.text), (1102 bytes).
    Removing stm32f10x_fsmc.o(.text), (1548 bytes).
    Removing stm32f10x_dac.o(.text), (396 bytes).
    Removing stm32f10x_dma.o(.text), (596 bytes).

6 unused section(s) (total 4186 bytes) removed from the image.

==============================================================================

Image Symbol Table

    Local Symbols

    Symbol Name                              Value     Ov Type        Size  Object(Section)

    ../clib/../cmprslib/zerorunl2.c          0x00000000   Number         0  __dczerorl2.o ABSOLUTE
    ../clib/microlib/division.c              0x00000000   Number         0  uidiv.o ABSOLUTE
    ../clib/microlib/division.c              0x00000000   Number         0  uldiv.o ABSOLUTE
    ../clib/microlib/init/entry.s            0x00000000   Number         0  entry7a.o ABSOLUTE
    ../clib/microlib/init/entry.s            0x00000000   Number         0  entry5.o ABSOLUTE
    ../clib/microlib/init/entry.s            0x00000000   Number         0  entry2.o ABSOLUTE
    ../clib/microlib/init/entry.s            0x00000000   Number         0  entry.o ABSOLUTE
    ../clib/microlib/init/entry.s            0x00000000   Number         0  entry10b.o ABSOLUTE
    ../clib/microlib/init/entry.s            0x00000000   Number         0  entry11a.o ABSOLUTE
    ../clib/microlib/init/entry.s            0x00000000   Number         0  entry7b.o ABSOLUTE
    ../clib/microlib/init/entry.s            0x00000000   Number         0  entry8a.o ABSOLUTE
    ../clib/microlib/init/entry.s            0x00000000   Number         0  entry8b.o ABSOLUTE
    ../clib/microlib/init/entry.s            0x00000000   Number         0  entry9a.o ABSOLUTE
    ../clib/microlib/init/entry.s            0x00000000   Number         0  entry9b.o ABSOLUTE
    ../clib/microlib/init/entry.s            0x00000000   Number         0  entry10a.o ABSOLUTE
    ../clib/microlib/init/entry.s            0x00000000   Number         0  entry11b.o ABSOLUTE
    ../clib/microlib/longlong.c              0x00000000   Number         0  llushr.o ABSOLUTE
    ../clib/microlib/longlong.c              0x00000000   Number         0  llsshr.o ABSOLUTE
    ../clib/microlib/longlong.c              0x00000000   Number         0  llshl.o ABSOLUTE
    ../clib/microlib/printf/printf.c         0x00000000   Number         0  printf4.o ABSOLUTE
    ../clib/microlib/printf/printf.c         0x00000000   Number         0  printf3.o ABSOLUTE
    ../clib/microlib/printf/printf.c         0x00000000   Number         0  printf2.o ABSOLUTE
    ../clib/microlib/printf/printf.c         0x00000000   Number         0  printf1.o ABSOLUTE
    ../clib/microlib/printf/printf.c         0x00000000   Number         0  printf0.o ABSOLUTE
    ../clib/microlib/printf/printf.c         0x00000000   Number         0  printfb.o ABSOLUTE
    ../clib/microlib/printf/printf.c         0x00000000   Number         0  printfa.o ABSOLUTE
    ../clib/microlib/printf/printf.c         0x00000000   Number         0  printf8.o ABSOLUTE
    ../clib/microlib/printf/printf.c         0x00000000   Number         0  printf7.o ABSOLUTE
    ../clib/microlib/printf/printf.c         0x00000000   Number         0  printf6.o ABSOLUTE
    ../clib/microlib/printf/printf.c         0x00000000   Number         0  printf5.o ABSOLUTE
    ../clib/microlib/printf/stubs.s          0x00000000   Number         0  stubs.o ABSOLUTE
    ../clib/microlib/stdio/fputc.c           0x00000000   Number         0  fputc.o ABSOLUTE
    ../clib/microlib/stdio/semi.s            0x00000000   Number         0  semi.o ABSOLUTE
    ../clib/microlib/stdio/streams.c         0x00000000   Number         0  stdout.o ABSOLUTE
    ../clib/microlib/string/memcpy.c         0x00000000   Number         0  memcpyb.o ABSOLUTE
    ../clib/microlib/string/memcpy.c         0x00000000   Number         0  memcpya.o ABSOLUTE
    ../clib/microlib/string/strcmp.c         0x00000000   Number         0  strcmp.o ABSOLUTE
    ../clib/microlib/string/strlen.c         0x00000000   Number         0  strlen.o ABSOLUTE
    ../clib/microlib/stubs.s                 0x00000000   Number         0  iusefp.o ABSOLUTE
    ../clib/microlib/stubs.s                 0x00000000   Number         0  iusesemip.o ABSOLUTE
    ../fplib/microlib/d2f.c                  0x00000000   Number         0  d2f.o ABSOLUTE
    ../fplib/microlib/f2d.c                  0x00000000   Number         0  f2d.o ABSOLUTE
    ../fplib/microlib/fpadd.c                0x00000000   Number         0  dadd.o ABSOLUTE
    ../fplib/microlib/fpdiv.c                0x00000000   Number         0  ddiv.o ABSOLUTE
    ../fplib/microlib/fpdiv.c                0x00000000   Number         0  fdiv.o ABSOLUTE
    ../fplib/microlib/fpepilogue.c           0x00000000   Number         0  fepilogue.o ABSOLUTE
    ../fplib/microlib/fpepilogue.c           0x00000000   Number         0  depilogue.o ABSOLUTE
    ../fplib/microlib/fpfix.c                0x00000000   Number         0  ffixui.o ABSOLUTE
    ../fplib/microlib/fpfix.c                0x00000000   Number         0  dfixul.o ABSOLUTE
    ../fplib/microlib/fpflt.c                0x00000000   Number         0  ffltui.o ABSOLUTE
    ../fplib/microlib/fpmul.c                0x00000000   Number         0  dmul.o ABSOLUTE
    ../fplib/microlib/fpmul.c                0x00000000   Number         0  fmul.o ABSOLUTE
    ..\APP\QR701_Printer.c                   0x00000000   Number         0  qr701_printer.o ABSOLUTE
    ..\APP\motor.c                           0x00000000   Number         0  motor.o ABSOLUTE
    ..\CORE\core_cm3.c                       0x00000000   Number         0  core_cm3.o ABSOLUTE
    ..\CORE\startup_stm32f10x_hd.s           0x00000000   Number         0  startup_stm32f10x_hd.o ABSOLUTE
    ..\HMI\cmd_queue.c                       0x00000000   Number         0  cmd_queue.o ABSOLUTE
    ..\HMI\hmi_driver.c                      0x00000000   Number         0  hmi_driver.o ABSOLUTE
    ..\HMI\hmi_process.c                     0x00000000   Number         0  hmi_process.o ABSOLUTE
    ..\STM32F10x_FWLib\src\misc.c            0x00000000   Number         0  misc.o ABSOLUTE
    ..\STM32F10x_FWLib\src\stm32f10x_adc.c   0x00000000   Number         0  stm32f10x_adc.o ABSOLUTE
    ..\STM32F10x_FWLib\src\stm32f10x_dac.c   0x00000000   Number         0  stm32f10x_dac.o ABSOLUTE
    ..\STM32F10x_FWLib\src\stm32f10x_dma.c   0x00000000   Number         0  stm32f10x_dma.o ABSOLUTE
    ..\STM32F10x_FWLib\src\stm32f10x_exti.c  0x00000000   Number         0  stm32f10x_exti.o ABSOLUTE
    ..\STM32F10x_FWLib\src\stm32f10x_flash.c 0x00000000   Number         0  stm32f10x_flash.o ABSOLUTE
    ..\STM32F10x_FWLib\src\stm32f10x_fsmc.c  0x00000000   Number         0  stm32f10x_fsmc.o ABSOLUTE
    ..\STM32F10x_FWLib\src\stm32f10x_gpio.c  0x00000000   Number         0  stm32f10x_gpio.o ABSOLUTE
    ..\STM32F10x_FWLib\src\stm32f10x_rcc.c   0x00000000   Number         0  stm32f10x_rcc.o ABSOLUTE
    ..\STM32F10x_FWLib\src\stm32f10x_tim.c   0x00000000   Number         0  stm32f10x_tim.o ABSOLUTE
    ..\STM32F10x_FWLib\src\stm32f10x_usart.c 0x00000000   Number         0  stm32f10x_usart.o ABSOLUTE
    ..\\CORE\\core_cm3.c                     0x00000000   Number         0  core_cm3.o ABSOLUTE
    ..\driver\delay.c                        0x00000000   Number         0  delay.o ABSOLUTE
    ..\driver\hard_pwm.c                     0x00000000   Number         0  hard_pwm.o ABSOLUTE
    ..\driver\pin.c                          0x00000000   Number         0  pin.o ABSOLUTE
    ..\driver\stmflash.c                     0x00000000   Number         0  stmflash.o ABSOLUTE
    ..\driver\timer.c                        0x00000000   Number         0  timer.o ABSOLUTE
    ..\driver\usartx.c                       0x00000000   Number         0  usartx.o ABSOLUTE
    cdcmple.s                                0x00000000   Number         0  cdcmple.o ABSOLUTE
    cdrcmple.s                               0x00000000   Number         0  cdrcmple.o ABSOLUTE
    dc.s                                     0x00000000   Number         0  dc.o ABSOLUTE
    handlers.s                               0x00000000   Number         0  handlers.o ABSOLUTE
    init.s                                   0x00000000   Number         0  init.o ABSOLUTE
    main.c                                   0x00000000   Number         0  main.o ABSOLUTE
    stm32f10x_it.c                           0x00000000   Number         0  stm32f10x_it.o ABSOLUTE
    system_stm32f10x.c                       0x00000000   Number         0  system_stm32f10x.o ABSOLUTE
    RESET                                    0x08000000   Section      304  startup_stm32f10x_hd.o(RESET)
    .ARM.Collect$$$$00000000                 0x08000130   Section        0  entry.o(.ARM.Collect$$$$00000000)
    .ARM.Collect$$$$00000001                 0x08000130   Section        4  entry2.o(.ARM.Collect$$$$00000001)
    .ARM.Collect$$$$00000004                 0x08000134   Section        4  entry5.o(.ARM.Collect$$$$00000004)
    .ARM.Collect$$$$00000008                 0x08000138   Section        0  entry7b.o(.ARM.Collect$$$$00000008)
    .ARM.Collect$$$$0000000A                 0x08000138   Section        0  entry8b.o(.ARM.Collect$$$$0000000A)
    .ARM.Collect$$$$0000000B                 0x08000138   Section        8  entry9a.o(.ARM.Collect$$$$0000000B)
    .ARM.Collect$$$$0000000D                 0x08000140   Section        0  entry10a.o(.ARM.Collect$$$$0000000D)
    .ARM.Collect$$$$0000000F                 0x08000140   Section        0  entry11a.o(.ARM.Collect$$$$0000000F)
    .ARM.Collect$$$$00002712                 0x08000140   Section        4  entry2.o(.ARM.Collect$$$$00002712)
    __lit__00000000                          0x08000140   Data           4  entry2.o(.ARM.Collect$$$$00002712)
    .text                                    0x08000144   Section        0  stm32f10x_it.o(.text)
    .text                                    0x08000160   Section        0  system_stm32f10x.o(.text)
    SetSysClockTo72                          0x08000161   Thumb Code   214  system_stm32f10x.o(.text)
    SetSysClock                              0x08000237   Thumb Code     8  system_stm32f10x.o(.text)
    .text                                    0x08000340   Section        0  main.o(.text)
    .text                                    0x08000360   Section        0  motor.o(.text)
    Motor_PID                                0x0800053f   Thumb Code   146  motor.o(.text)
    .text                                    0x080006cc   Section        0  qr701_printer.o(.text)
    printer_rcc_config                       0x080006cd   Thumb Code    28  qr701_printer.o(.text)
    .text                                    0x0800073c   Section        0  hmi_driver.o(.text)
    hmi_driver_rcc_config                    0x0800073d   Thumb Code    36  hmi_driver.o(.text)
    .text                                    0x080021ac   Section        0  cmd_queue.o(.text)
    queue_pop                                0x080021e9   Thumb Code    44  cmd_queue.o(.text)
    queue_size                               0x08002215   Thumb Code    26  cmd_queue.o(.text)
    .text                                    0x080022b4   Section        0  hmi_process.o(.text)
    NotifyScreen                             0x0800255f   Thumb Code   154  hmi_process.o(.text)
    NotifyTouchXY                            0x080025f9   Thumb Code     2  hmi_process.o(.text)
    UpdateUI                                 0x080025fb   Thumb Code  1252  hmi_process.o(.text)
    NotifyButton                             0x08002f73   Thumb Code  1202  hmi_process.o(.text)
    NotifyText                               0x08003425   Thumb Code   408  hmi_process.o(.text)
    NotifyProgress                           0x080035bd   Thumb Code     2  hmi_process.o(.text)
    NotifySlider                             0x080035bf   Thumb Code     2  hmi_process.o(.text)
    NotifyMeter                              0x080035c1   Thumb Code     2  hmi_process.o(.text)
    NotifyMenu                               0x080035c3   Thumb Code    32  hmi_process.o(.text)
    NotifySelector                           0x080035e3   Thumb Code     2  hmi_process.o(.text)
    NotifyTimer                              0x080035e5   Thumb Code     2  hmi_process.o(.text)
    NotifyReadFlash                          0x080035e7   Thumb Code     2  hmi_process.o(.text)
    NotifyWriteFlash                         0x080035e9   Thumb Code     2  hmi_process.o(.text)
    NotifyReadRTC                            0x080035eb   Thumb Code   350  hmi_process.o(.text)
    ProcessMessage                           0x08003749   Thumb Code   340  hmi_process.o(.text)
    .text                                    0x08003974   Section        0  delay.o(.text)
    .text                                    0x08003a48   Section        0  hard_pwm.o(.text)
    .text                                    0x08003b48   Section        0  stmflash.o(.text)
    STMFLASH_ReadHalfWord                    0x08003b49   Thumb Code     6  stmflash.o(.text)
    STMFLASH_Write_NoCheck                   0x08003b4f   Thumb Code    38  stmflash.o(.text)
    .text                                    0x08003c80   Section        0  pin.o(.text)
    .text                                    0x08003d02   Section        0  usartx.o(.text)
    .text                                    0x08003d6c   Section        0  timer.o(.text)
    .text                                    0x08003df4   Section       36  startup_stm32f10x_hd.o(.text)
    .text                                    0x08003e18   Section        0  misc.o(.text)
    .text                                    0x08003ef4   Section        0  stm32f10x_gpio.o(.text)
    .text                                    0x08004250   Section        0  stm32f10x_usart.o(.text)
    .text                                    0x08004658   Section        0  stm32f10x_rcc.o(.text)
    .text                                    0x080049fc   Section        0  stm32f10x_tim.o(.text)
    TI4_Config                               0x08004ea3   Thumb Code   130  stm32f10x_tim.o(.text)
    TI3_Config                               0x08004f37   Thumb Code   122  stm32f10x_tim.o(.text)
    TI2_Config                               0x08004fcb   Thumb Code   130  stm32f10x_tim.o(.text)
    TI1_Config                               0x0800505f   Thumb Code   108  stm32f10x_tim.o(.text)
    .text                                    0x08005818   Section        0  stm32f10x_exti.o(.text)
    .text                                    0x08005934   Section        0  stm32f10x_flash.o(.text)
    .text                                    0x08005ef0   Section        0  memcpya.o(.text)
    .text                                    0x08005f14   Section        0  strlen.o(.text)
    .text                                    0x08005f22   Section        0  strcmp.o(.text)
    .text                                    0x08005f3e   Section        0  fmul.o(.text)
    .text                                    0x08005fa2   Section        0  fdiv.o(.text)
    .text                                    0x0800601e   Section        0  dadd.o(.text)
    .text                                    0x0800616c   Section        0  ffltui.o(.text)
    .text                                    0x08006176   Section        0  ffixui.o(.text)
    .text                                    0x0800619e   Section        0  f2d.o(.text)
    .text                                    0x080061c4   Section       40  cdcmple.o(.text)
    .text                                    0x080061ec   Section       40  cdrcmple.o(.text)
    .text                                    0x08006214   Section        0  d2f.o(.text)
    .text                                    0x0800624c   Section        0  uidiv.o(.text)
    .text                                    0x08006278   Section        0  uldiv.o(.text)
    .text                                    0x080062da   Section        0  llshl.o(.text)
    .text                                    0x080062f8   Section        0  llsshr.o(.text)
    .text                                    0x0800631c   Section        0  iusefp.o(.text)
    .text                                    0x0800631c   Section        0  fepilogue.o(.text)
    .text                                    0x0800638a   Section        0  depilogue.o(.text)
    .text                                    0x08006440   Section        0  dmul.o(.text)
    .text                                    0x08006524   Section        0  ddiv.o(.text)
    .text                                    0x08006602   Section        0  dfixul.o(.text)
    .text                                    0x08006634   Section       36  init.o(.text)
    .text                                    0x08006658   Section        0  llushr.o(.text)
    .text                                    0x08006678   Section        0  __dczerorl2.o(.text)
    i.__0sprintf                             0x080066d0   Section        0  printfa.o(i.__0sprintf)
    i.__scatterload_copy                     0x080066f8   Section       14  handlers.o(i.__scatterload_copy)
    i.__scatterload_null                     0x08006706   Section        2  handlers.o(i.__scatterload_null)
    i.__scatterload_zeroinit                 0x08006708   Section       14  handlers.o(i.__scatterload_zeroinit)
    i._fp_digits                             0x08006718   Section        0  printfa.o(i._fp_digits)
    _fp_digits                               0x08006719   Thumb Code   334  printfa.o(i._fp_digits)
    i._printf_core                           0x0800687c   Section        0  printfa.o(i._printf_core)
    _printf_core                             0x0800687d   Thumb Code  1744  printfa.o(i._printf_core)
    i._printf_post_padding                   0x08006f58   Section        0  printfa.o(i._printf_post_padding)
    _printf_post_padding                     0x08006f59   Thumb Code    36  printfa.o(i._printf_post_padding)
    i._printf_pre_padding                    0x08006f7c   Section        0  printfa.o(i._printf_pre_padding)
    _printf_pre_padding                      0x08006f7d   Thumb Code    46  printfa.o(i._printf_pre_padding)
    i._sputc                                 0x08006faa   Section        0  printfa.o(i._sputc)
    _sputc                                   0x08006fab   Thumb Code    10  printfa.o(i._sputc)
    .data                                    0x20000000   Section       20  system_stm32f10x.o(.data)
    .data                                    0x20000014   Section      152  motor.o(.data)
    motor_feedback                           0x20000014   Data          36  motor.o(.data)
    Elec_Switch                              0x20000038   Data          24  motor.o(.data)
    Mach_Switch                              0x20000050   Data          24  motor.o(.data)
    motor_pwm                                0x20000068   Data          20  motor.o(.data)
    motor_dir                                0x2000007c   Data          12  motor.o(.data)
    motor_en                                 0x20000088   Data          12  motor.o(.data)
    motor_pid                                0x20000094   Data          16  motor.o(.data)
    Max_Speed                                0x200000a4   Data           2  motor.o(.data)
    Elec_Speed                               0x200000a6   Data           2  motor.o(.data)
    Elec_flag                                0x200000a8   Data           2  motor.o(.data)
    Mach_flag                                0x200000aa   Data           2  motor.o(.data)
    .data                                    0x200000ac   Section       40  qr701_printer.o(.data)
    qr701_printer                            0x200000ac   Data          40  qr701_printer.o(.data)
    .data                                    0x200000d4   Section       52  hmi_driver.o(.data)
    hmi_driver                               0x200000d4   Data          52  hmi_driver.o(.data)
    .data                                    0x20000108   Section        6  cmd_queue.o(.data)
    cmd_state                                0x20000108   Data           4  cmd_queue.o(.data)
    cmd_pos                                  0x2000010c   Data           2  cmd_queue.o(.data)
    .data                                    0x20000110   Section       41  hmi_process.o(.data)
    .data                                    0x2000013a   Section        4  delay.o(.data)
    fac_us                                   0x2000013a   Data           1  delay.o(.data)
    fac_ms                                   0x2000013c   Data           2  delay.o(.data)
    .data                                    0x2000013e   Section       20  stm32f10x_rcc.o(.data)
    APBAHBPrescTable                         0x2000013e   Data          16  stm32f10x_rcc.o(.data)
    ADCPrescTable                            0x2000014e   Data           4  stm32f10x_rcc.o(.data)
    .bss                                     0x20000154   Section      100  motor.o(.bss)
    motor1                                   0x20000154   Data         100  motor.o(.bss)
    .bss                                     0x200001b8   Section       84  cmd_queue.o(.bss)
    que                                      0x200001b8   Data          84  cmd_queue.o(.bss)
    .bss                                     0x2000020c   Section     7567  hmi_process.o(.bss)
    hmi_dev                                  0x2000020c   Data          22  hmi_process.o(.bss)
    .bss                                     0x20001f9c   Section     1024  stmflash.o(.bss)
    STACK                                    0x200023a0   Section     1024  startup_stm32f10x_hd.o(STACK)

    Global Symbols

    Symbol Name                              Value     Ov Type        Size  Object(Section)

    BuildAttributes$$THM_ISAv4$P$D$K$B$S$PE$A:L22UL41UL21$X:L11$S22US41US21$IEEE1$IW$USESV6$~STKCKD$USESV7$~SHL$OTIME$ROPI$EBA8$MICROLIB$REQ8$PRES8$EABIv2 0x00000000   Number         0  anon$$obj.o ABSOLUTE
    __ARM_use_no_argv                        0x00000000   Number         0  main.o ABSOLUTE
    _printf_a                                0x00000000   Number         0  stubs.o ABSOLUTE
    _printf_c                                0x00000000   Number         0  stubs.o ABSOLUTE
    _printf_charcount                        0x00000000   Number         0  stubs.o ABSOLUTE
    _printf_d                                0x00000000   Number         0  stubs.o ABSOLUTE
    _printf_e                                0x00000000   Number         0  stubs.o ABSOLUTE
    _printf_f                                0x00000000   Number         0  stubs.o ABSOLUTE
    _printf_flags                            0x00000000   Number         0  stubs.o ABSOLUTE
    _printf_fp_dec                           0x00000000   Number         0  stubs.o ABSOLUTE
    _printf_fp_hex                           0x00000000   Number         0  stubs.o ABSOLUTE
    _printf_g                                0x00000000   Number         0  stubs.o ABSOLUTE
    _printf_i                                0x00000000   Number         0  stubs.o ABSOLUTE
    _printf_int_dec                          0x00000000   Number         0  stubs.o ABSOLUTE
    _printf_l                                0x00000000   Number         0  stubs.o ABSOLUTE
    _printf_lc                               0x00000000   Number         0  stubs.o ABSOLUTE
    _printf_ll                               0x00000000   Number         0  stubs.o ABSOLUTE
    _printf_lld                              0x00000000   Number         0  stubs.o ABSOLUTE
    _printf_lli                              0x00000000   Number         0  stubs.o ABSOLUTE
    _printf_llo                              0x00000000   Number         0  stubs.o ABSOLUTE
    _printf_llu                              0x00000000   Number         0  stubs.o ABSOLUTE
    _printf_llx                              0x00000000   Number         0  stubs.o ABSOLUTE
    _printf_longlong_dec                     0x00000000   Number         0  stubs.o ABSOLUTE
    _printf_longlong_hex                     0x00000000   Number         0  stubs.o ABSOLUTE
    _printf_longlong_oct                     0x00000000   Number         0  stubs.o ABSOLUTE
    _printf_ls                               0x00000000   Number         0  stubs.o ABSOLUTE
    _printf_mbtowc                           0x00000000   Number         0  stubs.o ABSOLUTE
    _printf_n                                0x00000000   Number         0  stubs.o ABSOLUTE
    _printf_o                                0x00000000   Number         0  stubs.o ABSOLUTE
    _printf_p                                0x00000000   Number         0  stubs.o ABSOLUTE
    _printf_percent                          0x00000000   Number         0  stubs.o ABSOLUTE
    _printf_pre_padding                      0x00000000   Number         0  stubs.o ABSOLUTE
    _printf_return_value                     0x00000000   Number         0  stubs.o ABSOLUTE
    _printf_s                                0x00000000   Number         0  stubs.o ABSOLUTE
    _printf_sizespec                         0x00000000   Number         0  stubs.o ABSOLUTE
    _printf_str                              0x00000000   Number         0  stubs.o ABSOLUTE
    _printf_truncate_signed                  0x00000000   Number         0  stubs.o ABSOLUTE
    _printf_truncate_unsigned                0x00000000   Number         0  stubs.o ABSOLUTE
    _printf_u                                0x00000000   Number         0  stubs.o ABSOLUTE
    _printf_wc                               0x00000000   Number         0  stubs.o ABSOLUTE
    _printf_wctomb                           0x00000000   Number         0  stubs.o ABSOLUTE
    _printf_widthprec                        0x00000000   Number         0  stubs.o ABSOLUTE
    _printf_x                                0x00000000   Number         0  stubs.o ABSOLUTE
    __cpp_initialize__aeabi_                  - Undefined Weak Reference
    __cxa_finalize                            - Undefined Weak Reference
    _clock_init                               - Undefined Weak Reference
    _microlib_exit                            - Undefined Weak Reference
    __Vectors_Size                           0x00000130   Number         0  startup_stm32f10x_hd.o ABSOLUTE
    __Vectors                                0x08000000   Data           4  startup_stm32f10x_hd.o(RESET)
    __Vectors_End                            0x08000130   Data           0  startup_stm32f10x_hd.o(RESET)
    __main                                   0x08000131   Thumb Code     0  entry.o(.ARM.Collect$$$$00000000)
    _main_stk                                0x08000131   Thumb Code     0  entry2.o(.ARM.Collect$$$$00000001)
    _main_scatterload                        0x08000135   Thumb Code     0  entry5.o(.ARM.Collect$$$$00000004)
    __main_after_scatterload                 0x08000139   Thumb Code     0  entry5.o(.ARM.Collect$$$$00000004)
    _main_clock                              0x08000139   Thumb Code     0  entry7b.o(.ARM.Collect$$$$00000008)
    _main_cpp_init                           0x08000139   Thumb Code     0  entry8b.o(.ARM.Collect$$$$0000000A)
    _main_init                               0x08000139   Thumb Code     0  entry9a.o(.ARM.Collect$$$$0000000B)
    __rt_final_cpp                           0x08000141   Thumb Code     0  entry10a.o(.ARM.Collect$$$$0000000D)
    __rt_final_exit                          0x08000141   Thumb Code     0  entry11a.o(.ARM.Collect$$$$0000000F)
    NMI_Handler                              0x08000145   Thumb Code     2  stm32f10x_it.o(.text)
    HardFault_Handler                        0x08000147   Thumb Code     4  stm32f10x_it.o(.text)
    MemManage_Handler                        0x0800014b   Thumb Code     4  stm32f10x_it.o(.text)
    BusFault_Handler                         0x0800014f   Thumb Code     4  stm32f10x_it.o(.text)
    UsageFault_Handler                       0x08000153   Thumb Code     4  stm32f10x_it.o(.text)
    SVC_Handler                              0x08000157   Thumb Code     2  stm32f10x_it.o(.text)
    DebugMon_Handler                         0x08000159   Thumb Code     2  stm32f10x_it.o(.text)
    PendSV_Handler                           0x0800015b   Thumb Code     2  stm32f10x_it.o(.text)
    SysTick_Handler                          0x0800015d   Thumb Code     2  stm32f10x_it.o(.text)
    SystemInit                               0x0800023f   Thumb Code    78  system_stm32f10x.o(.text)
    SystemCoreClockUpdate                    0x0800028d   Thumb Code   142  system_stm32f10x.o(.text)
    main                                     0x08000341   Thumb Code    32  main.o(.text)
    motor_rcc_config                         0x08000361   Thumb Code    44  motor.o(.text)
    set_motor_rev_speed                      0x0800038d   Thumb Code    14  motor.o(.text)
    motor_init                               0x0800039b   Thumb Code   176  motor.o(.text)
    open_motor                               0x0800044b   Thumb Code    32  motor.o(.text)
    close_motor                              0x0800046b   Thumb Code    32  motor.o(.text)
    set_motor_fwd_speed                      0x0800048b   Thumb Code    20  motor.o(.text)
    motor_fwd                                0x0800049f   Thumb Code    16  motor.o(.text)
    motor_rev                                0x080004af   Thumb Code    16  motor.o(.text)
    motor_stop                               0x080004bf   Thumb Code    24  motor.o(.text)
    Get_Elec_Speed                           0x080004d7   Thumb Code    38  motor.o(.text)
    Get_Mach_Speed                           0x080004fd   Thumb Code    38  motor.o(.text)
    Set_Motor_Speed                          0x08000523   Thumb Code    28  motor.o(.text)
    EXTI9_5_IRQHandler                       0x080005d1   Thumb Code    32  motor.o(.text)
    EXTI4_IRQHandler                         0x080005f1   Thumb Code    24  motor.o(.text)
    EXTI2_IRQHandler                         0x08000609   Thumb Code   100  motor.o(.text)
    TIM3_IRQHandler                          0x0800066d   Thumb Code    36  motor.o(.text)
    printer_init                             0x080006e9   Thumb Code    30  qr701_printer.o(.text)
    SendCharToPrint                          0x08000707   Thumb Code    24  qr701_printer.o(.text)
    SendStringToPrint                        0x0800071f   Thumb Code    26  qr701_printer.o(.text)
    hmi_driver_init                          0x08000761   Thumb Code    50  hmi_driver.o(.text)
    SendChar                                 0x08000793   Thumb Code    24  hmi_driver.o(.text)
    USART1_IRQHandler                        0x080007ab   Thumb Code    30  hmi_driver.o(.text)
    TIM2_IRQHandler                          0x080007c9   Thumb Code    34  hmi_driver.o(.text)
    DelayMS                                  0x080007eb   Thumb Code    24  hmi_driver.o(.text)
    SendStrings                              0x08000803   Thumb Code    22  hmi_driver.o(.text)
    SendNU8                                  0x08000819   Thumb Code    26  hmi_driver.o(.text)
    SendNU16                                 0x08000833   Thumb Code    38  hmi_driver.o(.text)
    SetHandShake                             0x08000859   Thumb Code    40  hmi_driver.o(.text)
    SetFcolor                                0x08000881   Thumb Code    54  hmi_driver.o(.text)
    SetBcolor                                0x080008b7   Thumb Code    54  hmi_driver.o(.text)
    ColorPicker                              0x080008ed   Thumb Code    74  hmi_driver.o(.text)
    GUI_CleanScreen                          0x08000937   Thumb Code    40  hmi_driver.o(.text)
    SetTextSpace                             0x0800095f   Thumb Code    56  hmi_driver.o(.text)
    SetFont_Region                           0x08000997   Thumb Code    74  hmi_driver.o(.text)
    SetFilterColor                           0x080009e1   Thumb Code    68  hmi_driver.o(.text)
    DisText                                  0x08000a25   Thumb Code    90  hmi_driver.o(.text)
    DisCursor                                0x08000a7f   Thumb Code    88  hmi_driver.o(.text)
    DisFull_Image                            0x08000ad7   Thumb Code    62  hmi_driver.o(.text)
    DisArea_Image                            0x08000b15   Thumb Code    96  hmi_driver.o(.text)
    DisCut_Image                             0x08000b75   Thumb Code   150  hmi_driver.o(.text)
    DisFlashImage                            0x08000c0b   Thumb Code    94  hmi_driver.o(.text)
    GUI_Dot                                  0x08000c69   Thumb Code    68  hmi_driver.o(.text)
    GUI_Line                                 0x08000cad   Thumb Code    92  hmi_driver.o(.text)
    GUI_ConDots                              0x08000d09   Thumb Code    66  hmi_driver.o(.text)
    GUI_ConSpaceDots                         0x08000d4b   Thumb Code    80  hmi_driver.o(.text)
    GUI_FcolorConOffsetDots                  0x08000d9b   Thumb Code    80  hmi_driver.o(.text)
    GUI_BcolorConOffsetDots                  0x08000deb   Thumb Code    80  hmi_driver.o(.text)
    SetPowerSaving                           0x08000e3b   Thumb Code    68  hmi_driver.o(.text)
    GUI_FcolorConDots                        0x08000e7f   Thumb Code    58  hmi_driver.o(.text)
    GUI_BcolorConDots                        0x08000eb9   Thumb Code    58  hmi_driver.o(.text)
    GUI_Circle                               0x08000ef3   Thumb Code    80  hmi_driver.o(.text)
    GUI_CircleFill                           0x08000f43   Thumb Code    80  hmi_driver.o(.text)
    GUI_Arc                                  0x08000f93   Thumb Code   106  hmi_driver.o(.text)
    GUI_Rectangle                            0x08000ffd   Thumb Code    92  hmi_driver.o(.text)
    GUI_RectangleFill                        0x08001059   Thumb Code    92  hmi_driver.o(.text)
    GUI_Ellipse                              0x080010b5   Thumb Code    92  hmi_driver.o(.text)
    GUI_EllipseFill                          0x08001111   Thumb Code    92  hmi_driver.o(.text)
    SetBackLight                             0x0800116d   Thumb Code    48  hmi_driver.o(.text)
    SetBuzzer                                0x0800119d   Thumb Code    48  hmi_driver.o(.text)
    GUI_AreaInycolor                         0x080011cd   Thumb Code    92  hmi_driver.o(.text)
    SetTouchPaneOption                       0x08001229   Thumb Code    82  hmi_driver.o(.text)
    CalibrateTouchPane                       0x0800127b   Thumb Code    40  hmi_driver.o(.text)
    TestTouchPane                            0x080012a3   Thumb Code    40  hmi_driver.o(.text)
    LockDeviceConfig                         0x080012cb   Thumb Code    64  hmi_driver.o(.text)
    UnlockDeviceConfig                       0x0800130b   Thumb Code    64  hmi_driver.o(.text)
    SetCommBps                               0x0800134b   Thumb Code    48  hmi_driver.o(.text)
    WriteLayer                               0x0800137b   Thumb Code    48  hmi_driver.o(.text)
    DisplyLayer                              0x080013ab   Thumb Code    48  hmi_driver.o(.text)
    CopyLayer                                0x080013db   Thumb Code    56  hmi_driver.o(.text)
    ClearLayer                               0x08001413   Thumb Code    48  hmi_driver.o(.text)
    GUI_DispRTC                              0x08001443   Thumb Code   102  hmi_driver.o(.text)
    WriteUserFlash                           0x080014a9   Thumb Code    82  hmi_driver.o(.text)
    ReadUserFlash                            0x080014fb   Thumb Code    84  hmi_driver.o(.text)
    GetScreen                                0x0800154f   Thumb Code    46  hmi_driver.o(.text)
    SetScreen                                0x0800157d   Thumb Code    60  hmi_driver.o(.text)
    SetScreenUpdateEnable                    0x080015b9   Thumb Code    48  hmi_driver.o(.text)
    SetControlFocus                          0x080015e9   Thumb Code    80  hmi_driver.o(.text)
    SetControlVisiable                       0x08001639   Thumb Code    80  hmi_driver.o(.text)
    SetControlEnable                         0x08001689   Thumb Code    80  hmi_driver.o(.text)
    SetButtonValue                           0x080016d9   Thumb Code    80  hmi_driver.o(.text)
    SetTextValue                             0x08001729   Thumb Code    82  hmi_driver.o(.text)
    SetProgressValue                         0x0800177b   Thumb Code   102  hmi_driver.o(.text)
    SetMeterValue                            0x080017e1   Thumb Code   102  hmi_driver.o(.text)
    SetSliderValue                           0x08001847   Thumb Code   102  hmi_driver.o(.text)
    SetSelectorValue                         0x080018ad   Thumb Code    80  hmi_driver.o(.text)
    GetControlValue                          0x080018fd   Thumb Code    74  hmi_driver.o(.text)
    AnimationStart                           0x08001947   Thumb Code    74  hmi_driver.o(.text)
    AnimationStop                            0x08001991   Thumb Code    74  hmi_driver.o(.text)
    AnimationPause                           0x080019db   Thumb Code    74  hmi_driver.o(.text)
    AnimationPlayFrame                       0x08001a25   Thumb Code    80  hmi_driver.o(.text)
    AnimationPlayPrev                        0x08001a75   Thumb Code    74  hmi_driver.o(.text)
    AnimationPlayNext                        0x08001abf   Thumb Code    74  hmi_driver.o(.text)
    GraphChannelAdd                          0x08001b09   Thumb Code    92  hmi_driver.o(.text)
    GraphChannelDel                          0x08001b65   Thumb Code    80  hmi_driver.o(.text)
    GraphChannelDataAdd                      0x08001bb5   Thumb Code   110  hmi_driver.o(.text)
    GraphChannelDataClear                    0x08001c23   Thumb Code    80  hmi_driver.o(.text)
    GraphSetViewport                         0x08001c73   Thumb Code   130  hmi_driver.o(.text)
    BatchBegin                               0x08001cf5   Thumb Code    36  hmi_driver.o(.text)
    BatchSetButtonValue                      0x08001d19   Thumb Code    38  hmi_driver.o(.text)
    BatchSetProgressValue                    0x08001d3f   Thumb Code    60  hmi_driver.o(.text)
    BatchSetSliderValue                      0x08001d7b   Thumb Code    60  hmi_driver.o(.text)
    BatchSetMeterValue                       0x08001db7   Thumb Code    60  hmi_driver.o(.text)
    GetStringLen                             0x08001df3   Thumb Code    18  hmi_driver.o(.text)
    BatchSetText                             0x08001e05   Thumb Code    56  hmi_driver.o(.text)
    BatchSetFrame                            0x08001e3d   Thumb Code    44  hmi_driver.o(.text)
    BatchEnd                                 0x08001e69   Thumb Code    28  hmi_driver.o(.text)
    SeTimer                                  0x08001e85   Thumb Code   102  hmi_driver.o(.text)
    StartTimer                               0x08001eeb   Thumb Code    74  hmi_driver.o(.text)
    StopTimer                                0x08001f35   Thumb Code    74  hmi_driver.o(.text)
    PauseTimer                               0x08001f7f   Thumb Code    74  hmi_driver.o(.text)
    SetControlBackColor                      0x08001fc9   Thumb Code    86  hmi_driver.o(.text)
    SetControlForeColor                      0x0800201f   Thumb Code    86  hmi_driver.o(.text)
    ShowPopupMenu                            0x08002075   Thumb Code    92  hmi_driver.o(.text)
    Showchart                                0x080020d1   Thumb Code   124  hmi_driver.o(.text)
    ShowKeyboard                             0x0800214d   Thumb Code    96  hmi_driver.o(.text)
    queue_reset                              0x080021ad   Thumb Code    18  cmd_queue.o(.text)
    queue_push                               0x080021bf   Thumb Code    42  cmd_queue.o(.text)
    queue_find_cmd                           0x0800222f   Thumb Code   122  cmd_queue.o(.text)
    Run_Print                                0x080022b5   Thumb Code   682  hmi_process.o(.text)
    Find                                     0x08002adf   Thumb Code   566  hmi_process.o(.text)
    List_Show                                0x08002d15   Thumb Code   426  hmi_process.o(.text)
    Show_screen_2                            0x08002ebf   Thumb Code   180  hmi_process.o(.text)
    Hmi_init                                 0x0800389d   Thumb Code   164  hmi_process.o(.text)
    Hmi_App_Run                              0x08003941   Thumb Code    28  hmi_process.o(.text)
    delay_init                               0x08003975   Thumb Code    50  delay.o(.text)
    delay_us                                 0x080039a7   Thumb Code    72  delay.o(.text)
    delay_ms                                 0x080039ef   Thumb Code    72  delay.o(.text)
    TIM_PWM_Init                             0x08003a49   Thumb Code   164  hard_pwm.o(.text)
    open_pwm                                 0x08003aed   Thumb Code    14  hard_pwm.o(.text)
    close_pwm                                0x08003afb   Thumb Code    14  hard_pwm.o(.text)
    set_pwm_duty                             0x08003b09   Thumb Code    64  hard_pwm.o(.text)
    STMFLASH_Read                            0x08003b75   Thumb Code    38  stmflash.o(.text)
    STMFLASH_Write                           0x08003b9b   Thumb Code   222  stmflash.o(.text)
    Exti_Init                                0x08003c81   Thumb Code    70  pin.o(.text)
    Pin_Init                                 0x08003cc7   Thumb Code    60  pin.o(.text)
    USARTx_Init                              0x08003d03   Thumb Code   106  usartx.o(.text)
    Timerx_Init                              0x08003d6d   Thumb Code    82  timer.o(.text)
    open_timer                               0x08003dbf   Thumb Code    14  timer.o(.text)
    close_timer                              0x08003dcd   Thumb Code    14  timer.o(.text)
    clear_timer_count                        0x08003ddb   Thumb Code    14  timer.o(.text)
    get_timer_count                          0x08003de9   Thumb Code    12  timer.o(.text)
    Reset_Handler                            0x08003df5   Thumb Code     8  startup_stm32f10x_hd.o(.text)
    ADC1_2_IRQHandler                        0x08003e0f   Thumb Code     0  startup_stm32f10x_hd.o(.text)
    ADC3_IRQHandler                          0x08003e0f   Thumb Code     0  startup_stm32f10x_hd.o(.text)
    CAN1_RX1_IRQHandler                      0x08003e0f   Thumb Code     0  startup_stm32f10x_hd.o(.text)
    CAN1_SCE_IRQHandler                      0x08003e0f   Thumb Code     0  startup_stm32f10x_hd.o(.text)
    DMA1_Channel1_IRQHandler                 0x08003e0f   Thumb Code     0  startup_stm32f10x_hd.o(.text)
    DMA1_Channel2_IRQHandler                 0x08003e0f   Thumb Code     0  startup_stm32f10x_hd.o(.text)
    DMA1_Channel3_IRQHandler                 0x08003e0f   Thumb Code     0  startup_stm32f10x_hd.o(.text)
    DMA1_Channel4_IRQHandler                 0x08003e0f   Thumb Code     0  startup_stm32f10x_hd.o(.text)
    DMA1_Channel5_IRQHandler                 0x08003e0f   Thumb Code     0  startup_stm32f10x_hd.o(.text)
    DMA1_Channel6_IRQHandler                 0x08003e0f   Thumb Code     0  startup_stm32f10x_hd.o(.text)
    DMA1_Channel7_IRQHandler                 0x08003e0f   Thumb Code     0  startup_stm32f10x_hd.o(.text)
    DMA2_Channel1_IRQHandler                 0x08003e0f   Thumb Code     0  startup_stm32f10x_hd.o(.text)
    DMA2_Channel2_IRQHandler                 0x08003e0f   Thumb Code     0  startup_stm32f10x_hd.o(.text)
    DMA2_Channel3_IRQHandler                 0x08003e0f   Thumb Code     0  startup_stm32f10x_hd.o(.text)
    DMA2_Channel4_5_IRQHandler               0x08003e0f   Thumb Code     0  startup_stm32f10x_hd.o(.text)
    EXTI0_IRQHandler                         0x08003e0f   Thumb Code     0  startup_stm32f10x_hd.o(.text)
    EXTI15_10_IRQHandler                     0x08003e0f   Thumb Code     0  startup_stm32f10x_hd.o(.text)
    EXTI1_IRQHandler                         0x08003e0f   Thumb Code     0  startup_stm32f10x_hd.o(.text)
    EXTI3_IRQHandler                         0x08003e0f   Thumb Code     0  startup_stm32f10x_hd.o(.text)
    FLASH_IRQHandler                         0x08003e0f   Thumb Code     0  startup_stm32f10x_hd.o(.text)
    FSMC_IRQHandler                          0x08003e0f   Thumb Code     0  startup_stm32f10x_hd.o(.text)
    I2C1_ER_IRQHandler                       0x08003e0f   Thumb Code     0  startup_stm32f10x_hd.o(.text)
    I2C1_EV_IRQHandler                       0x08003e0f   Thumb Code     0  startup_stm32f10x_hd.o(.text)
    I2C2_ER_IRQHandler                       0x08003e0f   Thumb Code     0  startup_stm32f10x_hd.o(.text)
    I2C2_EV_IRQHandler                       0x08003e0f   Thumb Code     0  startup_stm32f10x_hd.o(.text)
    PVD_IRQHandler                           0x08003e0f   Thumb Code     0  startup_stm32f10x_hd.o(.text)
    RCC_IRQHandler                           0x08003e0f   Thumb Code     0  startup_stm32f10x_hd.o(.text)
    RTCAlarm_IRQHandler                      0x08003e0f   Thumb Code     0  startup_stm32f10x_hd.o(.text)
    RTC_IRQHandler                           0x08003e0f   Thumb Code     0  startup_stm32f10x_hd.o(.text)
    SDIO_IRQHandler                          0x08003e0f   Thumb Code     0  startup_stm32f10x_hd.o(.text)
    SPI1_IRQHandler                          0x08003e0f   Thumb Code     0  startup_stm32f10x_hd.o(.text)
    SPI2_IRQHandler                          0x08003e0f   Thumb Code     0  startup_stm32f10x_hd.o(.text)
    SPI3_IRQHandler                          0x08003e0f   Thumb Code     0  startup_stm32f10x_hd.o(.text)
    TAMPER_IRQHandler                        0x08003e0f   Thumb Code     0  startup_stm32f10x_hd.o(.text)
    TIM1_BRK_IRQHandler                      0x08003e0f   Thumb Code     0  startup_stm32f10x_hd.o(.text)
    TIM1_CC_IRQHandler                       0x08003e0f   Thumb Code     0  startup_stm32f10x_hd.o(.text)
    TIM1_TRG_COM_IRQHandler                  0x08003e0f   Thumb Code     0  startup_stm32f10x_hd.o(.text)
    TIM1_UP_IRQHandler                       0x08003e0f   Thumb Code     0  startup_stm32f10x_hd.o(.text)
    TIM4_IRQHandler                          0x08003e0f   Thumb Code     0  startup_stm32f10x_hd.o(.text)
    TIM5_IRQHandler                          0x08003e0f   Thumb Code     0  startup_stm32f10x_hd.o(.text)
    TIM6_IRQHandler                          0x08003e0f   Thumb Code     0  startup_stm32f10x_hd.o(.text)
    TIM7_IRQHandler                          0x08003e0f   Thumb Code     0  startup_stm32f10x_hd.o(.text)
    TIM8_BRK_IRQHandler                      0x08003e0f   Thumb Code     0  startup_stm32f10x_hd.o(.text)
    TIM8_CC_IRQHandler                       0x08003e0f   Thumb Code     0  startup_stm32f10x_hd.o(.text)
    TIM8_TRG_COM_IRQHandler                  0x08003e0f   Thumb Code     0  startup_stm32f10x_hd.o(.text)
    TIM8_UP_IRQHandler                       0x08003e0f   Thumb Code     0  startup_stm32f10x_hd.o(.text)
    UART4_IRQHandler                         0x08003e0f   Thumb Code     0  startup_stm32f10x_hd.o(.text)
    UART5_IRQHandler                         0x08003e0f   Thumb Code     0  startup_stm32f10x_hd.o(.text)
    USART2_IRQHandler                        0x08003e0f   Thumb Code     0  startup_stm32f10x_hd.o(.text)
    USART3_IRQHandler                        0x08003e0f   Thumb Code     0  startup_stm32f10x_hd.o(.text)
    USBWakeUp_IRQHandler                     0x08003e0f   Thumb Code     0  startup_stm32f10x_hd.o(.text)
    USB_HP_CAN1_TX_IRQHandler                0x08003e0f   Thumb Code     0  startup_stm32f10x_hd.o(.text)
    USB_LP_CAN1_RX0_IRQHandler               0x08003e0f   Thumb Code     0  startup_stm32f10x_hd.o(.text)
    WWDG_IRQHandler                          0x08003e0f   Thumb Code     0  startup_stm32f10x_hd.o(.text)
    NVIC_PriorityGroupConfig                 0x08003e19   Thumb Code    10  misc.o(.text)
    NVIC_Init                                0x08003e23   Thumb Code   100  misc.o(.text)
    NVIC_SetVectorTable                      0x08003e87   Thumb Code    14  misc.o(.text)
    NVIC_SystemLPConfig                      0x08003e95   Thumb Code    34  misc.o(.text)
    SysTick_CLKSourceConfig                  0x08003eb7   Thumb Code    40  misc.o(.text)
    GPIO_DeInit                              0x08003ef5   Thumb Code   172  stm32f10x_gpio.o(.text)
    GPIO_AFIODeInit                          0x08003fa1   Thumb Code    20  stm32f10x_gpio.o(.text)
    GPIO_Init                                0x08003fb5   Thumb Code   278  stm32f10x_gpio.o(.text)
    GPIO_StructInit                          0x080040cb   Thumb Code    16  stm32f10x_gpio.o(.text)
    GPIO_ReadInputDataBit                    0x080040db   Thumb Code    18  stm32f10x_gpio.o(.text)
    GPIO_ReadInputData                       0x080040ed   Thumb Code     8  stm32f10x_gpio.o(.text)
    GPIO_ReadOutputDataBit                   0x080040f5   Thumb Code    18  stm32f10x_gpio.o(.text)
    GPIO_ReadOutputData                      0x08004107   Thumb Code     8  stm32f10x_gpio.o(.text)
    GPIO_SetBits                             0x0800410f   Thumb Code     4  stm32f10x_gpio.o(.text)
    GPIO_ResetBits                           0x08004113   Thumb Code     4  stm32f10x_gpio.o(.text)
    GPIO_WriteBit                            0x08004117   Thumb Code    10  stm32f10x_gpio.o(.text)
    GPIO_Write                               0x08004121   Thumb Code     4  stm32f10x_gpio.o(.text)
    GPIO_PinLockConfig                       0x08004125   Thumb Code    18  stm32f10x_gpio.o(.text)
    GPIO_EventOutputConfig                   0x08004137   Thumb Code    26  stm32f10x_gpio.o(.text)
    GPIO_EventOutputCmd                      0x08004151   Thumb Code     6  stm32f10x_gpio.o(.text)
    GPIO_PinRemapConfig                      0x08004157   Thumb Code   138  stm32f10x_gpio.o(.text)
    GPIO_EXTILineConfig                      0x080041e1   Thumb Code    66  stm32f10x_gpio.o(.text)
    GPIO_ETH_MediaInterfaceConfig            0x08004223   Thumb Code     8  stm32f10x_gpio.o(.text)
    USART_DeInit                             0x08004251   Thumb Code   134  stm32f10x_usart.o(.text)
    USART_Init                               0x080042d7   Thumb Code   210  stm32f10x_usart.o(.text)
    USART_StructInit                         0x080043a9   Thumb Code    24  stm32f10x_usart.o(.text)
    USART_ClockInit                          0x080043c1   Thumb Code    34  stm32f10x_usart.o(.text)
    USART_ClockStructInit                    0x080043e3   Thumb Code    12  stm32f10x_usart.o(.text)
    USART_Cmd                                0x080043ef   Thumb Code    24  stm32f10x_usart.o(.text)
    USART_ITConfig                           0x08004407   Thumb Code    74  stm32f10x_usart.o(.text)
    USART_DMACmd                             0x08004451   Thumb Code    18  stm32f10x_usart.o(.text)
    USART_SetAddress                         0x08004463   Thumb Code    18  stm32f10x_usart.o(.text)
    USART_WakeUpConfig                       0x08004475   Thumb Code    18  stm32f10x_usart.o(.text)
    USART_ReceiverWakeUpCmd                  0x08004487   Thumb Code    24  stm32f10x_usart.o(.text)
    USART_LINBreakDetectLengthConfig         0x0800449f   Thumb Code    18  stm32f10x_usart.o(.text)
    USART_LINCmd                             0x080044b1   Thumb Code    24  stm32f10x_usart.o(.text)
    USART_SendData                           0x080044c9   Thumb Code     8  stm32f10x_usart.o(.text)
    USART_ReceiveData                        0x080044d1   Thumb Code    10  stm32f10x_usart.o(.text)
    USART_SendBreak                          0x080044db   Thumb Code    10  stm32f10x_usart.o(.text)
    USART_SetGuardTime                       0x080044e5   Thumb Code    16  stm32f10x_usart.o(.text)
    USART_SetPrescaler                       0x080044f5   Thumb Code    16  stm32f10x_usart.o(.text)
    USART_SmartCardCmd                       0x08004505   Thumb Code    24  stm32f10x_usart.o(.text)
    USART_SmartCardNACKCmd                   0x0800451d   Thumb Code    24  stm32f10x_usart.o(.text)
    USART_HalfDuplexCmd                      0x08004535   Thumb Code    24  stm32f10x_usart.o(.text)
    USART_OverSampling8Cmd                   0x0800454d   Thumb Code    22  stm32f10x_usart.o(.text)
    USART_OneBitMethodCmd                    0x08004563   Thumb Code    24  stm32f10x_usart.o(.text)
    USART_IrDAConfig                         0x0800457b   Thumb Code    18  stm32f10x_usart.o(.text)
    USART_IrDACmd                            0x0800458d   Thumb Code    24  stm32f10x_usart.o(.text)
    USART_GetFlagStatus                      0x080045a5   Thumb Code    26  stm32f10x_usart.o(.text)
    USART_ClearFlag                          0x080045bf   Thumb Code    18  stm32f10x_usart.o(.text)
    USART_GetITStatus                        0x080045d1   Thumb Code    84  stm32f10x_usart.o(.text)
    USART_ClearITPendingBit                  0x08004625   Thumb Code    52  stm32f10x_usart.o(.text)
    RCC_DeInit                               0x08004659   Thumb Code    64  stm32f10x_rcc.o(.text)
    RCC_HSEConfig                            0x08004699   Thumb Code    70  stm32f10x_rcc.o(.text)
    RCC_GetFlagStatus                        0x080046df   Thumb Code    56  stm32f10x_rcc.o(.text)
    RCC_WaitForHSEStartUp                    0x08004717   Thumb Code    56  stm32f10x_rcc.o(.text)
    RCC_AdjustHSICalibrationValue            0x0800474f   Thumb Code    20  stm32f10x_rcc.o(.text)
    RCC_HSICmd                               0x08004763   Thumb Code     6  stm32f10x_rcc.o(.text)
    RCC_PLLConfig                            0x08004769   Thumb Code    24  stm32f10x_rcc.o(.text)
    RCC_PLLCmd                               0x08004781   Thumb Code     6  stm32f10x_rcc.o(.text)
    RCC_SYSCLKConfig                         0x08004787   Thumb Code    18  stm32f10x_rcc.o(.text)
    RCC_GetSYSCLKSource                      0x08004799   Thumb Code    10  stm32f10x_rcc.o(.text)
    RCC_HCLKConfig                           0x080047a3   Thumb Code    18  stm32f10x_rcc.o(.text)
    RCC_PCLK1Config                          0x080047b5   Thumb Code    18  stm32f10x_rcc.o(.text)
    RCC_PCLK2Config                          0x080047c7   Thumb Code    20  stm32f10x_rcc.o(.text)
    RCC_ITConfig                             0x080047db   Thumb Code    26  stm32f10x_rcc.o(.text)
    RCC_USBCLKConfig                         0x080047f5   Thumb Code     8  stm32f10x_rcc.o(.text)
    RCC_ADCCLKConfig                         0x080047fd   Thumb Code    18  stm32f10x_rcc.o(.text)
    RCC_LSEConfig                            0x0800480f   Thumb Code    50  stm32f10x_rcc.o(.text)
    RCC_LSICmd                               0x08004841   Thumb Code     6  stm32f10x_rcc.o(.text)
    RCC_RTCCLKConfig                         0x08004847   Thumb Code    12  stm32f10x_rcc.o(.text)
    RCC_RTCCLKCmd                            0x08004853   Thumb Code     8  stm32f10x_rcc.o(.text)
    RCC_GetClocksFreq                        0x0800485b   Thumb Code   192  stm32f10x_rcc.o(.text)
    RCC_AHBPeriphClockCmd                    0x0800491b   Thumb Code    26  stm32f10x_rcc.o(.text)
    RCC_APB2PeriphClockCmd                   0x08004935   Thumb Code    26  stm32f10x_rcc.o(.text)
    RCC_APB1PeriphClockCmd                   0x0800494f   Thumb Code    26  stm32f10x_rcc.o(.text)
    RCC_APB2PeriphResetCmd                   0x08004969   Thumb Code    26  stm32f10x_rcc.o(.text)
    RCC_APB1PeriphResetCmd                   0x08004983   Thumb Code    26  stm32f10x_rcc.o(.text)
    RCC_BackupResetCmd                       0x0800499d   Thumb Code     8  stm32f10x_rcc.o(.text)
    RCC_ClockSecuritySystemCmd               0x080049a5   Thumb Code     6  stm32f10x_rcc.o(.text)
    RCC_MCOConfig                            0x080049ab   Thumb Code     6  stm32f10x_rcc.o(.text)
    RCC_ClearFlag                            0x080049b1   Thumb Code    14  stm32f10x_rcc.o(.text)
    RCC_GetITStatus                          0x080049bf   Thumb Code    20  stm32f10x_rcc.o(.text)
    RCC_ClearITPendingBit                    0x080049d3   Thumb Code     6  stm32f10x_rcc.o(.text)
    TIM_DeInit                               0x080049fd   Thumb Code   424  stm32f10x_tim.o(.text)
    TIM_TimeBaseInit                         0x08004ba5   Thumb Code   122  stm32f10x_tim.o(.text)
    TIM_OC1Init                              0x08004c1f   Thumb Code   132  stm32f10x_tim.o(.text)
    TIM_OC2Init                              0x08004ca3   Thumb Code   154  stm32f10x_tim.o(.text)
    TIM_OC3Init                              0x08004d3d   Thumb Code   150  stm32f10x_tim.o(.text)
    TIM_OC4Init                              0x08004dd3   Thumb Code   182  stm32f10x_tim.o(.text)
    TIM_SetIC4Prescaler                      0x08004e89   Thumb Code    26  stm32f10x_tim.o(.text)
    TIM_SetIC3Prescaler                      0x08004f25   Thumb Code    18  stm32f10x_tim.o(.text)
    TIM_SetIC2Prescaler                      0x08004fb1   Thumb Code    26  stm32f10x_tim.o(.text)
    TIM_SetIC1Prescaler                      0x0800504d   Thumb Code    18  stm32f10x_tim.o(.text)
    TIM_ICInit                               0x080050cb   Thumb Code   150  stm32f10x_tim.o(.text)
    TIM_PWMIConfig                           0x08005161   Thumb Code   124  stm32f10x_tim.o(.text)
    TIM_BDTRConfig                           0x080051dd   Thumb Code    32  stm32f10x_tim.o(.text)
    TIM_TimeBaseStructInit                   0x080051fd   Thumb Code    18  stm32f10x_tim.o(.text)
    TIM_OCStructInit                         0x0800520f   Thumb Code    20  stm32f10x_tim.o(.text)
    TIM_ICStructInit                         0x08005223   Thumb Code    18  stm32f10x_tim.o(.text)
    TIM_BDTRStructInit                       0x08005235   Thumb Code    40  stm32f10x_tim.o(.text)
    TIM_Cmd                                  0x0800525d   Thumb Code    24  stm32f10x_tim.o(.text)
    TIM_CtrlPWMOutputs                       0x08005275   Thumb Code    30  stm32f10x_tim.o(.text)
    TIM_ITConfig                             0x08005293   Thumb Code    18  stm32f10x_tim.o(.text)
    TIM_GenerateEvent                        0x080052a5   Thumb Code     4  stm32f10x_tim.o(.text)
    TIM_DMAConfig                            0x080052a9   Thumb Code    10  stm32f10x_tim.o(.text)
    TIM_DMACmd                               0x080052b3   Thumb Code    18  stm32f10x_tim.o(.text)
    TIM_InternalClockConfig                  0x080052c5   Thumb Code    12  stm32f10x_tim.o(.text)
    TIM_SelectInputTrigger                   0x080052d1   Thumb Code    18  stm32f10x_tim.o(.text)
    TIM_ITRxExternalClockConfig              0x080052e3   Thumb Code    24  stm32f10x_tim.o(.text)
    TIM_TIxExternalClockConfig               0x080052fb   Thumb Code    62  stm32f10x_tim.o(.text)
    TIM_ETRConfig                            0x08005339   Thumb Code    28  stm32f10x_tim.o(.text)
    TIM_ETRClockMode1Config                  0x08005355   Thumb Code    54  stm32f10x_tim.o(.text)
    TIM_ETRClockMode2Config                  0x0800538b   Thumb Code    32  stm32f10x_tim.o(.text)
    TIM_PrescalerConfig                      0x080053ab   Thumb Code     6  stm32f10x_tim.o(.text)
    TIM_CounterModeConfig                    0x080053b1   Thumb Code    18  stm32f10x_tim.o(.text)
    TIM_EncoderInterfaceConfig               0x080053c3   Thumb Code    66  stm32f10x_tim.o(.text)
    TIM_ForcedOC1Config                      0x08005405   Thumb Code    18  stm32f10x_tim.o(.text)
    TIM_ForcedOC2Config                      0x08005417   Thumb Code    26  stm32f10x_tim.o(.text)
    TIM_ForcedOC3Config                      0x08005431   Thumb Code    18  stm32f10x_tim.o(.text)
    TIM_ForcedOC4Config                      0x08005443   Thumb Code    26  stm32f10x_tim.o(.text)
    TIM_ARRPreloadConfig                     0x0800545d   Thumb Code    24  stm32f10x_tim.o(.text)
    TIM_SelectCOM                            0x08005475   Thumb Code    24  stm32f10x_tim.o(.text)
    TIM_SelectCCDMA                          0x0800548d   Thumb Code    24  stm32f10x_tim.o(.text)
    TIM_CCPreloadControl                     0x080054a5   Thumb Code    24  stm32f10x_tim.o(.text)
    TIM_OC1PreloadConfig                     0x080054bd   Thumb Code    18  stm32f10x_tim.o(.text)
    TIM_OC2PreloadConfig                     0x080054cf   Thumb Code    26  stm32f10x_tim.o(.text)
    TIM_OC3PreloadConfig                     0x080054e9   Thumb Code    18  stm32f10x_tim.o(.text)
    TIM_OC4PreloadConfig                     0x080054fb   Thumb Code    26  stm32f10x_tim.o(.text)
    TIM_OC1FastConfig                        0x08005515   Thumb Code    18  stm32f10x_tim.o(.text)
    TIM_OC2FastConfig                        0x08005527   Thumb Code    26  stm32f10x_tim.o(.text)
    TIM_OC3FastConfig                        0x08005541   Thumb Code    18  stm32f10x_tim.o(.text)
    TIM_OC4FastConfig                        0x08005553   Thumb Code    26  stm32f10x_tim.o(.text)
    TIM_ClearOC1Ref                          0x0800556d   Thumb Code    18  stm32f10x_tim.o(.text)
    TIM_ClearOC2Ref                          0x0800557f   Thumb Code    24  stm32f10x_tim.o(.text)
    TIM_ClearOC3Ref                          0x08005597   Thumb Code    18  stm32f10x_tim.o(.text)
    TIM_ClearOC4Ref                          0x080055a9   Thumb Code    24  stm32f10x_tim.o(.text)
    TIM_OC1PolarityConfig                    0x080055c1   Thumb Code    18  stm32f10x_tim.o(.text)
    TIM_OC1NPolarityConfig                   0x080055d3   Thumb Code    18  stm32f10x_tim.o(.text)
    TIM_OC2PolarityConfig                    0x080055e5   Thumb Code    26  stm32f10x_tim.o(.text)
    TIM_OC2NPolarityConfig                   0x080055ff   Thumb Code    26  stm32f10x_tim.o(.text)
    TIM_OC3PolarityConfig                    0x08005619   Thumb Code    26  stm32f10x_tim.o(.text)
    TIM_OC3NPolarityConfig                   0x08005633   Thumb Code    26  stm32f10x_tim.o(.text)
    TIM_OC4PolarityConfig                    0x0800564d   Thumb Code    26  stm32f10x_tim.o(.text)
    TIM_CCxCmd                               0x08005667   Thumb Code    30  stm32f10x_tim.o(.text)
    TIM_CCxNCmd                              0x08005685   Thumb Code    30  stm32f10x_tim.o(.text)
    TIM_SelectOCxM                           0x080056a3   Thumb Code    82  stm32f10x_tim.o(.text)
    TIM_UpdateDisableConfig                  0x080056f5   Thumb Code    24  stm32f10x_tim.o(.text)
    TIM_UpdateRequestConfig                  0x0800570d   Thumb Code    24  stm32f10x_tim.o(.text)
    TIM_SelectHallSensor                     0x08005725   Thumb Code    24  stm32f10x_tim.o(.text)
    TIM_SelectOnePulseMode                   0x0800573d   Thumb Code    18  stm32f10x_tim.o(.text)
    TIM_SelectOutputTrigger                  0x0800574f   Thumb Code    18  stm32f10x_tim.o(.text)
    TIM_SelectSlaveMode                      0x08005761   Thumb Code    18  stm32f10x_tim.o(.text)
    TIM_SelectMasterSlaveMode                0x08005773   Thumb Code    18  stm32f10x_tim.o(.text)
    TIM_SetCounter                           0x08005785   Thumb Code     4  stm32f10x_tim.o(.text)
    TIM_SetAutoreload                        0x08005789   Thumb Code     4  stm32f10x_tim.o(.text)
    TIM_SetCompare1                          0x0800578d   Thumb Code     4  stm32f10x_tim.o(.text)
    TIM_SetCompare2                          0x08005791   Thumb Code     4  stm32f10x_tim.o(.text)
    TIM_SetCompare3                          0x08005795   Thumb Code     4  stm32f10x_tim.o(.text)
    TIM_SetCompare4                          0x08005799   Thumb Code     6  stm32f10x_tim.o(.text)
    TIM_SetClockDivision                     0x0800579f   Thumb Code    18  stm32f10x_tim.o(.text)
    TIM_GetCapture1                          0x080057b1   Thumb Code     6  stm32f10x_tim.o(.text)
    TIM_GetCapture2                          0x080057b7   Thumb Code     6  stm32f10x_tim.o(.text)
    TIM_GetCapture3                          0x080057bd   Thumb Code     6  stm32f10x_tim.o(.text)
    TIM_GetCapture4                          0x080057c3   Thumb Code     8  stm32f10x_tim.o(.text)
    TIM_GetCounter                           0x080057cb   Thumb Code     6  stm32f10x_tim.o(.text)
    TIM_GetPrescaler                         0x080057d1   Thumb Code     6  stm32f10x_tim.o(.text)
    TIM_GetFlagStatus                        0x080057d7   Thumb Code    18  stm32f10x_tim.o(.text)
    TIM_ClearFlag                            0x080057e9   Thumb Code     6  stm32f10x_tim.o(.text)
    TIM_GetITStatus                          0x080057ef   Thumb Code    34  stm32f10x_tim.o(.text)
    TIM_ClearITPendingBit                    0x08005811   Thumb Code     6  stm32f10x_tim.o(.text)
    EXTI_DeInit                              0x08005819   Thumb Code    28  stm32f10x_exti.o(.text)
    EXTI_Init                                0x08005835   Thumb Code   142  stm32f10x_exti.o(.text)
    EXTI_StructInit                          0x080058c3   Thumb Code    16  stm32f10x_exti.o(.text)
    EXTI_GenerateSWInterrupt                 0x080058d3   Thumb Code    16  stm32f10x_exti.o(.text)
    EXTI_GetFlagStatus                       0x080058e3   Thumb Code    22  stm32f10x_exti.o(.text)
    EXTI_ClearFlag                           0x080058f9   Thumb Code     8  stm32f10x_exti.o(.text)
    EXTI_GetITStatus                         0x08005901   Thumb Code    34  stm32f10x_exti.o(.text)
    EXTI_ClearITPendingBit                   0x08005923   Thumb Code     8  stm32f10x_exti.o(.text)
    FLASH_SetLatency                         0x08005935   Thumb Code    18  stm32f10x_flash.o(.text)
    FLASH_HalfCycleAccessCmd                 0x08005947   Thumb Code    22  stm32f10x_flash.o(.text)
    FLASH_PrefetchBufferCmd                  0x0800595d   Thumb Code    22  stm32f10x_flash.o(.text)
    FLASH_Unlock                             0x08005973   Thumb Code    12  stm32f10x_flash.o(.text)
    FLASH_UnlockBank1                        0x0800597f   Thumb Code    12  stm32f10x_flash.o(.text)
    FLASH_Lock                               0x0800598b   Thumb Code    14  stm32f10x_flash.o(.text)
    FLASH_LockBank1                          0x08005999   Thumb Code    14  stm32f10x_flash.o(.text)
    FLASH_GetBank1Status                     0x080059a7   Thumb Code    48  stm32f10x_flash.o(.text)
    FLASH_WaitForLastOperation               0x080059d7   Thumb Code    38  stm32f10x_flash.o(.text)
    FLASH_ErasePage                          0x080059fd   Thumb Code    72  stm32f10x_flash.o(.text)
    FLASH_EraseAllPages                      0x08005a45   Thumb Code    68  stm32f10x_flash.o(.text)
    FLASH_WaitForLastBank1Operation          0x08005a89   Thumb Code    38  stm32f10x_flash.o(.text)
    FLASH_EraseAllBank1Pages                 0x08005aaf   Thumb Code    68  stm32f10x_flash.o(.text)
    FLASH_GetReadOutProtectionStatus         0x08005af3   Thumb Code    20  stm32f10x_flash.o(.text)
    FLASH_EraseOptionBytes                   0x08005b07   Thumb Code   150  stm32f10x_flash.o(.text)
    FLASH_ProgramWord                        0x08005b9d   Thumb Code   102  stm32f10x_flash.o(.text)
    FLASH_ProgramHalfWord                    0x08005c03   Thumb Code    60  stm32f10x_flash.o(.text)
    FLASH_ProgramOptionByteData              0x08005c3f   Thumb Code    72  stm32f10x_flash.o(.text)
    FLASH_EnableWriteProtection              0x08005c87   Thumb Code   200  stm32f10x_flash.o(.text)
    FLASH_ReadOutProtection                  0x08005d4f   Thumb Code   156  stm32f10x_flash.o(.text)
    FLASH_UserOptionByteConfig               0x08005deb   Thumb Code    88  stm32f10x_flash.o(.text)
    FLASH_GetUserOptionByte                  0x08005e43   Thumb Code     8  stm32f10x_flash.o(.text)
    FLASH_GetWriteProtectionOptionByte       0x08005e4b   Thumb Code     6  stm32f10x_flash.o(.text)
    FLASH_GetPrefetchBufferStatus            0x08005e51   Thumb Code    20  stm32f10x_flash.o(.text)
    FLASH_ITConfig                           0x08005e65   Thumb Code    26  stm32f10x_flash.o(.text)
    FLASH_GetFlagStatus                      0x08005e7f   Thumb Code    42  stm32f10x_flash.o(.text)
    FLASH_ClearFlag                          0x08005ea9   Thumb Code     6  stm32f10x_flash.o(.text)
    FLASH_GetStatus                          0x08005eaf   Thumb Code    48  stm32f10x_flash.o(.text)
    __aeabi_memcpy                           0x08005ef1   Thumb Code    36  memcpya.o(.text)
    __aeabi_memcpy4                          0x08005ef1   Thumb Code     0  memcpya.o(.text)
    __aeabi_memcpy8                          0x08005ef1   Thumb Code     0  memcpya.o(.text)
    strlen                                   0x08005f15   Thumb Code    14  strlen.o(.text)
    strcmp                                   0x08005f23   Thumb Code    28  strcmp.o(.text)
    __aeabi_fmul                             0x08005f3f   Thumb Code   100  fmul.o(.text)
    __aeabi_fdiv                             0x08005fa3   Thumb Code   124  fdiv.o(.text)
    __aeabi_dadd                             0x0800601f   Thumb Code   322  dadd.o(.text)
    __aeabi_dsub                             0x08006161   Thumb Code     6  dadd.o(.text)
    __aeabi_drsub                            0x08006167   Thumb Code     6  dadd.o(.text)
    __aeabi_ui2f                             0x0800616d   Thumb Code    10  ffltui.o(.text)
    __aeabi_f2uiz                            0x08006177   Thumb Code    40  ffixui.o(.text)
    __aeabi_f2d                              0x0800619f   Thumb Code    38  f2d.o(.text)
    __aeabi_cdcmpeq                          0x080061c5   Thumb Code     0  cdcmple.o(.text)
    __aeabi_cdcmple                          0x080061c5   Thumb Code    38  cdcmple.o(.text)
    __aeabi_cdrcmple                         0x080061ed   Thumb Code    38  cdrcmple.o(.text)
    __aeabi_d2f                              0x08006215   Thumb Code    56  d2f.o(.text)
    __aeabi_uidiv                            0x0800624d   Thumb Code     0  uidiv.o(.text)
    __aeabi_uidivmod                         0x0800624d   Thumb Code    44  uidiv.o(.text)
    __aeabi_uldivmod                         0x08006279   Thumb Code    98  uldiv.o(.text)
    __aeabi_llsl                             0x080062db   Thumb Code    30  llshl.o(.text)
    _ll_shift_l                              0x080062db   Thumb Code     0  llshl.o(.text)
    __aeabi_lasr                             0x080062f9   Thumb Code    36  llsshr.o(.text)
    _ll_sshift_r                             0x080062f9   Thumb Code     0  llsshr.o(.text)
    __I$use$fp                               0x0800631d   Thumb Code     0  iusefp.o(.text)
    _float_round                             0x0800631d   Thumb Code    18  fepilogue.o(.text)
    _float_epilogue                          0x0800632f   Thumb Code    92  fepilogue.o(.text)
    _double_round                            0x0800638b   Thumb Code    26  depilogue.o(.text)
    _double_epilogue                         0x080063a5   Thumb Code   156  depilogue.o(.text)
    __aeabi_dmul                             0x08006441   Thumb Code   228  dmul.o(.text)
    __aeabi_ddiv                             0x08006525   Thumb Code   222  ddiv.o(.text)
    __aeabi_d2ulz                            0x08006603   Thumb Code    48  dfixul.o(.text)
    __scatterload                            0x08006635   Thumb Code    28  init.o(.text)
    __scatterload_rt2                        0x08006635   Thumb Code     0  init.o(.text)
    __aeabi_llsr                             0x08006659   Thumb Code    32  llushr.o(.text)
    _ll_ushift_r                             0x08006659   Thumb Code     0  llushr.o(.text)
    __decompress                             0x08006679   Thumb Code     0  __dczerorl2.o(.text)
    __decompress1                            0x08006679   Thumb Code    86  __dczerorl2.o(.text)
    __0sprintf                               0x080066d1   Thumb Code    34  printfa.o(i.__0sprintf)
    __1sprintf                               0x080066d1   Thumb Code     0  printfa.o(i.__0sprintf)
    __2sprintf                               0x080066d1   Thumb Code     0  printfa.o(i.__0sprintf)
    __c89sprintf                             0x080066d1   Thumb Code     0  printfa.o(i.__0sprintf)
    sprintf                                  0x080066d1   Thumb Code     0  printfa.o(i.__0sprintf)
    __scatterload_copy                       0x080066f9   Thumb Code    14  handlers.o(i.__scatterload_copy)
    __scatterload_null                       0x08006707   Thumb Code     2  handlers.o(i.__scatterload_null)
    __scatterload_zeroinit                   0x08006709   Thumb Code    14  handlers.o(i.__scatterload_zeroinit)
    Region$$Table$$Base                      0x08006fb4   Number         0  anon$$obj.o(Region$$Table)
    Region$$Table$$Limit                     0x08006fd4   Number         0  anon$$obj.o(Region$$Table)
    SystemCoreClock                          0x20000000   Data           4  system_stm32f10x.o(.data)
    AHBPrescTable                            0x20000004   Data          16  system_stm32f10x.o(.data)
    head                                     0x20000110   Data          12  hmi_process.o(.data)
    current_number                           0x2000011c   Data           4  hmi_process.o(.data)
    dir_flag                                 0x20000120   Data           1  hmi_process.o(.data)
    Find_flag                                0x20000121   Data           1  hmi_process.o(.data)
    find_begin_number                        0x20000124   Data           4  hmi_process.o(.data)
    find_cur_begin_number                    0x20000128   Data           4  hmi_process.o(.data)
    find_cur_end_number                      0x2000012c   Data           4  hmi_process.o(.data)
    find_end_number                          0x20000130   Data           4  hmi_process.o(.data)
    current_show_speed                       0x20000134   Data           4  hmi_process.o(.data)
    motor_open_flag                          0x20000138   Data           1  hmi_process.o(.data)
    elevator                                 0x20000222   Data        7500  hmi_process.o(.bss)
    Match_Register_Code                      0x20001f6e   Data          20  hmi_process.o(.bss)
    Match_Factory_Numbe                      0x20001f82   Data          10  hmi_process.o(.bss)
    Match_Date                               0x20001f8c   Data          15  hmi_process.o(.bss)
    STMFLASH_BUF                             0x20001f9c   Data        1024  stmflash.o(.bss)
    __initial_sp                             0x200027a0   Data           0  startup_stm32f10x_hd.o(STACK)



==============================================================================

Memory Map of the image

  Image Entry point : 0x08000131

  Load Region LR_IROM1 (Base: 0x08000000, Size: 0x00007128, Max: 0x00020000, ABSOLUTE, COMPRESSED[0x00007078])

    Execution Region ER_IROM1 (Base: 0x08000000, Size: 0x00006fd4, Max: 0x00020000, ABSOLUTE)

    Base Addr    Size         Type   Attr      Idx    E Section Name        Object

    0x08000000   0x00000130   Data   RO          370    RESET               startup_stm32f10x_hd.o
    0x08000130   0x00000000   Code   RO          509  * .ARM.Collect$$$$00000000  mc_w.l(entry.o)
    0x08000130   0x00000004   Code   RO          799    .ARM.Collect$$$$00000001  mc_w.l(entry2.o)
    0x08000134   0x00000004   Code   RO          802    .ARM.Collect$$$$00000004  mc_w.l(entry5.o)
    0x08000138   0x00000000   Code   RO          804    .ARM.Collect$$$$00000008  mc_w.l(entry7b.o)
    0x08000138   0x00000000   Code   RO          806    .ARM.Collect$$$$0000000A  mc_w.l(entry8b.o)
    0x08000138   0x00000008   Code   RO          807    .ARM.Collect$$$$0000000B  mc_w.l(entry9a.o)
    0x08000140   0x00000000   Code   RO          809    .ARM.Collect$$$$0000000D  mc_w.l(entry10a.o)
    0x08000140   0x00000000   Code   RO          811    .ARM.Collect$$$$0000000F  mc_w.l(entry11a.o)
    0x08000140   0x00000004   Code   RO          800    .ARM.Collect$$$$00002712  mc_w.l(entry2.o)
    0x08000144   0x0000001a   Code   RO            1    .text               stm32f10x_it.o
    0x0800015e   0x00000002   PAD
    0x08000160   0x000001e0   Code   RO          104    .text               system_stm32f10x.o
    0x08000340   0x00000020   Code   RO          122    .text               main.o
    0x08000360   0x0000036c   Code   RO          200    .text               motor.o
    0x080006cc   0x00000070   Code   RO          215    .text               qr701_printer.o
    0x0800073c   0x00001a70   Code   RO          232    .text               hmi_driver.o
    0x080021ac   0x00000108   Code   RO          246    .text               cmd_queue.o
    0x080022b4   0x000016c0   Code   RO          261    .text               hmi_process.o
    0x08003974   0x000000d4   Code   RO          280    .text               delay.o
    0x08003a48   0x00000100   Code   RO          294    .text               hard_pwm.o
    0x08003b48   0x00000138   Code   RO          306    .text               stmflash.o
    0x08003c80   0x00000082   Code   RO          321    .text               pin.o
    0x08003d02   0x0000006a   Code   RO          333    .text               usartx.o
    0x08003d6c   0x00000088   Code   RO          345    .text               timer.o
    0x08003df4   0x00000024   Code   RO          371    .text               startup_stm32f10x_hd.o
    0x08003e18   0x000000dc   Code   RO          375    .text               misc.o
    0x08003ef4   0x0000035c   Code   RO          411    .text               stm32f10x_gpio.o
    0x08004250   0x00000408   Code   RO          423    .text               stm32f10x_usart.o
    0x08004658   0x000003a4   Code   RO          447    .text               stm32f10x_rcc.o
    0x080049fc   0x00000e1a   Code   RO          461    .text               stm32f10x_tim.o
    0x08005816   0x00000002   PAD
    0x08005818   0x0000011c   Code   RO          485    .text               stm32f10x_exti.o
    0x08005934   0x000005bc   Code   RO          497    .text               stm32f10x_flash.o
    0x08005ef0   0x00000024   Code   RO          512    .text               mc_w.l(memcpya.o)
    0x08005f14   0x0000000e   Code   RO          514    .text               mc_w.l(strlen.o)
    0x08005f22   0x0000001c   Code   RO          516    .text               mc_w.l(strcmp.o)
    0x08005f3e   0x00000064   Code   RO          781    .text               mf_w.l(fmul.o)
    0x08005fa2   0x0000007c   Code   RO          783    .text               mf_w.l(fdiv.o)
    0x0800601e   0x0000014e   Code   RO          785    .text               mf_w.l(dadd.o)
    0x0800616c   0x0000000a   Code   RO          787    .text               mf_w.l(ffltui.o)
    0x08006176   0x00000028   Code   RO          789    .text               mf_w.l(ffixui.o)
    0x0800619e   0x00000026   Code   RO          791    .text               mf_w.l(f2d.o)
    0x080061c4   0x00000028   Code   RO          793    .text               mf_w.l(cdcmple.o)
    0x080061ec   0x00000028   Code   RO          795    .text               mf_w.l(cdrcmple.o)
    0x08006214   0x00000038   Code   RO          797    .text               mf_w.l(d2f.o)
    0x0800624c   0x0000002c   Code   RO          816    .text               mc_w.l(uidiv.o)
    0x08006278   0x00000062   Code   RO          818    .text               mc_w.l(uldiv.o)
    0x080062da   0x0000001e   Code   RO          820    .text               mc_w.l(llshl.o)
    0x080062f8   0x00000024   Code   RO          822    .text               mc_w.l(llsshr.o)
    0x0800631c   0x00000000   Code   RO          824    .text               mc_w.l(iusefp.o)
    0x0800631c   0x0000006e   Code   RO          825    .text               mf_w.l(fepilogue.o)
    0x0800638a   0x000000b6   Code   RO          827    .text               mf_w.l(depilogue.o)
    0x08006440   0x000000e4   Code   RO          829    .text               mf_w.l(dmul.o)
    0x08006524   0x000000de   Code   RO          831    .text               mf_w.l(ddiv.o)
    0x08006602   0x00000030   Code   RO          833    .text               mf_w.l(dfixul.o)
    0x08006632   0x00000002   PAD
    0x08006634   0x00000024   Code   RO          835    .text               mc_w.l(init.o)
    0x08006658   0x00000020   Code   RO          838    .text               mc_w.l(llushr.o)
    0x08006678   0x00000056   Code   RO          849    .text               mc_w.l(__dczerorl2.o)
    0x080066ce   0x00000002   PAD
    0x080066d0   0x00000028   Code   RO          755    i.__0sprintf        mc_w.l(printfa.o)
    0x080066f8   0x0000000e   Code   RO          843    i.__scatterload_copy  mc_w.l(handlers.o)
    0x08006706   0x00000002   Code   RO          844    i.__scatterload_null  mc_w.l(handlers.o)
    0x08006708   0x0000000e   Code   RO          845    i.__scatterload_zeroinit  mc_w.l(handlers.o)
    0x08006716   0x00000002   PAD
    0x08006718   0x00000164   Code   RO          760    i._fp_digits        mc_w.l(printfa.o)
    0x0800687c   0x000006dc   Code   RO          761    i._printf_core      mc_w.l(printfa.o)
    0x08006f58   0x00000024   Code   RO          762    i._printf_post_padding  mc_w.l(printfa.o)
    0x08006f7c   0x0000002e   Code   RO          763    i._printf_pre_padding  mc_w.l(printfa.o)
    0x08006faa   0x0000000a   Code   RO          765    i._sputc            mc_w.l(printfa.o)
    0x08006fb4   0x00000020   Data   RO          841    Region$$Table       anon$$obj.o


    Execution Region RW_IRAM1 (Base: 0x20000000, Size: 0x000027a0, Max: 0x00005000, ABSOLUTE, COMPRESSED[0x000000a4])

    Base Addr    Size         Type   Attr      Idx    E Section Name        Object

    0x20000000   0x00000014   Data   RW          105    .data               system_stm32f10x.o
    0x20000014   0x00000098   Data   RW          202    .data               motor.o
    0x200000ac   0x00000028   Data   RW          216    .data               qr701_printer.o
    0x200000d4   0x00000034   Data   RW          233    .data               hmi_driver.o
    0x20000108   0x00000006   Data   RW          248    .data               cmd_queue.o
    0x2000010e   0x00000002   PAD
    0x20000110   0x00000029   Data   RW          263    .data               hmi_process.o
    0x20000139   0x00000001   PAD
    0x2000013a   0x00000004   Data   RW          281    .data               delay.o
    0x2000013e   0x00000014   Data   RW          448    .data               stm32f10x_rcc.o
    0x20000152   0x00000002   PAD
    0x20000154   0x00000064   Zero   RW          201    .bss                motor.o
    0x200001b8   0x00000054   Zero   RW          247    .bss                cmd_queue.o
    0x2000020c   0x00001d8f   Zero   RW          262    .bss                hmi_process.o
    0x20001f9b   0x00000001   PAD
    0x20001f9c   0x00000400   Zero   RW          307    .bss                stmflash.o
    0x2000239c   0x00000004   PAD
    0x200023a0   0x00000400   Zero   RW          368    STACK               startup_stm32f10x_hd.o


==============================================================================

Image component sizes


      Code (inc. data)   RO Data    RW Data    ZI Data      Debug   Object Name

       264         12          0          6         84       1928   cmd_queue.o
         0          0          0          0          0         32   core_cm3.o
       212         18          0          4          0       1059   delay.o
       256          0          0          0          0       1591   hard_pwm.o
      6768          8          0         52          0      24019   hmi_driver.o
      5824        672          0         41       7567       8546   hmi_process.o
        32          0          0          0          0     211107   main.o
       220         22          0          0          0       1865   misc.o
       876         60          0        152        100       3315   motor.o
       130          0          0          0          0       1105   pin.o
       112          4          0         40          0       1625   qr701_printer.o
        36          8        304          0       1024        796   startup_stm32f10x_hd.o
       284         10          0          0          0       2295   stm32f10x_exti.o
      1468         34          0          0          0       8098   stm32f10x_flash.o
       860         38          0          0          0       5709   stm32f10x_gpio.o
        26          0          0          0          0      55498   stm32f10x_it.o
       932         36          0         20          0       8912   stm32f10x_rcc.o
      3610         88          0          0          0      22192   stm32f10x_tim.o
      1032         22          0          0          0       8436   stm32f10x_usart.o
       312          8          0          0       1024       2286   stmflash.o
       480         38          0         20          0       1839   system_stm32f10x.o
       136          0          0          0          0       1567   timer.o
       106          0          0          0          0        970   usartx.o

    ----------------------------------------------------------------------
     23980       1078        336        340       9804     374790   Object Totals
         0          0         32          0          0          0   (incl. Generated)
         4          0          0          5          5          0   (incl. Padding)

    ----------------------------------------------------------------------

      Code (inc. data)   RO Data    RW Data    ZI Data      Debug   Library Member Name

        86          0          0          0          0          0   __dczerorl2.o
         0          0          0          0          0          0   entry.o
         0          0          0          0          0          0   entry10a.o
         0          0          0          0          0          0   entry11a.o
         8          4          0          0          0          0   entry2.o
         4          0          0          0          0          0   entry5.o
         0          0          0          0          0          0   entry7b.o
         0          0          0          0          0          0   entry8b.o
         8          4          0          0          0          0   entry9a.o
        30          0          0          0          0          0   handlers.o
        36          8          0          0          0         68   init.o
         0          0          0          0          0          0   iusefp.o
        30          0          0          0          0         68   llshl.o
        36          0          0          0          0         68   llsshr.o
        32          0          0          0          0         68   llushr.o
        36          0          0          0          0         68   memcpya.o
      2244         86          0          0          0        512   printfa.o
        28          0          0          0          0         76   strcmp.o
        14          0          0          0          0         68   strlen.o
        44          0          0          0          0         80   uidiv.o
        98          0          0          0          0         92   uldiv.o
        40          2          0          0          0         68   cdcmple.o
        40          2          0          0          0         68   cdrcmple.o
        56          0          0          0          0         88   d2f.o
       334          0          0          0          0        148   dadd.o
       222          0          0          0          0        100   ddiv.o
       182          0          0          0          0        176   depilogue.o
        48          0          0          0          0         68   dfixul.o
       228          0          0          0          0         96   dmul.o
        38          0          0          0          0         68   f2d.o
       124          0          0          0          0         88   fdiv.o
       110          0          0          0          0        168   fepilogue.o
        40          0          0          0          0         68   ffixui.o
        10          0          0          0          0         68   ffltui.o
       100          0          0          0          0         76   fmul.o

    ----------------------------------------------------------------------
      4312        106          0          0          0       2516   Library Totals
         6          0          0          0          0          0   (incl. Padding)

    ----------------------------------------------------------------------

      Code (inc. data)   RO Data    RW Data    ZI Data      Debug   Library Name

      2734        102          0          0          0       1168   mc_w.l
      1572          4          0          0          0       1348   mf_w.l

    ----------------------------------------------------------------------
      4312        106          0          0          0       2516   Library Totals

    ----------------------------------------------------------------------

==============================================================================


      Code (inc. data)   RO Data    RW Data    ZI Data      Debug   

     28292       1184        336        340       9804     374262   Grand Totals
     28292       1184        336        164       9804     374262   ELF Image Totals (compressed)
     28292       1184        336        164          0          0   ROM Totals

==============================================================================

    Total RO  Size (Code + RO Data)                28628 (  27.96kB)
    Total RW  Size (RW Data + ZI Data)             10144 (   9.91kB)
    Total ROM Size (Code + RO Data + RW Data)      28792 (  28.12kB)

==============================================================================

