Product: MDK-ARM Professional 5.10
Component: ARM Compiler 5.04 update 1 (build 49)
Tool: armlink [5040049]

==============================================================================

Section Cross References

    system_stm32f10x.o(.text) refers to system_stm32f10x.o(.data) for SystemCoreClock
    main.o(.text) refers to delay.o(.text) for delay_init
    main.o(.text) refers to misc.o(.text) for NVIC_PriorityGroupConfig
    main.o(.text) refers to hmi_process.o(.text) for Hmi_init
    main.o(.text) refers to motor.o(.text) for motor_init
    main.o(.text) refers to qr701_printer.o(.text) for printer_init
    motor.o(.text) refers to stm32f10x_rcc.o(.text) for RCC_APB2PeriphClockCmd
    motor.o(.text) refers to hard_pwm.o(.text) for set_pwm_duty
    motor.o(.text) refers to memcpya.o(.text) for __aeabi_memcpy4
    motor.o(.text) refers to pin.o(.text) for Pin_Init
    motor.o(.text) refers to timer.o(.text) for Timerx_Init
    motor.o(.text) refers to stm32f10x_gpio.o(.text) for GPIO_SetBits
    motor.o(.text) refers to stm32f10x_tim.o(.text) for TIM_ClearITPendingBit
    motor.o(.text) refers to ffltui.o(.text) for __aeabi_ui2f
    motor.o(.text) refers to fmul.o(.text) for __aeabi_fmul
    motor.o(.text) refers to fdiv.o(.text) for __aeabi_fdiv
    motor.o(.text) refers to ffixui.o(.text) for __aeabi_f2uiz
    motor.o(.text) refers to stm32f10x_exti.o(.text) for EXTI_GetITStatus
    motor.o(.text) refers to motor.o(.bss) for motor1
    motor.o(.text) refers to motor.o(.data) for motor_feedback
    qr701_printer.o(.text) refers to stm32f10x_rcc.o(.text) for RCC_APB2PeriphClockCmd
    qr701_printer.o(.text) refers to pin.o(.text) for Pin_Init
    qr701_printer.o(.text) refers to usartx.o(.text) for USARTx_Init
    qr701_printer.o(.text) refers to stm32f10x_usart.o(.text) for USART_GetITStatus
    qr701_printer.o(.text) refers to qr701_printer.o(.data) for qr701_printer
    hmi_driver.o(.text) refers to stm32f10x_rcc.o(.text) for RCC_APB2PeriphClockCmd
    hmi_driver.o(.text) refers to pin.o(.text) for Pin_Init
    hmi_driver.o(.text) refers to usartx.o(.text) for USARTx_Init
    hmi_driver.o(.text) refers to timer.o(.text) for Timerx_Init
    hmi_driver.o(.text) refers to stm32f10x_usart.o(.text) for USART_GetITStatus
    hmi_driver.o(.text) refers to cmd_queue.o(.text) for queue_push
    hmi_driver.o(.text) refers to stm32f10x_tim.o(.text) for TIM_GetITStatus
    hmi_driver.o(.text) refers to hmi_driver.o(.data) for hmi_driver
    cmd_queue.o(.text) refers to cmd_queue.o(.bss) for que
    cmd_queue.o(.text) refers to cmd_queue.o(.data) for cmd_state
    hmi_process.o(.text) refers to qr701_printer.o(.text) for SendStringToPrint
    hmi_process.o(.text) refers to printfa.o(i.__0sprintf) for __2sprintf
    hmi_process.o(.text) refers to hmi_process.o(.data) for current_number
    hmi_process.o(.text) refers to hmi_process.o(.bss) for elevator
    hmi_process.o(.text) refers to hmi_driver.o(.text) for SetTextValue
    hmi_process.o(.text) refers to motor.o(.text) for Get_motor_speed
    hmi_process.o(.text) refers to fmul.o(.text) for __aeabi_fmul
    hmi_process.o(.text) refers to ffixui.o(.text) for __aeabi_f2uiz
    hmi_process.o(.text) refers to f2d.o(.text) for __aeabi_f2d
    hmi_process.o(.text) refers to dmul.o(.text) for __aeabi_dmul
    hmi_process.o(.text) refers to cdcmple.o(.text) for __aeabi_cdcmple
    hmi_process.o(.text) refers to cdrcmple.o(.text) for __aeabi_cdrcmple
    hmi_process.o(.text) refers to cfrcmple.o(.text) for __aeabi_cfrcmple
    hmi_process.o(.text) refers to cfcmple.o(.text) for __aeabi_cfcmple
    hmi_process.o(.text) refers to strcmp.o(.text) for strcmp
    hmi_process.o(.text) refers to delay.o(.text) for delay_ms
    hmi_process.o(.text) refers to stmflash.o(.text) for STMFLASH_Write
    hmi_process.o(.text) refers to strlen.o(.text) for strlen
    hmi_process.o(.text) refers to memcpya.o(.text) for __aeabi_memcpy
    hmi_process.o(.text) refers to atof.o(i.atof) for atof
    hmi_process.o(.text) refers to d2f.o(.text) for __aeabi_d2f
    hmi_process.o(.text) refers to ddiv.o(.text) for __aeabi_ddiv
    hmi_process.o(.text) refers to dadd.o(.text) for __aeabi_dadd
    hmi_process.o(.text) refers to cmd_queue.o(.text) for queue_reset
    delay.o(.text) refers to misc.o(.text) for SysTick_CLKSourceConfig
    delay.o(.text) refers to system_stm32f10x.o(.data) for SystemCoreClock
    delay.o(.text) refers to delay.o(.data) for fac_us
    hard_pwm.o(.text) refers to stm32f10x_tim.o(.text) for TIM_TimeBaseInit
    stmflash.o(.text) refers to stm32f10x_flash.o(.text) for FLASH_ProgramHalfWord
    stmflash.o(.text) refers to stmflash.o(.bss) for STMFLASH_BUF
    pin.o(.text) refers to stm32f10x_gpio.o(.text) for GPIO_EXTILineConfig
    pin.o(.text) refers to stm32f10x_exti.o(.text) for EXTI_Init
    pin.o(.text) refers to misc.o(.text) for NVIC_Init
    usartx.o(.text) refers to stm32f10x_usart.o(.text) for USART_DeInit
[...]
    ../clib/microlib/longlong.c              0x00000000   Number         0  llushr.o ABSOLUTE
    ../clib/microlib/longlong.c              0x00000000   Number         0  llsshr.o ABSOLUTE
    ../clib/microlib/longlong.c              0x00000000   Number         0  llshl.o ABSOLUTE
    ../clib/microlib/printf/printf.c         0x00000000   Number         0  printf6.o ABSOLUTE
    ../clib/microlib/printf/printf.c         0x00000000   Number         0  printf7.o ABSOLUTE
    ../clib/microlib/printf/printf.c         0x00000000   Number         0  printf8.o ABSOLUTE
    ../clib/microlib/printf/printf.c         0x00000000   Number         0  printfa.o ABSOLUTE
    ../clib/microlib/printf/printf.c         0x00000000   Number         0  printf0.o ABSOLUTE
    ../clib/microlib/printf/printf.c         0x00000000   Number         0  printfb.o ABSOLUTE
    ../clib/microlib/printf/printf.c         0x00000000   Number         0  printf1.o ABSOLUTE
    ../clib/microlib/printf/printf.c         0x00000000   Number         0  printf2.o ABSOLUTE
    ../clib/microlib/printf/printf.c         0x00000000   Number         0  printf3.o ABSOLUTE
    ../clib/microlib/printf/printf.c         0x00000000   Number         0  printf4.o ABSOLUTE
    ../clib/microlib/printf/printf.c         0x00000000   Number         0  printf5.o ABSOLUTE
    ../clib/microlib/printf/stubs.s          0x00000000   Number         0  stubs.o ABSOLUTE
    ../clib/microlib/stdio/fputc.c           0x00000000   Number         0  fputc.o ABSOLUTE
    ../clib/microlib/stdio/semi.s            0x00000000   Number         0  semi.o ABSOLUTE
    ../clib/microlib/stdio/streams.c         0x00000000   Number         0  stdout.o ABSOLUTE
    ../clib/microlib/string/memcpy.c         0x00000000   Number         0  memcpyb.o ABSOLUTE
    ../clib/microlib/string/memcpy.c         0x00000000   Number         0  memcpya.o ABSOLUTE
    ../clib/microlib/string/strcmp.c         0x00000000   Number         0  strcmp.o ABSOLUTE
    ../clib/microlib/string/strlen.c         0x00000000   Number         0  strlen.o ABSOLUTE
    ../clib/microlib/stubs.s                 0x00000000   Number         0  iusefp.o ABSOLUTE
    ../clib/microlib/stubs.s                 0x00000000   Number         0  iusesemip.o ABSOLUTE
    ../clib/scanf.c                          0x00000000   Number         0  strtod.o ABSOLUTE
    ../clib/scanf.c                          0x00000000   Number         0  _sgetc.o ABSOLUTE
    ../clib/scanf.c                          0x00000000   Number         0  scanf_fp.o ABSOLUTE
    ../fplib/microlib/d2f.c                  0x00000000   Number         0  d2f.o ABSOLUTE
    ../fplib/microlib/f2d.c                  0x00000000   Number         0  f2d.o ABSOLUTE
    ../fplib/microlib/fpadd.c                0x00000000   Number         0  dadd.o ABSOLUTE
    ../fplib/microlib/fpdiv.c                0x00000000   Number         0  ddiv.o ABSOLUTE
    ../fplib/microlib/fpdiv.c                0x00000000   Number         0  fdiv.o ABSOLUTE
    ../fplib/microlib/fpepilogue.c           0x00000000   Number         0  fepilogue.o ABSOLUTE
    ../fplib/microlib/fpepilogue.c           0x00000000   Number         0  depilogue.o ABSOLUTE
    ../fplib/microlib/fpfix.c                0x00000000   Number         0  ffixui.o ABSOLUTE
    ../fplib/microlib/fpfix.c                0x00000000   Number         0  dfixul.o ABSOLUTE
    ../fplib/microlib/fpflt.c                0x00000000   Number         0  ffltui.o ABSOLUTE
    ../fplib/microlib/fpflt.c                0x00000000   Number         0  dfltul.o ABSOLUTE
    ../fplib/microlib/fpmul.c                0x00000000   Number         0  dmul.o ABSOLUTE
    ../fplib/microlib/fpmul.c                0x00000000   Number         0  fmul.o ABSOLUTE
    ../mathlib/atof.c                        0x00000000   Number         0  atof.o ABSOLUTE
    ..\APP\QR701_Printer.c                   0x00000000   Number         0  qr701_printer.o ABSOLUTE
    ..\APP\motor.c                           0x00000000   Number         0  motor.o ABSOLUTE
    ..\CORE\core_cm3.c                       0x00000000   Number         0  core_cm3.o ABSOLUTE
    ..\CORE\startup_stm32f10x_hd.s           0x00000000   Number         0  startup_stm32f10x_hd.o ABSOLUTE
    ..\HMI\cmd_queue.c                       0x00000000   Number         0  cmd_queue.o ABSOLUTE
    ..\HMI\hmi_driver.c                      0x00000000   Number         0  hmi_driver.o ABSOLUTE
    ..\HMI\hmi_process.c                     0x00000000   Number         0  hmi_process.o ABSOLUTE
    ..\STM32F10x_FWLib\src\misc.c            0x00000000   Number         0  misc.o ABSOLUTE
    ..\STM32F10x_FWLib\src\stm32f10x_adc.c   0x00000000   Number         0  stm32f10x_adc.o ABSOLUTE
    ..\STM32F10x_FWLib\src\stm32f10x_dac.c   0x00000000   Number         0  stm32f10x_dac.o ABSOLUTE
    ..\STM32F10x_FWLib\src\stm32f10x_dma.c   0x00000000   Number         0  stm32f10x_dma.o ABSOLUTE
    ..\STM32F10x_FWLib\src\stm32f10x_exti.c  0x00000000   Number         0  stm32f10x_exti.o ABSOLUTE
    ..\STM32F10x_FWLib\src\stm32f10x_flash.c 0x00000000   Number         0  stm32f10x_flash.o ABSOLUTE
    ..\STM32F10x_FWLib\src\stm32f10x_fsmc.c  0x00000000   Number         0  stm32f10x_fsmc.o ABSOLUTE
    ..\STM32F10x_FWLib\src\stm32f10x_gpio.c  0x00000000   Number         0  stm32f10x_gpio.o ABSOLUTE
    ..\STM32F10x_FWLib\src\stm32f10x_rcc.c   0x00000000   Number         0  stm32f10x_rcc.o ABSOLUTE
    ..\STM32F10x_FWLib\src\stm32f10x_tim.c   0x00000000   Number         0  stm32f10x_tim.o ABSOLUTE
    ..\STM32F10x_FWLib\src\stm32f10x_usart.c 0x00000000   Number         0  stm32f10x_usart.o ABSOLUTE
    ..\\CORE\\core_cm3.c                     0x00000000   Number         0  core_cm3.o ABSOLUTE
    ..\driver\delay.c                        0x00000000   Number         0  delay.o ABSOLUTE
    ..\driver\hard_pwm.c                     0x00000000   Number         0  hard_pwm.o ABSOLUTE
    ..\driver\pin.c                          0x00000000   Number         0  pin.o ABSOLUTE
    ..\driver\stmflash.c                     0x00000000   Number         0  stmflash.o ABSOLUTE
    ..\driver\timer.c                        0x00000000   Number         0  timer.o ABSOLUTE
    ..\driver\usartx.c                       0x00000000   Number         0  usartx.o ABSOLUTE
    cdcmple.s                                0x00000000   Number         0  cdcmple.o ABSOLUTE
    cdrcmple.s                               0x00000000   Number         0  cdrcmple.o ABSOLUTE
    cfcmple.s                                0x00000000   Number         0  cfcmple.o ABSOLUTE
    cfrcmple.s                               0x00000000   Number         0  cfrcmple.o ABSOLUTE
    dc.s                                     0x00000000   Number         0  dc.o ABSOLUTE
    handlers.s                               0x00000000   Number         0  handlers.o ABSOLUTE
    init.s                                   0x00000000   Number         0  init.o ABSOLUTE
    main.c                                   0x00000000   Number         0  main.o ABSOLUTE
    stm32f10x_it.c                           0x00000000   Number         0  stm32f10x_it.o ABSOLUTE
    system_stm32f10x.c                       0x00000000   Number         0  system_stm32f10x.o ABSOLUTE
    RESET                                    0x08000000   Section      304  startup_stm32f10x_hd.o(RESET)
    .ARM.Collect$$$$00000000                 0x08000130   Section        0  entry.o(.ARM.Collect$$$$00000000)
    .ARM.Collect$$$$00000001                 0x08000130   Section        4  entry2.o(.ARM.Collect$$$$00000001)
    .ARM.Collect$$$$00000004                 0x08000134   Section        4  entry5.o(.ARM.Collect$$$$00000004)
    .ARM.Collect$$$$00000008                 0x08000138   Section        0  entry7b.o(.ARM.Collect$$$$00000008)
    .ARM.Collect$$$$0000000A                 0x08000138   Section        0  entry8b.o(.ARM.Collect$$$$0000000A)
    .ARM.Collect$$$$0000000B                 0x08000138   Section        8  entry9a.o(.ARM.Collect$$$$0000000B)
    .ARM.Collect$$$$0000000D                 0x08000140   Section        0  entry10a.o(.ARM.Collect$$$$0000000D)
    .ARM.Collect$$$$0000000F                 0x08000140   Section        0  entry11a.o(.ARM.Collect$$$$0000000F)
    .ARM.Collect$$$$00002712                 0x08000140   Section        4  entry2.o(.ARM.Collect$$$$00002712)
    __lit__00000000                          0x08000140   Data           4  entry2.o(.ARM.Collect$$$$00002712)
    .text                                    0x08000144   Section        0  stm32f10x_it.o(.text)
    .text                                    0x08000160   Section        0  system_stm32f10x.o(.text)
    SetSysClockTo72                          0x08000161   Thumb Code   214  system_stm32f10x.o(.text)
    SetSysClock                              0x08000237   Thumb Code     8  system_stm32f10x.o(.text)
    .text                                    0x08000340   Section        0  main.o(.text)
    .text                                    0x08000360   Section        0  motor.o(.text)
    Motor_PID                                0x080005d1   Thumb Code   146  motor.o(.text)
    .text                                    0x08000790   Section        0  qr701_printer.o(.text)
    printer_rcc_config                       0x08000791   Thumb Code    28  qr701_printer.o(.text)
    .text                                    0x08000814   Section        0  hmi_driver.o(.text)
    hmi_driver_rcc_config                    0x08000815   Thumb Code    36  hmi_driver.o(.text)
    .text                                    0x08002284   Section        0  cmd_queue.o(.text)
    queue_pop                                0x080022c1   Thumb Code    44  cmd_queue.o(.text)
    queue_size                               0x080022ed   Thumb Code    26  cmd_queue.o(.text)
    .text                                    0x0800238c   Section        0  hmi_process.o(.text)
    NotifyScreen                             0x080028dd   Thumb Code   200  hmi_process.o(.text)
    NotifyTouchXY                            0x080029a5   Thumb Code     2  hmi_process.o(.text)
    UpdateUI                                 0x080029a7   Thumb Code  1410  hmi_process.o(.text)
    NotifyButton                             0x080035db   Thumb Code   930  hmi_process.o(.text)
    NotifyText                               0x0800397d   Thumb Code   686  hmi_process.o(.text)
    NotifyProgress                           0x08003c2b   Thumb Code     2  hmi_process.o(.text)
    NotifySlider                             0x08003c2d   Thumb Code     2  hmi_process.o(.text)
    NotifyMeter                              0x08003c2f   Thumb Code     2  hmi_process.o(.text)
    NotifyMenu                               0x08003c31   Thumb Code    32  hmi_process.o(.text)
    NotifySelector                           0x08003c51   Thumb Code     2  hmi_process.o(.text)
    NotifyTimer                              0x08003c53   Thumb Code     2  hmi_process.o(.text)
    NotifyReadFlash                          0x08003c55   Thumb Code     2  hmi_process.o(.text)
    NotifyWriteFlash                         0x08003c57   Thumb Code     2  hmi_process.o(.text)
    NotifyReadRTC                            0x08003c59   Thumb Code   362  hmi_process.o(.text)
    ProcessMessage                           0x08003dc3   Thumb Code   404  hmi_process.o(.text)
    .text                                    0x08004018   Section        0  delay.o(.text)
    .text                                    0x080040ec   Section        0  hard_pwm.o(.text)
    .text                                    0x080041ec   Section        0  stmflash.o(.text)
    STMFLASH_ReadHalfWord                    0x080041ed   Thumb Code     6  stmflash.o(.text)
    STMFLASH_Write_NoCheck                   0x080041f3   Thumb Code    38  stmflash.o(.text)
    .text                                    0x08004324   Section        0  pin.o(.text)
    .text                                    0x080043a6   Section        0  usartx.o(.text)
    .text                                    0x08004410   Section        0  timer.o(.text)
    .text                                    0x0800449c   Section       36  startup_stm32f10x_hd.o(.text)
    .text                                    0x080044c0   Section        0  misc.o(.text)
    .text                                    0x0800459c   Section        0  stm32f10x_gpio.o(.text)
    .text                                    0x080048f8   Section        0  stm32f10x_usart.o(.text)
    .text                                    0x08004d00   Section        0  stm32f10x_rcc.o(.text)
    .text                                    0x080050a4   Section        0  stm32f10x_tim.o(.text)
    TI4_Config                               0x0800554b   Thumb Code   130  stm32f10x_tim.o(.text)
    TI3_Config                               0x080055df   Thumb Code   122  stm32f10x_tim.o(.text)
    TI2_Config                               0x08005673   Thumb Code   130  stm32f10x_tim.o(.text)
    TI1_Config                               0x08005707   Thumb Code   108  stm32f10x_tim.o(.text)
    .text                                    0x08005ec0   Section        0  stm32f10x_exti.o(.text)
    .text                                    0x08005fdc   Section        0  stm32f10x_flash.o(.text)
    .text                                    0x08006598   Section        0  memcpya.o(.text)
    .text                                    0x080065bc   Section        0  strlen.o(.text)
    .text                                    0x080065ca   Section        0  strcmp.o(.text)
    .text                                    0x080065e6   Section        0  fmul.o(.text)
    .text                                    0x0800664a   Section        0  fdiv.o(.text)
    .text                                    0x080066c6   Section        0  dadd.o(.text)
    .text                                    0x08006814   Section        0  dmul.o(.text)
    .text                                    0x080068f8   Section        0  ddiv.o(.text)
    .text                                    0x080069d6   Section        0  ffltui.o(.text)
    .text                                    0x080069e0   Section        0  ffixui.o(.text)
    .text                                    0x08006a08   Section        0  f2d.o(.text)
    .text                                    0x08006a30   Section       40  cdcmple.o(.text)
    .text                                    0x08006a58   Section       40  cdrcmple.o(.text)
    .text                                    0x08006a80   Section        0  d2f.o(.text)
    .text                                    0x08006ab8   Section       20  cfcmple.o(.text)
    .text                                    0x08006acc   Section       20  cfrcmple.o(.text)
    .text                                    0x08006ae0   Section        0  uidiv.o(.text)
    .text                                    0x08006b0c   Section        0  uldiv.o(.text)
    .text                                    0x08006b6e   Section        0  llshl.o(.text)
    .text                                    0x08006b8c   Section        0  llsshr.o(.text)
    .text                                    0x08006bb0   Section        0  strtod.o(.text)
    _local_sscanf                            0x08006bb1   Thumb Code    54  strtod.o(.text)
    .text                                    0x08006c4c   Section        0  fepilogue.o(.text)
    .text                                    0x08006c4c   Section        0  iusefp.o(.text)
    .text                                    0x08006cba   Section        0  depilogue.o(.text)
    .text                                    0x08006d70   Section        0  dfixul.o(.text)
    .text                                    0x08006da0   Section       36  init.o(.text)
    .text                                    0x08006dc4   Section        0  llushr.o(.text)
    .text                                    0x08006de4   Section        0  isspace_c.o(.text)
    .text                                    0x08006df0   Section        0  scanf_fp.o(.text)
    _fp_value                                0x08006df1   Thumb Code   256  scanf_fp.o(.text)
    .text                                    0x08007128   Section        0  _sgetc.o(.text)
    .text                                    0x08007168   Section        0  ctype_c.o(.text)
    .text                                    0x08007190   Section        0  dfltul.o(.text)
    .text                                    0x080071a8   Section        0  __dczerorl2.o(.text)
    i.__0sprintf                             0x08007200   Section        0  printfa.o(i.__0sprintf)
    i.__read_errno                           0x08007228   Section        0  errno.o(i.__read_errno)
    i.__scatterload_copy                     0x08007234   Section       14  handlers.o(i.__scatterload_copy)
    i.__scatterload_null                     0x08007242   Section        2  handlers.o(i.__scatterload_null)
    i.__scatterload_zeroinit                 0x08007244   Section       14  handlers.o(i.__scatterload_zeroinit)
    i.__set_errno                            0x08007254   Section        0  errno.o(i.__set_errno)
    i._fp_digits                             0x08007260   Section        0  printfa.o(i._fp_digits)
    _fp_digits                               0x08007261   Thumb Code   334  printfa.o(i._fp_digits)
    i._is_digit                              0x080073c4   Section        0  scanf_fp.o(i._is_digit)
    i._printf_core                           0x080073d4   Section        0  printfa.o(i._printf_core)
    _printf_core                             0x080073d5   Thumb Code  1744  printfa.o(i._printf_core)
    i._printf_post_padding                   0x08007ab0   Section        0  printfa.o(i._printf_post_padding)
    _printf_post_padding                     0x08007ab1   Thumb Code    36  printfa.o(i._printf_post_padding)
    i._printf_pre_padding                    0x08007ad4   Section        0  printfa.o(i._printf_pre_padding)
    _printf_pre_padding                      0x08007ad5   Thumb Code    46  printfa.o(i._printf_pre_padding)
    i._sputc                                 0x08007b02   Section        0  printfa.o(i._sputc)
    _sputc                                   0x08007b03   Thumb Code    10  printfa.o(i._sputc)
    i.atof                                   0x08007b0c   Section        0  atof.o(i.atof)
    .constdata                               0x08007b36   Section       64  ctype_c.o(.constdata)
    .data                                    0x20000000   Section       20  system_stm32f10x.o(.data)
    .data                                    0x20000014   Section      156  motor.o(.data)
    motor_feedback                           0x20000014   Data          36  motor.o(.data)
    Elec_Switch                              0x20000038   Data          24  motor.o(.data)
    Mach_Switch                              0x20000050   Data          24  motor.o(.data)
    motor_pwm                                0x20000068   Data          20  motor.o(.data)
    motor_dir                                0x2000007c   Data          12  motor.o(.data)
    motor_en                                 0x20000088   Data          12  motor.o(.data)
    motor_pid                                0x20000094   Data          16  motor.o(.data)
    Max_Speed                                0x200000a4   Data           2  motor.o(.data)
    Elec_Speed                               0x200000a6   Data           2  motor.o(.data)
    Elec_flag                                0x200000a8   Data           2  motor.o(.data)
    Mach_flag                                0x200000aa   Data           2  motor.o(.data)
    old_speed                                0x200000ae   Data           2  motor.o(.data)
    .data                                    0x200000b0   Section       40  qr701_printer.o(.data)
    qr701_printer                            0x200000b0   Data          40  qr701_printer.o(.data)
    .data                                    0x200000d8   Section       52  hmi_driver.o(.data)
    hmi_driver                               0x200000d8   Data          52  hmi_driver.o(.data)
    .data                                    0x2000010c   Section        6  cmd_queue.o(.data)
    cmd_state                                0x2000010c   Data           4  cmd_queue.o(.data)
    cmd_pos                                  0x20000110   Data           2  cmd_queue.o(.data)
    .data                                    0x20000114   Section       76  hmi_process.o(.data)
    .data                                    0x20000160   Section        4  delay.o(.data)
    fac_us                                   0x20000160   Data           1  delay.o(.data)
    fac_ms                                   0x20000162   Data           2  delay.o(.data)
    .data                                    0x20000164   Section       20  stm32f10x_rcc.o(.data)
    APBAHBPrescTable                         0x20000164   Data          16  stm32f10x_rcc.o(.data)
    ADCPrescTable                            0x20000174   Data           4  stm32f10x_rcc.o(.data)
    .data                                    0x20000178   Section        4  errno.o(.data)
    _errno                                   0x20000178   Data           4  errno.o(.data)
    .bss                                     0x2000017c   Section      100  motor.o(.bss)
    motor1                                   0x2000017c   Data         100  motor.o(.bss)
    .bss                                     0x200001e0   Section       84  cmd_queue.o(.bss)
    que                                      0x200001e0   Data          84  cmd_queue.o(.bss)
    .bss                                     0x20000234   Section     9567  hmi_process.o(.bss)
    hmi_dev                                  0x20000234   Data          22  hmi_process.o(.bss)
    .bss                                     0x20002794   Section     1024  stmflash.o(.bss)
    STACK                                    0x20002b98   Section     1024  startup_stm32f10x_hd.o(STACK)

    Global Symbols

    Symbol Name                              Value     Ov Type        Size  Object(Section)

    BuildAttributes$$THM_ISAv4$P$D$K$B$S$PE$A:L22UL41UL21$X:L11$S22US41US21$IEEE1$IW$USESV6$~STKCKD$USESV7$~SHL$OTIME$ROPI$IEEEJ$EBA8$MICROLIB$REQ8$PRES8$EABIv2 0x00000000   Number         0  anon$$obj.o ABSOLUTE
    __ARM_use_no_argv                        0x00000000   Number         0  main.o ABSOLUTE
    _printf_a                                0x00000000   Number         0  stubs.o ABSOLUTE
    _printf_c                                0x00000000   Number         0  stubs.o ABSOLUTE
    _printf_charcount                        0x00000000   Number         0  stubs.o ABSOLUTE
    _printf_d                                0x00000000   Number         0  stubs.o ABSOLUTE
    _printf_e                                0x00000000   Number         0  stubs.o ABSOLUTE
    _printf_f                                0x00000000   Number         0  stubs.o ABSOLUTE
    _printf_flags                            0x00000000   Number         0  stubs.o ABSOLUTE
    _printf_fp_dec                           0x00000000   Number         0  stubs.o ABSOLUTE
    _printf_fp_hex                           0x00000000   Number         0  stubs.o ABSOLUTE
    _printf_g                                0x00000000   Number         0  stubs.o ABSOLUTE
    _printf_i                                0x00000000   Number         0  stubs.o ABSOLUTE
    _printf_int_dec                          0x00000000   Number         0  stubs.o ABSOLUTE
    _printf_l                                0x00000000   Number         0  stubs.o ABSOLUTE
    _printf_lc                               0x00000000   Number         0  stubs.o ABSOLUTE
    _printf_ll                               0x00000000   Number         0  stubs.o ABSOLUTE
    _printf_lld                              0x00000000   Number         0  stubs.o ABSOLUTE
    _printf_lli                              0x00000000   Number         0  stubs.o ABSOLUTE
    _printf_llo                              0x00000000   Number         0  stubs.o ABSOLUTE
    _printf_llu                              0x00000000   Number         0  stubs.o ABSOLUTE
    _printf_llx                              0x00000000   Number         0  stubs.o ABSOLUTE
    _printf_longlong_dec                     0x00000000   Number         0  stubs.o ABSOLUTE
    _printf_longlong_hex                     0x00000000   Number         0  stubs.o ABSOLUTE
    _printf_longlong_oct                     0x00000000   Number         0  stubs.o ABSOLUTE
    _printf_ls                               0x00000000   Number         0  stubs.o ABSOLUTE
    _printf_mbtowc                           0x00000000   Number         0  stubs.o ABSOLUTE
    _printf_n                                0x00000000   Number         0  stubs.o ABSOLUTE
    _printf_o                                0x00000000   Number         0  stubs.o ABSOLUTE
    _printf_p                                0x00000000   Number         0  stubs.o ABSOLUTE
    _printf_percent                          0x00000000   Number         0  stubs.o ABSOLUTE
    _printf_pre_padding                      0x00000000   Number         0  stubs.o ABSOLUTE
    _printf_return_value                     0x00000000   Number         0  stubs.o ABSOLUTE
    _printf_s                                0x00000000   Number         0  stubs.o ABSOLUTE
    _printf_sizespec                         0x00000000   Number         0  stubs.o ABSOLUTE
    _printf_str                              0x00000000   Number         0  stubs.o ABSOLUTE
    _printf_truncate_signed                  0x00000000   Number         0  stubs.o ABSOLUTE
    _printf_truncate_unsigned                0x00000000   Number         0  stubs.o ABSOLUTE
    _printf_u                                0x00000000   Number         0  stubs.o ABSOLUTE
    _printf_wc                               0x00000000   Number         0  stubs.o ABSOLUTE
    _printf_wctomb                           0x00000000   Number         0  stubs.o ABSOLUTE
    _printf_widthprec                        0x00000000   Number         0  stubs.o ABSOLUTE
    _printf_x                                0x00000000   Number         0  stubs.o ABSOLUTE
    __cpp_initialize__aeabi_                  - Undefined Weak Reference
    __cxa_finalize                            - Undefined Weak Reference
    _clock_init                               - Undefined Weak Reference
    _microlib_exit                            - Undefined Weak Reference
    __Vectors_Size                           0x00000130   Number         0  startup_stm32f10x_hd.o ABSOLUTE
    __Vectors                                0x08000000   Data           4  startup_stm32f10x_hd.o(RESET)
    __Vectors_End                            0x08000130   Data           0  startup_stm32f10x_hd.o(RESET)
    __main                                   0x08000131   Thumb Code     0  entry.o(.ARM.Collect$$$$00000000)
    _main_stk                                0x08000131   Thumb Code     0  entry2.o(.ARM.Collect$$$$00000001)
    _main_scatterload                        0x08000135   Thumb Code     0  entry5.o(.ARM.Collect$$$$00000004)
    __main_after_scatterload                 0x08000139   Thumb Code     0  entry5.o(.ARM.Collect$$$$00000004)
    _main_clock                              0x08000139   Thumb Code     0  entry7b.o(.ARM.Collect$$$$00000008)
    _main_cpp_init                           0x08000139   Thumb Code     0  entry8b.o(.ARM.Collect$$$$0000000A)
    _main_init                               0x08000139   Thumb Code     0  entry9a.o(.ARM.Collect$$$$0000000B)
    __rt_final_cpp                           0x08000141   Thumb Code     0  entry10a.o(.ARM.Collect$$$$0000000D)
    __rt_final_exit                          0x08000141   Thumb Code     0  entry11a.o(.ARM.Collect$$$$0000000F)
    NMI_Handler                              0x08000145   Thumb Code     2  stm32f10x_it.o(.text)
    HardFault_Handler                        0x08000147   Thumb Code     4  stm32f10x_it.o(.text)
    MemManage_Handler                        0x0800014b   Thumb Code     4  stm32f10x_it.o(.text)
    BusFault_Handler                         0x0800014f   Thumb Code     4  stm32f10x_it.o(.text)
    UsageFault_Handler                       0x08000153   Thumb Code     4  stm32f10x_it.o(.text)
    SVC_Handler                              0x08000157   Thumb Code     2  stm32f10x_it.o(.text)
    DebugMon_Handler                         0x08000159   Thumb Code     2  stm32f10x_it.o(.text)
    PendSV_Handler                           0x0800015b   Thumb Code     2  stm32f10x_it.o(.text)
    SysTick_Handler                          0x0800015d   Thumb Code     2  stm32f10x_it.o(.text)
    SystemInit                               0x0800023f   Thumb Code    78  system_stm32f10x.o(.text)
    SystemCoreClockUpdate                    0x0800028d   Thumb Code   142  system_stm32f10x.o(.text)
    main                                     0x08000341   Thumb Code    32  main.o(.text)
    motor_rcc_config                         0x08000361   Thumb Code    52  motor.o(.text)
    set_motor_rev_speed                      0x08000395   Thumb Code    14  motor.o(.text)
    motor_init                               0x080003a3   Thumb Code   182  motor.o(.text)
    open_motor                               0x08000459   Thumb Code    90  motor.o(.text)
    close_motor                              0x080004b3   Thumb Code    32  motor.o(.text)
    set_motor_fwd_speed                      0x080004d3   Thumb Code    20  motor.o(.text)
    motor_fwd                                0x080004e7   Thumb Code    16  motor.o(.text)
    motor_rev                                0x080004f7   Thumb Code    16  motor.o(.text)
    motor_stop                               0x08000507   Thumb Code    24  motor.o(.text)
    Get_motor_speed                          0x0800051f   Thumb Code    50  motor.o(.text)
    Get_Elec_Speed                           0x08000551   Thumb Code    46  motor.o(.text)
    Get_Mach_Speed                           0x0800057f   Thumb Code    46  motor.o(.text)
    Set_Motor_SetSpeed                       0x080005ad   Thumb Code    36  motor.o(.text)
    EXTI9_5_IRQHandler                       0x08000663   Thumb Code    38  motor.o(.text)
    EXTI4_IRQHandler                         0x08000689   Thumb Code    36  motor.o(.text)
    EXTI2_IRQHandler                         0x080006ad   Thumb Code    32  motor.o(.text)
    TIM3_IRQHandler                          0x080006cd   Thumb Code   128  motor.o(.text)
    printer_init                             0x080007ad   Thumb Code    30  qr701_printer.o(.text)
    SendCharToPrint                          0x080007cb   Thumb Code    24  qr701_printer.o(.text)
    SendStringToPrint                        0x080007e3   Thumb Code    26  qr701_printer.o(.text)
    USART2_IRQHandler                        0x080007fd   Thumb Code    14  qr701_printer.o(.text)
    hmi_driver_init                          0x08000839   Thumb Code    50  hmi_driver.o(.text)
    SendChar                                 0x0800086b   Thumb Code    24  hmi_driver.o(.text)
    USART3_IRQHandler                        0x08000883   Thumb Code    30  hmi_driver.o(.text)
    TIM2_IRQHandler                          0x080008a1   Thumb Code    34  hmi_driver.o(.text)
    DelayMS                                  0x080008c3   Thumb Code    24  hmi_driver.o(.text)
    SendStrings                              0x080008db   Thumb Code    22  hmi_driver.o(.text)
    SendNU8                                  0x080008f1   Thumb Code    26  hmi_driver.o(.text)
    SendNU16                                 0x0800090b   Thumb Code    38  hmi_driver.o(.text)
    SetHandShake                             0x08000931   Thumb Code    40  hmi_driver.o(.text)
    SetFcolor                                0x08000959   Thumb Code    54  hmi_driver.o(.text)
    SetBcolor                                0x0800098f   Thumb Code    54  hmi_driver.o(.text)
    ColorPicker                              0x080009c5   Thumb Code    74  hmi_driver.o(.text)
    GUI_CleanScreen                          0x08000a0f   Thumb Code    40  hmi_driver.o(.text)
    SetTextSpace                             0x08000a37   Thumb Code    56  hmi_driver.o(.text)
    SetFont_Region                           0x08000a6f   Thumb Code    74  hmi_driver.o(.text)
    SetFilterColor                           0x08000ab9   Thumb Code    68  hmi_driver.o(.text)
    DisText                                  0x08000afd   Thumb Code    90  hmi_driver.o(.text)
    DisCursor                                0x08000b57   Thumb Code    88  hmi_driver.o(.text)
    DisFull_Image                            0x08000baf   Thumb Code    62  hmi_driver.o(.text)
    DisArea_Image                            0x08000bed   Thumb Code    96  hmi_driver.o(.text)
    DisCut_Image                             0x08000c4d   Thumb Code   150  hmi_driver.o(.text)
    DisFlashImage                            0x08000ce3   Thumb Code    94  hmi_driver.o(.text)
    GUI_Dot                                  0x08000d41   Thumb Code    68  hmi_driver.o(.text)
    GUI_Line                                 0x08000d85   Thumb Code    92  hmi_driver.o(.text)
    GUI_ConDots                              0x08000de1   Thumb Code    66  hmi_driver.o(.text)
    GUI_ConSpaceDots                         0x08000e23   Thumb Code    80  hmi_driver.o(.text)
    GUI_FcolorConOffsetDots                  0x08000e73   Thumb Code    80  hmi_driver.o(.text)
    GUI_BcolorConOffsetDots                  0x08000ec3   Thumb Code    80  hmi_driver.o(.text)
    SetPowerSaving                           0x08000f13   Thumb Code    68  hmi_driver.o(.text)
    GUI_FcolorConDots                        0x08000f57   Thumb Code    58  hmi_driver.o(.text)
    GUI_BcolorConDots                        0x08000f91   Thumb Code    58  hmi_driver.o(.text)
    GUI_Circle                               0x08000fcb   Thumb Code    80  hmi_driver.o(.text)
    GUI_CircleFill                           0x0800101b   Thumb Code    80  hmi_driver.o(.text)
    GUI_Arc                                  0x0800106b   Thumb Code   106  hmi_driver.o(.text)
    GUI_Rectangle                            0x080010d5   Thumb Code    92  hmi_driver.o(.text)
    GUI_RectangleFill                        0x08001131   Thumb Code    92  hmi_driver.o(.text)
    GUI_Ellipse                              0x0800118d   Thumb Code    92  hmi_driver.o(.text)
    GUI_EllipseFill                          0x080011e9   Thumb Code    92  hmi_driver.o(.text)
    SetBackLight                             0x08001245   Thumb Code    48  hmi_driver.o(.text)
    SetBuzzer                                0x08001275   Thumb Code    48  hmi_driver.o(.text)
    GUI_AreaInycolor                         0x080012a5   Thumb Code    92  hmi_driver.o(.text)
    SetTouchPaneOption                       0x08001301   Thumb Code    82  hmi_driver.o(.text)
    CalibrateTouchPane                       0x08001353   Thumb Code    40  hmi_driver.o(.text)
    TestTouchPane                            0x0800137b   Thumb Code    40  hmi_driver.o(.text)
    LockDeviceConfig                         0x080013a3   Thumb Code    64  hmi_driver.o(.text)
    UnlockDeviceConfig                       0x080013e3   Thumb Code    64  hmi_driver.o(.text)
    SetCommBps                               0x08001423   Thumb Code    48  hmi_driver.o(.text)
    WriteLayer                               0x08001453   Thumb Code    48  hmi_driver.o(.text)
    DisplyLayer                              0x08001483   Thumb Code    48  hmi_driver.o(.text)
    CopyLayer                                0x080014b3   Thumb Code    56  hmi_driver.o(.text)
    ClearLayer                               0x080014eb   Thumb Code    48  hmi_driver.o(.text)
    GUI_DispRTC                              0x0800151b   Thumb Code   102  hmi_driver.o(.text)
    WriteUserFlash                           0x08001581   Thumb Code    82  hmi_driver.o(.text)
    ReadUserFlash                            0x080015d3   Thumb Code    84  hmi_driver.o(.text)
    GetScreen                                0x08001627   Thumb Code    46  hmi_driver.o(.text)
    SetScreen                                0x08001655   Thumb Code    60  hmi_driver.o(.text)
    SetScreenUpdateEnable                    0x08001691   Thumb Code    48  hmi_driver.o(.text)
    SetControlFocus                          0x080016c1   Thumb Code    80  hmi_driver.o(.text)
    SetControlVisiable                       0x08001711   Thumb Code    80  hmi_driver.o(.text)
    SetControlEnable                         0x08001761   Thumb Code    80  hmi_driver.o(.text)
    SetButtonValue                           0x080017b1   Thumb Code    80  hmi_driver.o(.text)
    SetTextValue                             0x08001801   Thumb Code    82  hmi_driver.o(.text)
    SetProgressValue                         0x08001853   Thumb Code   102  hmi_driver.o(.text)
    SetMeterValue                            0x080018b9   Thumb Code   102  hmi_driver.o(.text)
    SetSliderValue                           0x0800191f   Thumb Code   102  hmi_driver.o(.text)
    SetSelectorValue                         0x08001985   Thumb Code    80  hmi_driver.o(.text)
    GetControlValue                          0x080019d5   Thumb Code    74  hmi_driver.o(.text)
    AnimationStart                           0x08001a1f   Thumb Code    74  hmi_driver.o(.text)
    AnimationStop                            0x08001a69   Thumb Code    74  hmi_driver.o(.text)
    AnimationPause                           0x08001ab3   Thumb Code    74  hmi_driver.o(.text)
    AnimationPlayFrame                       0x08001afd   Thumb Code    80  hmi_driver.o(.text)
    AnimationPlayPrev                        0x08001b4d   Thumb Code    74  hmi_driver.o(.text)
    AnimationPlayNext                        0x08001b97   Thumb Code    74  hmi_driver.o(.text)
    GraphChannelAdd                          0x08001be1   Thumb Code    92  hmi_driver.o(.text)
    GraphChannelDel                          0x08001c3d   Thumb Code    80  hmi_driver.o(.text)
    GraphChannelDataAdd                      0x08001c8d   Thumb Code   110  hmi_driver.o(.text)
    GraphChannelDataClear                    0x08001cfb   Thumb Code    80  hmi_driver.o(.text)
    GraphSetViewport                         0x08001d4b   Thumb Code   130  hmi_driver.o(.text)
    BatchBegin                               0x08001dcd   Thumb Code    36  hmi_driver.o(.text)
    BatchSetButtonValue                      0x08001df1   Thumb Code    38  hmi_driver.o(.text)
    BatchSetProgressValue                    0x08001e17   Thumb Code    60  hmi_driver.o(.text)
    BatchSetSliderValue                      0x08001e53   Thumb Code    60  hmi_driver.o(.text)
    BatchSetMeterValue                       0x08001e8f   Thumb Code    60  hmi_driver.o(.text)
    GetStringLen                             0x08001ecb   Thumb Code    18  hmi_driver.o(.text)
    BatchSetText                             0x08001edd   Thumb Code    56  hmi_driver.o(.text)
    BatchSetFrame                            0x08001f15   Thumb Code    44  hmi_driver.o(.text)
    BatchEnd                                 0x08001f41   Thumb Code    28  hmi_driver.o(.text)
    SeTimer                                  0x08001f5d   Thumb Code   102  hmi_driver.o(.text)
    StartTimer                               0x08001fc3   Thumb Code    74  hmi_driver.o(.text)
    StopTimer                                0x0800200d   Thumb Code    74  hmi_driver.o(.text)
    PauseTimer                               0x08002057   Thumb Code    74  hmi_driver.o(.text)
    SetControlBackColor                      0x080020a1   Thumb Code    86  hmi_driver.o(.text)
    SetControlForeColor                      0x080020f7   Thumb Code    86  hmi_driver.o(.text)
    ShowPopupMenu                            0x0800214d   Thumb Code    92  hmi_driver.o(.text)
    Showchart                                0x080021a9   Thumb Code   124  hmi_driver.o(.text)
    ShowKeyboard                             0x08002225   Thumb Code    96  hmi_driver.o(.text)
    queue_reset                              0x08002285   Thumb Code    18  cmd_queue.o(.text)
    queue_push                               0x08002297   Thumb Code    42  cmd_queue.o(.text)
    queue_find_cmd                           0x08002307   Thumb Code   122  cmd_queue.o(.text)
    Run_Print                                0x0800238d   Thumb Code  1360  hmi_process.o(.text)
    Find                                     0x08002f29   Thumb Code   620  hmi_process.o(.text)
    List_Show                                0x08003195   Thumb Code   502  hmi_process.o(.text)
    Show_screen_2                            0x0800338b   Thumb Code   592  hmi_process.o(.text)
    Hmi_init                                 0x08003f57   Thumb Code   132  hmi_process.o(.text)
    Hmi_App_Run                              0x08003fdb   Thumb Code    32  hmi_process.o(.text)
    delay_init                               0x08004019   Thumb Code    50  delay.o(.text)
    delay_us                                 0x0800404b   Thumb Code    72  delay.o(.text)
    delay_ms                                 0x08004093   Thumb Code    72  delay.o(.text)
    TIM_PWM_Init                             0x080040ed   Thumb Code   164  hard_pwm.o(.text)
    open_pwm                                 0x08004191   Thumb Code    14  hard_pwm.o(.text)
    close_pwm                                0x0800419f   Thumb Code    14  hard_pwm.o(.text)
    set_pwm_duty                             0x080041ad   Thumb Code    64  hard_pwm.o(.text)
    STMFLASH_Read                            0x08004219   Thumb Code    38  stmflash.o(.text)
    STMFLASH_Write                           0x0800423f   Thumb Code   222  stmflash.o(.text)
    Exti_Init                                0x08004325   Thumb Code    70  pin.o(.text)
    Pin_Init                                 0x0800436b   Thumb Code    60  pin.o(.text)
    USARTx_Init                              0x080043a7   Thumb Code   106  usartx.o(.text)
    Timerx_Init                              0x08004411   Thumb Code    84  timer.o(.text)
    open_timer                               0x08004465   Thumb Code    14  timer.o(.text)
    close_timer                              0x08004473   Thumb Code    14  timer.o(.text)
    clear_timer_count                        0x08004481   Thumb Code    14  timer.o(.text)
    get_timer_count                          0x0800448f   Thumb Code    12  timer.o(.text)
    Reset_Handler                            0x0800449d   Thumb Code     8  startup_stm32f10x_hd.o(.text)
    ADC1_2_IRQHandler                        0x080044b7   Thumb Code     0  startup_stm32f10x_hd.o(.text)
    ADC3_IRQHandler                          0x080044b7   Thumb Code     0  startup_stm32f10x_hd.o(.text)
    CAN1_RX1_IRQHandler                      0x080044b7   Thumb Code     0  startup_stm32f10x_hd.o(.text)
    CAN1_SCE_IRQHandler                      0x080044b7   Thumb Code     0  startup_stm32f10x_hd.o(.text)
    DMA1_Channel1_IRQHandler                 0x080044b7   Thumb Code     0  startup_stm32f10x_hd.o(.text)
    DMA1_Channel2_IRQHandler                 0x080044b7   Thumb Code     0  startup_stm32f10x_hd.o(.text)
    DMA1_Channel3_IRQHandler                 0x080044b7   Thumb Code     0  startup_stm32f10x_hd.o(.text)
    DMA1_Channel4_IRQHandler                 0x080044b7   Thumb Code     0  startup_stm32f10x_hd.o(.text)
    DMA1_Channel5_IRQHandler                 0x080044b7   Thumb Code     0  startup_stm32f10x_hd.o(.text)
    DMA1_Channel6_IRQHandler                 0x080044b7   Thumb Code     0  startup_stm32f10x_hd.o(.text)
    DMA1_Channel7_IRQHandler                 0x080044b7   Thumb Code     0  startup_stm32f10x_hd.o(.text)
    DMA2_Channel1_IRQHandler                 0x080044b7   Thumb Code     0  startup_stm32f10x_hd.o(.text)
    DMA2_Channel2_IRQHandler                 0x080044b7   Thumb Code     0  startup_stm32f10x_hd.o(.text)
    DMA2_Channel3_IRQHandler                 0x080044b7   Thumb Code     0  startup_stm32f10x_hd.o(.text)
    DMA2_Channel4_5_IRQHandler               0x080044b7   Thumb Code     0  startup_stm32f10x_hd.o(.text)
    EXTI0_IRQHandler                         0x080044b7   Thumb Code     0  startup_stm32f10x_hd.o(.text)
    EXTI15_10_IRQHandler                     0x080044b7   Thumb Code     0  startup_stm32f10x_hd.o(.text)
    EXTI1_IRQHandler                         0x080044b7   Thumb Code     0  startup_stm32f10x_hd.o(.text)
    EXTI3_IRQHandler                         0x080044b7   Thumb Code     0  startup_stm32f10x_hd.o(.text)
    FLASH_IRQHandler                         0x080044b7   Thumb Code     0  startup_stm32f10x_hd.o(.text)
    FSMC_IRQHandler                          0x080044b7   Thumb Code     0  startup_stm32f10x_hd.o(.text)
    I2C1_ER_IRQHandler                       0x080044b7   Thumb Code     0  startup_stm32f10x_hd.o(.text)
    I2C1_EV_IRQHandler                       0x080044b7   Thumb Code     0  startup_stm32f10x_hd.o(.text)
    I2C2_ER_IRQHandler                       0x080044b7   Thumb Code     0  startup_stm32f10x_hd.o(.text)
    I2C2_EV_IRQHandler                       0x080044b7   Thumb Code     0  startup_stm32f10x_hd.o(.text)
    PVD_IRQHandler                           0x080044b7   Thumb Code     0  startup_stm32f10x_hd.o(.text)
    RCC_IRQHandler                           0x080044b7   Thumb Code     0  startup_stm32f10x_hd.o(.text)
    RTCAlarm_IRQHandler                      0x080044b7   Thumb Code     0  startup_stm32f10x_hd.o(.text)
    RTC_IRQHandler                           0x080044b7   Thumb Code     0  startup_stm32f10x_hd.o(.text)
    SDIO_IRQHandler                          0x080044b7   Thumb Code     0  startup_stm32f10x_hd.o(.text)
    SPI1_IRQHandler                          0x080044b7   Thumb Code     0  startup_stm32f10x_hd.o(.text)
    SPI2_IRQHandler                          0x080044b7   Thumb Code     0  startup_stm32f10x_hd.o(.text)
    SPI3_IRQHandler                          0x080044b7   Thumb Code     0  startup_stm32f10x_hd.o(.text)
    TAMPER_IRQHandler                        0x080044b7   Thumb Code     0  startup_stm32f10x_hd.o(.text)
    TIM1_BRK_IRQHandler                      0x080044b7   Thumb Code     0  startup_stm32f10x_hd.o(.text)
    TIM1_CC_IRQHandler                       0x080044b7   Thumb Code     0  startup_stm32f10x_hd.o(.text)
    TIM1_TRG_COM_IRQHandler                  0x080044b7   Thumb Code     0  startup_stm32f10x_hd.o(.text)
    TIM1_UP_IRQHandler                       0x080044b7   Thumb Code     0  startup_stm32f10x_hd.o(.text)
    TIM4_IRQHandler                          0x080044b7   Thumb Code     0  startup_stm32f10x_hd.o(.text)
    TIM5_IRQHandler                          0x080044b7   Thumb Code     0  startup_stm32f10x_hd.o(.text)
    TIM6_IRQHandler                          0x080044b7   Thumb Code     0  startup_stm32f10x_hd.o(.text)
    TIM7_IRQHandler                          0x080044b7   Thumb Code     0  startup_stm32f10x_hd.o(.text)
    TIM8_BRK_IRQHandler                      0x080044b7   Thumb Code     0  startup_stm32f10x_hd.o(.text)
    TIM8_CC_IRQHandler                       0x080044b7   Thumb Code     0  startup_stm32f10x_hd.o(.text)
    TIM8_TRG_COM_IRQHandler                  0x080044b7   Thumb Code     0  startup_stm32f10x_hd.o(.text)
    TIM8_UP_IRQHandler                       0x080044b7   Thumb Code     0  startup_stm32f10x_hd.o(.text)
    UART4_IRQHandler                         0x080044b7   Thumb Code     0  startup_stm32f10x_hd.o(.text)
    UART5_IRQHandler                         0x080044b7   Thumb Code     0  startup_stm32f10x_hd.o(.text)
    USART1_IRQHandler                        0x080044b7   Thumb Code     0  startup_stm32f10x_hd.o(.text)
    USBWakeUp_IRQHandler                     0x080044b7   Thumb Code     0  startup_stm32f10x_hd.o(.text)
    USB_HP_CAN1_TX_IRQHandler                0x080044b7   Thumb Code     0  startup_stm32f10x_hd.o(.text)
    USB_LP_CAN1_RX0_IRQHandler               0x080044b7   Thumb Code     0  startup_stm32f10x_hd.o(.text)
    WWDG_IRQHandler                          0x080044b7   Thumb Code     0  startup_stm32f10x_hd.o(.text)
    NVIC_PriorityGroupConfig                 0x080044c1   Thumb Code    10  misc.o(.text)
    NVIC_Init                                0x080044cb   Thumb Code   100  misc.o(.text)
    NVIC_SetVectorTable                      0x0800452f   Thumb Code    14  misc.o(.text)
    NVIC_SystemLPConfig                      0x0800453d   Thumb Code    34  misc.o(.text)
    SysTick_CLKSourceConfig                  0x0800455f   Thumb Code    40  misc.o(.text)
    GPIO_DeInit                              0x0800459d   Thumb Code   172  stm32f10x_gpio.o(.text)
    GPIO_AFIODeInit                          0x08004649   Thumb Code    20  stm32f10x_gpio.o(.text)
    GPIO_Init                                0x0800465d   Thumb Code   278  stm32f10x_gpio.o(.text)
    GPIO_StructInit                          0x08004773   Thumb Code    16  stm32f10x_gpio.o(.text)
    GPIO_ReadInputDataBit                    0x08004783   Thumb Code    18  stm32f10x_gpio.o(.text)
    GPIO_ReadInputData                       0x08004795   Thumb Code     8  stm32f10x_gpio.o(.text)
    GPIO_ReadOutputDataBit                   0x0800479d   Thumb Code    18  stm32f10x_gpio.o(.text)
    GPIO_ReadOutputData                      0x080047af   Thumb Code     8  stm32f10x_gpio.o(.text)
    GPIO_SetBits                             0x080047b7   Thumb Code     4  stm32f10x_gpio.o(.text)
    GPIO_ResetBits                           0x080047bb   Thumb Code     4  stm32f10x_gpio.o(.text)
    GPIO_WriteBit                            0x080047bf   Thumb Code    10  stm32f10x_gpio.o(.text)
    GPIO_Write                               0x080047c9   Thumb Code     4  stm32f10x_gpio.o(.text)
    GPIO_PinLockConfig                       0x080047cd   Thumb Code    18  stm32f10x_gpio.o(.text)
    GPIO_EventOutputConfig                   0x080047df   Thumb Code    26  stm32f10x_gpio.o(.text)
    GPIO_EventOutputCmd                      0x080047f9   Thumb Code     6  stm32f10x_gpio.o(.text)
    GPIO_PinRemapConfig                      0x080047ff   Thumb Code   138  stm32f10x_gpio.o(.text)
    GPIO_EXTILineConfig                      0x08004889   Thumb Code    66  stm32f10x_gpio.o(.text)
    GPIO_ETH_MediaInterfaceConfig            0x080048cb   Thumb Code     8  stm32f10x_gpio.o(.text)
    USART_DeInit                             0x080048f9   Thumb Code   134  stm32f10x_usart.o(.text)
    USART_Init                               0x0800497f   Thumb Code   210  stm32f10x_usart.o(.text)
    USART_StructInit                         0x08004a51   Thumb Code    24  stm32f10x_usart.o(.text)
    USART_ClockInit                          0x08004a69   Thumb Code    34  stm32f10x_usart.o(.text)
    USART_ClockStructInit                    0x08004a8b   Thumb Code    12  stm32f10x_usart.o(.text)
    USART_Cmd                                0x08004a97   Thumb Code    24  stm32f10x_usart.o(.text)
    USART_ITConfig                           0x08004aaf   Thumb Code    74  stm32f10x_usart.o(.text)
    USART_DMACmd                             0x08004af9   Thumb Code    18  stm32f10x_usart.o(.text)
    USART_SetAddress                         0x08004b0b   Thumb Code    18  stm32f10x_usart.o(.text)
    USART_WakeUpConfig                       0x08004b1d   Thumb Code    18  stm32f10x_usart.o(.text)
    USART_ReceiverWakeUpCmd                  0x08004b2f   Thumb Code    24  stm32f10x_usart.o(.text)
    USART_LINBreakDetectLengthConfig         0x08004b47   Thumb Code    18  stm32f10x_usart.o(.text)
    USART_LINCmd                             0x08004b59   Thumb Code    24  stm32f10x_usart.o(.text)
    USART_SendData                           0x08004b71   Thumb Code     8  stm32f10x_usart.o(.text)
    USART_ReceiveData                        0x08004b79   Thumb Code    10  stm32f10x_usart.o(.text)
    USART_SendBreak                          0x08004b83   Thumb Code    10  stm32f10x_usart.o(.text)
    USART_SetGuardTime                       0x08004b8d   Thumb Code    16  stm32f10x_usart.o(.text)
    USART_SetPrescaler                       0x08004b9d   Thumb Code    16  stm32f10x_usart.o(.text)
    USART_SmartCardCmd                       0x08004bad   Thumb Code    24  stm32f10x_usart.o(.text)
    USART_SmartCardNACKCmd                   0x08004bc5   Thumb Code    24  stm32f10x_usart.o(.text)
    USART_HalfDuplexCmd                      0x08004bdd   Thumb Code    24  stm32f10x_usart.o(.text)
    USART_OverSampling8Cmd                   0x08004bf5   Thumb Code    22  stm32f10x_usart.o(.text)
    USART_OneBitMethodCmd                    0x08004c0b   Thumb Code    24  stm32f10x_usart.o(.text)
    USART_IrDAConfig                         0x08004c23   Thumb Code    18  stm32f10x_usart.o(.text)
    USART_IrDACmd                            0x08004c35   Thumb Code    24  stm32f10x_usart.o(.text)
    USART_GetFlagStatus                      0x08004c4d   Thumb Code    26  stm32f10x_usart.o(.text)
    USART_ClearFlag                          0x08004c67   Thumb Code    18  stm32f10x_usart.o(.text)
    USART_GetITStatus                        0x08004c79   Thumb Code    84  stm32f10x_usart.o(.text)
    USART_ClearITPendingBit                  0x08004ccd   Thumb Code    52  stm32f10x_usart.o(.text)
    RCC_DeInit                               0x08004d01   Thumb Code    64  stm32f10x_rcc.o(.text)
    RCC_HSEConfig                            0x08004d41   Thumb Code    70  stm32f10x_rcc.o(.text)
    RCC_GetFlagStatus                        0x08004d87   Thumb Code    56  stm32f10x_rcc.o(.text)
    RCC_WaitForHSEStartUp                    0x08004dbf   Thumb Code    56  stm32f10x_rcc.o(.text)
    RCC_AdjustHSICalibrationValue            0x08004df7   Thumb Code    20  stm32f10x_rcc.o(.text)
    RCC_HSICmd                               0x08004e0b   Thumb Code     6  stm32f10x_rcc.o(.text)
    RCC_PLLConfig                            0x08004e11   Thumb Code    24  stm32f10x_rcc.o(.text)
    RCC_PLLCmd                               0x08004e29   Thumb Code     6  stm32f10x_rcc.o(.text)
    RCC_SYSCLKConfig                         0x08004e2f   Thumb Code    18  stm32f10x_rcc.o(.text)
    RCC_GetSYSCLKSource                      0x08004e41   Thumb Code    10  stm32f10x_rcc.o(.text)
    RCC_HCLKConfig                           0x08004e4b   Thumb Code    18  stm32f10x_rcc.o(.text)
    RCC_PCLK1Config                          0x08004e5d   Thumb Code    18  stm32f10x_rcc.o(.text)
    RCC_PCLK2Config                          0x08004e6f   Thumb Code    20  stm32f10x_rcc.o(.text)
    RCC_ITConfig                             0x08004e83   Thumb Code    26  stm32f10x_rcc.o(.text)
    RCC_USBCLKConfig                         0x08004e9d   Thumb Code     8  stm32f10x_rcc.o(.text)
    RCC_ADCCLKConfig                         0x08004ea5   Thumb Code    18  stm32f10x_rcc.o(.text)
    RCC_LSEConfig                            0x08004eb7   Thumb Code    50  stm32f10x_rcc.o(.text)
    RCC_LSICmd                               0x08004ee9   Thumb Code     6  stm32f10x_rcc.o(.text)
    RCC_RTCCLKConfig                         0x08004eef   Thumb Code    12  stm32f10x_rcc.o(.text)
    RCC_RTCCLKCmd                            0x08004efb   Thumb Code     8  stm32f10x_rcc.o(.text)
    RCC_GetClocksFreq                        0x08004f03   Thumb Code   192  stm32f10x_rcc.o(.text)
    RCC_AHBPeriphClockCmd                    0x08004fc3   Thumb Code    26  stm32f10x_rcc.o(.text)
    RCC_APB2PeriphClockCmd                   0x08004fdd   Thumb Code    26  stm32f10x_rcc.o(.text)
    RCC_APB1PeriphClockCmd                   0x08004ff7   Thumb Code    26  stm32f10x_rcc.o(.text)
    RCC_APB2PeriphResetCmd                   0x08005011   Thumb Code    26  stm32f10x_rcc.o(.text)
    RCC_APB1PeriphResetCmd                   0x0800502b   Thumb Code    26  stm32f10x_rcc.o(.text)
    RCC_BackupResetCmd                       0x08005045   Thumb Code     8  stm32f10x_rcc.o(.text)
    RCC_ClockSecuritySystemCmd               0x0800504d   Thumb Code     6  stm32f10x_rcc.o(.text)
    RCC_MCOConfig                            0x08005053   Thumb Code     6  stm32f10x_rcc.o(.text)
    RCC_ClearFlag                            0x08005059   Thumb Code    14  stm32f10x_rcc.o(.text)
    RCC_GetITStatus                          0x08005067   Thumb Code    20  stm32f10x_rcc.o(.text)
    RCC_ClearITPendingBit                    0x0800507b   Thumb Code     6  stm32f10x_rcc.o(.text)
    TIM_DeInit                               0x080050a5   Thumb Code   424  stm32f10x_tim.o(.text)
    TIM_TimeBaseInit                         0x0800524d   Thumb Code   122  stm32f10x_tim.o(.text)
    TIM_OC1Init                              0x080052c7   Thumb Code   132  stm32f10x_tim.o(.text)
    TIM_OC2Init                              0x0800534b   Thumb Code   154  stm32f10x_tim.o(.text)
    TIM_OC3Init                              0x080053e5   Thumb Code   150  stm32f10x_tim.o(.text)
    TIM_OC4Init                              0x0800547b   Thumb Code   182  stm32f10x_tim.o(.text)
    TIM_SetIC4Prescaler                      0x08005531   Thumb Code    26  stm32f10x_tim.o(.text)
    TIM_SetIC3Prescaler                      0x080055cd   Thumb Code    18  stm32f10x_tim.o(.text)
    TIM_SetIC2Prescaler                      0x08005659   Thumb Code    26  stm32f10x_tim.o(.text)
    TIM_SetIC1Prescaler                      0x080056f5   Thumb Code    18  stm32f10x_tim.o(.text)
    TIM_ICInit                               0x08005773   Thumb Code   150  stm32f10x_tim.o(.text)
    TIM_PWMIConfig                           0x08005809   Thumb Code   124  stm32f10x_tim.o(.text)
    TIM_BDTRConfig                           0x08005885   Thumb Code    32  stm32f10x_tim.o(.text)
    TIM_TimeBaseStructInit                   0x080058a5   Thumb Code    18  stm32f10x_tim.o(.text)
    TIM_OCStructInit                         0x080058b7   Thumb Code    20  stm32f10x_tim.o(.text)
    TIM_ICStructInit                         0x080058cb   Thumb Code    18  stm32f10x_tim.o(.text)
    TIM_BDTRStructInit                       0x080058dd   Thumb Code    40  stm32f10x_tim.o(.text)
    TIM_Cmd                                  0x08005905   Thumb Code    24  stm32f10x_tim.o(.text)
    TIM_CtrlPWMOutputs                       0x0800591d   Thumb Code    30  stm32f10x_tim.o(.text)
    TIM_ITConfig                             0x0800593b   Thumb Code    18  stm32f10x_tim.o(.text)
    TIM_GenerateEvent                        0x0800594d   Thumb Code     4  stm32f10x_tim.o(.text)
    TIM_DMAConfig                            0x08005951   Thumb Code    10  stm32f10x_tim.o(.text)
    TIM_DMACmd                               0x0800595b   Thumb Code    18  stm32f10x_tim.o(.text)
    TIM_InternalClockConfig                  0x0800596d   Thumb Code    12  stm32f10x_tim.o(.text)
    TIM_SelectInputTrigger                   0x08005979   Thumb Code    18  stm32f10x_tim.o(.text)
    TIM_ITRxExternalClockConfig              0x0800598b   Thumb Code    24  stm32f10x_tim.o(.text)
    TIM_TIxExternalClockConfig               0x080059a3   Thumb Code    62  stm32f10x_tim.o(.text)
    TIM_ETRConfig                            0x080059e1   Thumb Code    28  stm32f10x_tim.o(.text)
    TIM_ETRClockMode1Config                  0x080059fd   Thumb Code    54  stm32f10x_tim.o(.text)
    TIM_ETRClockMode2Config                  0x08005a33   Thumb Code    32  stm32f10x_tim.o(.text)
    TIM_PrescalerConfig                      0x08005a53   Thumb Code     6  stm32f10x_tim.o(.text)
    TIM_CounterModeConfig                    0x08005a59   Thumb Code    18  stm32f10x_tim.o(.text)
    TIM_EncoderInterfaceConfig               0x08005a6b   Thumb Code    66  stm32f10x_tim.o(.text)
    TIM_ForcedOC1Config                      0x08005aad   Thumb Code    18  stm32f10x_tim.o(.text)
    TIM_ForcedOC2Config                      0x08005abf   Thumb Code    26  stm32f10x_tim.o(.text)
    TIM_ForcedOC3Config                      0x08005ad9   Thumb Code    18  stm32f10x_tim.o(.text)
    TIM_ForcedOC4Config                      0x08005aeb   Thumb Code    26  stm32f10x_tim.o(.text)
    TIM_ARRPreloadConfig                     0x08005b05   Thumb Code    24  stm32f10x_tim.o(.text)
    TIM_SelectCOM                            0x08005b1d   Thumb Code    24  stm32f10x_tim.o(.text)
    TIM_SelectCCDMA                          0x08005b35   Thumb Code    24  stm32f10x_tim.o(.text)
    TIM_CCPreloadControl                     0x08005b4d   Thumb Code    24  stm32f10x_tim.o(.text)
    TIM_OC1PreloadConfig                     0x08005b65   Thumb Code    18  stm32f10x_tim.o(.text)
    TIM_OC2PreloadConfig                     0x08005b77   Thumb Code    26  stm32f10x_tim.o(.text)
    TIM_OC3PreloadConfig                     0x08005b91   Thumb Code    18  stm32f10x_tim.o(.text)
    TIM_OC4PreloadConfig                     0x08005ba3   Thumb Code    26  stm32f10x_tim.o(.text)
    TIM_OC1FastConfig                        0x08005bbd   Thumb Code    18  stm32f10x_tim.o(.text)
    TIM_OC2FastConfig                        0x08005bcf   Thumb Code    26  stm32f10x_tim.o(.text)
    TIM_OC3FastConfig                        0x08005be9   Thumb Code    18  stm32f10x_tim.o(.text)
    TIM_OC4FastConfig                        0x08005bfb   Thumb Code    26  stm32f10x_tim.o(.text)
    TIM_ClearOC1Ref                          0x08005c15   Thumb Code    18  stm32f10x_tim.o(.text)
    TIM_ClearOC2Ref                          0x08005c27   Thumb Code    24  stm32f10x_tim.o(.text)
    TIM_ClearOC3Ref                          0x08005c3f   Thumb Code    18  stm32f10x_tim.o(.text)
    TIM_ClearOC4Ref                          0x08005c51   Thumb Code    24  stm32f10x_tim.o(.text)
    TIM_OC1PolarityConfig                    0x08005c69   Thumb Code    18  stm32f10x_tim.o(.text)
    TIM_OC1NPolarityConfig                   0x08005c7b   Thumb Code    18  stm32f10x_tim.o(.text)
    TIM_OC2PolarityConfig                    0x08005c8d   Thumb Code    26  stm32f10x_tim.o(.text)
    TIM_OC2NPolarityConfig                   0x08005ca7   Thumb Code    26  stm32f10x_tim.o(.text)
    TIM_OC3PolarityConfig                    0x08005cc1   Thumb Code    26  stm32f10x_tim.o(.text)
    TIM_OC3NPolarityConfig                   0x08005cdb   Thumb Code    26  stm32f10x_tim.o(.text)
    TIM_OC4PolarityConfig                    0x08005cf5   Thumb Code    26  stm32f10x_tim.o(.text)
    TIM_CCxCmd                               0x08005d0f   Thumb Code    30  stm32f10x_tim.o(.text)
    TIM_CCxNCmd                              0x08005d2d   Thumb Code    30  stm32f10x_tim.o(.text)
    TIM_SelectOCxM                           0x08005d4b   Thumb Code    82  stm32f10x_tim.o(.text)
    TIM_UpdateDisableConfig                  0x08005d9d   Thumb Code    24  stm32f10x_tim.o(.text)
    TIM_UpdateRequestConfig                  0x08005db5   Thumb Code    24  stm32f10x_tim.o(.text)
    TIM_SelectHallSensor                     0x08005dcd   Thumb Code    24  stm32f10x_tim.o(.text)
    TIM_SelectOnePulseMode                   0x08005de5   Thumb Code    18  stm32f10x_tim.o(.text)
    TIM_SelectOutputTrigger                  0x08005df7   Thumb Code    18  stm32f10x_tim.o(.text)
    TIM_SelectSlaveMode                      0x08005e09   Thumb Code    18  stm32f10x_tim.o(.text)
    TIM_SelectMasterSlaveMode                0x08005e1b   Thumb Code    18  stm32f10x_tim.o(.text)
    TIM_SetCounter                           0x08005e2d   Thumb Code     4  stm32f10x_tim.o(.text)
    TIM_SetAutoreload                        0x08005e31   Thumb Code     4  stm32f10x_tim.o(.text)
    TIM_SetCompare1                          0x08005e35   Thumb Code     4  stm32f10x_tim.o(.text)
    TIM_SetCompare2                          0x08005e39   Thumb Code     4  stm32f10x_tim.o(.text)
    TIM_SetCompare3                          0x08005e3d   Thumb Code     4  stm32f10x_tim.o(.text)
    TIM_SetCompare4                          0x08005e41   Thumb Code     6  stm32f10x_tim.o(.text)
    TIM_SetClockDivision                     0x08005e47   Thumb Code    18  stm32f10x_tim.o(.text)
    TIM_GetCapture1                          0x08005e59   Thumb Code     6  stm32f10x_tim.o(.text)
    TIM_GetCapture2                          0x08005e5f   Thumb Code     6  stm32f10x_tim.o(.text)
    TIM_GetCapture3                          0x08005e65   Thumb Code     6  stm32f10x_tim.o(.text)
    TIM_GetCapture4                          0x08005e6b   Thumb Code     8  stm32f10x_tim.o(.text)
    TIM_GetCounter                           0x08005e73   Thumb Code     6  stm32f10x_tim.o(.text)
    TIM_GetPrescaler                         0x08005e79   Thumb Code     6  stm32f10x_tim.o(.text)
    TIM_GetFlagStatus                        0x08005e7f   Thumb Code    18  stm32f10x_tim.o(.text)
    TIM_ClearFlag                            0x08005e91   Thumb Code     6  stm32f10x_tim.o(.text)
    TIM_GetITStatus                          0x08005e97   Thumb Code    34  stm32f10x_tim.o(.text)
    TIM_ClearITPendingBit                    0x08005eb9   Thumb Code     6  stm32f10x_tim.o(.text)
    EXTI_DeInit                              0x08005ec1   Thumb Code    28  stm32f10x_exti.o(.text)
    EXTI_Init                                0x08005edd   Thumb Code   142  stm32f10x_exti.o(.text)
    EXTI_StructInit                          0x08005f6b   Thumb Code    16  stm32f10x_exti.o(.text)
    EXTI_GenerateSWInterrupt                 0x08005f7b   Thumb Code    16  stm32f10x_exti.o(.text)
    EXTI_GetFlagStatus                       0x08005f8b   Thumb Code    22  stm32f10x_exti.o(.text)
    EXTI_ClearFlag                           0x08005fa1   Thumb Code     8  stm32f10x_exti.o(.text)
    EXTI_GetITStatus                         0x08005fa9   Thumb Code    34  stm32f10x_exti.o(.text)
    EXTI_ClearITPendingBit                   0x08005fcb   Thumb Code     8  stm32f10x_exti.o(.text)
    FLASH_SetLatency                         0x08005fdd   Thumb Code    18  stm32f10x_flash.o(.text)
    FLASH_HalfCycleAccessCmd                 0x08005fef   Thumb Code    22  stm32f10x_flash.o(.text)
    FLASH_PrefetchBufferCmd                  0x08006005   Thumb Code    22  stm32f10x_flash.o(.text)
    FLASH_Unlock                             0x0800601b   Thumb Code    12  stm32f10x_flash.o(.text)
    FLASH_UnlockBank1                        0x08006027   Thumb Code    12  stm32f10x_flash.o(.text)
    FLASH_Lock                               0x08006033   Thumb Code    14  stm32f10x_flash.o(.text)
    FLASH_LockBank1                          0x08006041   Thumb Code    14  stm32f10x_flash.o(.text)
    FLASH_GetBank1Status                     0x0800604f   Thumb Code    48  stm32f10x_flash.o(.text)
    FLASH_WaitForLastOperation               0x0800607f   Thumb Code    38  stm32f10x_flash.o(.text)
    FLASH_ErasePage                          0x080060a5   Thumb Code    72  stm32f10x_flash.o(.text)
    FLASH_EraseAllPages                      0x080060ed   Thumb Code    68  stm32f10x_flash.o(.text)
    FLASH_WaitForLastBank1Operation          0x08006131   Thumb Code    38  stm32f10x_flash.o(.text)
    FLASH_EraseAllBank1Pages                 0x08006157   Thumb Code    68  stm32f10x_flash.o(.text)
    FLASH_GetReadOutProtectionStatus         0x0800619b   Thumb Code    20  stm32f10x_flash.o(.text)
    FLASH_EraseOptionBytes                   0x080061af   Thumb Code   150  stm32f10x_flash.o(.text)
    FLASH_ProgramWord                        0x08006245   Thumb Code   102  stm32f10x_flash.o(.text)
    FLASH_ProgramHalfWord                    0x080062ab   Thumb Code    60  stm32f10x_flash.o(.text)
    FLASH_ProgramOptionByteData              0x080062e7   Thumb Code    72  stm32f10x_flash.o(.text)
    FLASH_EnableWriteProtection              0x0800632f   Thumb Code   200  stm32f10x_flash.o(.text)
    FLASH_ReadOutProtection                  0x080063f7   Thumb Code   156  stm32f10x_flash.o(.text)
    FLASH_UserOptionByteConfig               0x08006493   Thumb Code    88  stm32f10x_flash.o(.text)
    FLASH_GetUserOptionByte                  0x080064eb   Thumb Code     8  stm32f10x_flash.o(.text)
    FLASH_GetWriteProtectionOptionByte       0x080064f3   Thumb Code     6  stm32f10x_flash.o(.text)
    FLASH_GetPrefetchBufferStatus            0x080064f9   Thumb Code    20  stm32f10x_flash.o(.text)
    FLASH_ITConfig                           0x0800650d   Thumb Code    26  stm32f10x_flash.o(.text)
    FLASH_GetFlagStatus                      0x08006527   Thumb Code    42  stm32f10x_flash.o(.text)
    FLASH_ClearFlag                          0x08006551   Thumb Code     6  stm32f10x_flash.o(.text)
    FLASH_GetStatus                          0x08006557   Thumb Code    48  stm32f10x_flash.o(.text)
    __aeabi_memcpy                           0x08006599   Thumb Code    36  memcpya.o(.text)
    __aeabi_memcpy4                          0x08006599   Thumb Code     0  memcpya.o(.text)
    __aeabi_memcpy8                          0x08006599   Thumb Code     0  memcpya.o(.text)
    strlen                                   0x080065bd   Thumb Code    14  strlen.o(.text)
    strcmp                                   0x080065cb   Thumb Code    28  strcmp.o(.text)
    __aeabi_fmul                             0x080065e7   Thumb Code   100  fmul.o(.text)
    __aeabi_fdiv                             0x0800664b   Thumb Code   124  fdiv.o(.text)
    __aeabi_dadd                             0x080066c7   Thumb Code   322  dadd.o(.text)
    __aeabi_dsub                             0x08006809   Thumb Code     6  dadd.o(.text)
    __aeabi_drsub                            0x0800680f   Thumb Code     6  dadd.o(.text)
    __aeabi_dmul                             0x08006815   Thumb Code   228  dmul.o(.text)
    __aeabi_ddiv                             0x080068f9   Thumb Code   222  ddiv.o(.text)
    __aeabi_ui2f                             0x080069d7   Thumb Code    10  ffltui.o(.text)
    __aeabi_f2uiz                            0x080069e1   Thumb Code    40  ffixui.o(.text)
    __aeabi_f2d                              0x08006a09   Thumb Code    38  f2d.o(.text)
    __aeabi_cdcmpeq                          0x08006a31   Thumb Code     0  cdcmple.o(.text)
    __aeabi_cdcmple                          0x08006a31   Thumb Code    38  cdcmple.o(.text)
    __aeabi_cdrcmple                         0x08006a59   Thumb Code    38  cdrcmple.o(.text)
    __aeabi_d2f                              0x08006a81   Thumb Code    56  d2f.o(.text)
    __aeabi_cfcmpeq                          0x08006ab9   Thumb Code     0  cfcmple.o(.text)
    __aeabi_cfcmple                          0x08006ab9   Thumb Code    20  cfcmple.o(.text)
    __aeabi_cfrcmple                         0x08006acd   Thumb Code    20  cfrcmple.o(.text)
    __aeabi_uidiv                            0x08006ae1   Thumb Code     0  uidiv.o(.text)
    __aeabi_uidivmod                         0x08006ae1   Thumb Code    44  uidiv.o(.text)
    __aeabi_uldivmod                         0x08006b0d   Thumb Code    98  uldiv.o(.text)
    __aeabi_llsl                             0x08006b6f   Thumb Code    30  llshl.o(.text)
    _ll_shift_l                              0x08006b6f   Thumb Code     0  llshl.o(.text)
    __aeabi_lasr                             0x08006b8d   Thumb Code    36  llsshr.o(.text)
    _ll_sshift_r                             0x08006b8d   Thumb Code     0  llsshr.o(.text)
    __strtod_int                             0x08006be7   Thumb Code    88  strtod.o(.text)
    __I$use$fp                               0x08006c4d   Thumb Code     0  iusefp.o(.text)
    _float_round                             0x08006c4d   Thumb Code    18  fepilogue.o(.text)
    _float_epilogue                          0x08006c5f   Thumb Code    92  fepilogue.o(.text)
    _double_round                            0x08006cbb   Thumb Code    26  depilogue.o(.text)
    _double_epilogue                         0x08006cd5   Thumb Code   156  depilogue.o(.text)
    __aeabi_d2ulz                            0x08006d71   Thumb Code    48  dfixul.o(.text)
    __scatterload                            0x08006da1   Thumb Code    28  init.o(.text)
    __scatterload_rt2                        0x08006da1   Thumb Code     0  init.o(.text)
    __aeabi_llsr                             0x08006dc5   Thumb Code    32  llushr.o(.text)
    _ll_ushift_r                             0x08006dc5   Thumb Code     0  llushr.o(.text)
    isspace                                  0x08006de5   Thumb Code    10  isspace_c.o(.text)
    _scanf_real                              0x08006ef1   Thumb Code     0  scanf_fp.o(.text)
    _scanf_really_real                       0x08006ef1   Thumb Code   556  scanf_fp.o(.text)
    _sgetc                                   0x08007129   Thumb Code    30  _sgetc.o(.text)
    _sbackspace                              0x08007147   Thumb Code    34  _sgetc.o(.text)
    __ctype_lookup                           0x08007169   Thumb Code    34  ctype_c.o(.text)
    __aeabi_ul2d                             0x08007191   Thumb Code    24  dfltul.o(.text)
    __decompress                             0x080071a9   Thumb Code     0  __dczerorl2.o(.text)
    __decompress1                            0x080071a9   Thumb Code    86  __dczerorl2.o(.text)
    __0sprintf                               0x08007201   Thumb Code    34  printfa.o(i.__0sprintf)
    __1sprintf                               0x08007201   Thumb Code     0  printfa.o(i.__0sprintf)
    __2sprintf                               0x08007201   Thumb Code     0  printfa.o(i.__0sprintf)
    __c89sprintf                             0x08007201   Thumb Code     0  printfa.o(i.__0sprintf)
    sprintf                                  0x08007201   Thumb Code     0  printfa.o(i.__0sprintf)
    __read_errno                             0x08007229   Thumb Code     6  errno.o(i.__read_errno)
    __scatterload_copy                       0x08007235   Thumb Code    14  handlers.o(i.__scatterload_copy)
    __scatterload_null                       0x08007243   Thumb Code     2  handlers.o(i.__scatterload_null)
    __scatterload_zeroinit                   0x08007245   Thumb Code    14  handlers.o(i.__scatterload_zeroinit)
    __set_errno                              0x08007255   Thumb Code     6  errno.o(i.__set_errno)
    _is_digit                                0x080073c5   Thumb Code    14  scanf_fp.o(i._is_digit)
    atof                                     0x08007b0d   Thumb Code    42  atof.o(i.atof)
    __ctype_categories                       0x08007b36   Data          64  ctype_c.o(.constdata)
    Region$$Table$$Base                      0x08007b78   Number         0  anon$$obj.o(Region$$Table)
    Region$$Table$$Limit                     0x08007b98   Number         0  anon$$obj.o(Region$$Table)
    SystemCoreClock                          0x20000000   Data           4  system_stm32f10x.o(.data)
    AHBPrescTable                            0x20000004   Data          16  system_stm32f10x.o(.data)
    start_flag                               0x200000ac   Data           1  motor.o(.data)
    head                                     0x20000114   Data          12  hmi_process.o(.data)
    current_number                           0x20000120   Data           4  hmi_process.o(.data)
    dir_flag                                 0x20000124   Data           1  hmi_process.o(.data)
    Find_flag                                0x20000128   Data           4  hmi_process.o(.data)
    find_begin_number                        0x2000012c   Data           4  hmi_process.o(.data)
    find_cur_begin_number                    0x20000130   Data           4  hmi_process.o(.data)
    find_cur_end_number                      0x20000134   Data           4  hmi_process.o(.data)
    find_end_number                          0x20000138   Data           4  hmi_process.o(.data)
    Rated_Speed                              0x2000013c   Data           4  hmi_process.o(.data)
    Max_Speed                                0x20000140   Data           4  hmi_process.o(.data)
    Min_Speed                                0x20000144   Data           4  hmi_process.o(.data)
    UpElec_Speed                             0x20000148   Data           4  hmi_process.o(.data)
    DownElec_Speed                           0x2000014c   Data           4  hmi_process.o(.data)
    old_Speed                                0x20000150   Data           4  hmi_process.o(.data)
    motor_open_flag                          0x20000154   Data           1  hmi_process.o(.data)
    start_duty                               0x20000158   Data           4  hmi_process.o(.data)
    display_delay                            0x2000015c   Data           4  hmi_process.o(.data)
    elevator                                 0x2000024a   Data        9500  hmi_process.o(.bss)
    Match_Register_Code                      0x20002766   Data          20  hmi_process.o(.bss)
    Match_Factory_Numbe                      0x2000277a   Data          10  hmi_process.o(.bss)
    Match_Date                               0x20002784   Data          15  hmi_process.o(.bss)
    STMFLASH_BUF                             0x20002794   Data        1024  stmflash.o(.bss)
    __initial_sp                             0x20002f98   Data           0  startup_stm32f10x_hd.o(STACK)



==============================================================================

Memory Map of the image

  Image Entry point : 0x08000131

  Load Region LR_IROM1 (Base: 0x08000000, Size: 0x00007d14, Max: 0x00020000, ABSOLUTE, COMPRESSED[0x00007c40])

    Execution Region ER_IROM1 (Base: 0x08000000, Size: 0x00007b98, Max: 0x00020000, ABSOLUTE)

    Base Addr    Size         Type   Attr      Idx    E Section Name        Object

    0x08000000   0x00000130   Data   RO          377    RESET               startup_stm32f10x_hd.o
    0x08000130   0x00000000   Code   RO          520  * .ARM.Collect$$$$00000000  mc_w.l(entry.o)
    0x08000130   0x00000004   Code   RO          818    .ARM.Collect$$$$00000001  mc_w.l(entry2.o)
    0x08000134   0x00000004   Code   RO          821    .ARM.Collect$$$$00000004  mc_w.l(entry5.o)
    0x08000138   0x00000000   Code   RO          823    .ARM.Collect$$$$00000008  mc_w.l(entry7b.o)
    0x08000138   0x00000000   Code   RO          825    .ARM.Collect$$$$0000000A  mc_w.l(entry8b.o)
    0x08000138   0x00000008   Code   RO          826    .ARM.Collect$$$$0000000B  mc_w.l(entry9a.o)
    0x08000140   0x00000000   Code   RO          828    .ARM.Collect$$$$0000000D  mc_w.l(entry10a.o)
    0x08000140   0x00000000   Code   RO          830    .ARM.Collect$$$$0000000F  mc_w.l(entry11a.o)
    0x08000140   0x00000004   Code   RO          819    .ARM.Collect$$$$00002712  mc_w.l(entry2.o)
    0x08000144   0x0000001a   Code   RO            1    .text               stm32f10x_it.o
    0x0800015e   0x00000002   PAD
    0x08000160   0x000001e0   Code   RO          104    .text               system_stm32f10x.o
    0x08000340   0x00000020   Code   RO          122    .text               main.o
    0x08000360   0x00000430   Code   RO          203    .text               motor.o
    0x08000790   0x00000084   Code   RO          219    .text               qr701_printer.o
    0x08000814   0x00001a70   Code   RO          236    .text               hmi_driver.o
    0x08002284   0x00000108   Code   RO          250    .text               cmd_queue.o
    0x0800238c   0x00001c8c   Code   RO          265    .text               hmi_process.o
    0x08004018   0x000000d4   Code   RO          287    .text               delay.o
    0x080040ec   0x00000100   Code   RO          301    .text               hard_pwm.o
    0x080041ec   0x00000138   Code   RO          313    .text               stmflash.o
    0x08004324   0x00000082   Code   RO          328    .text               pin.o
    0x080043a6   0x0000006a   Code   RO          340    .text               usartx.o
    0x08004410   0x0000008a   Code   RO          352    .text               timer.o
    0x0800449a   0x00000002   PAD
    0x0800449c   0x00000024   Code   RO          378    .text               startup_stm32f10x_hd.o
    0x080044c0   0x000000dc   Code   RO          382    .text               misc.o
    0x0800459c   0x0000035c   Code   RO          418    .text               stm32f10x_gpio.o
    0x080048f8   0x00000408   Code   RO          430    .text               stm32f10x_usart.o
    0x08004d00   0x000003a4   Code   RO          454    .text               stm32f10x_rcc.o
    0x080050a4   0x00000e1a   Code   RO          468    .text               stm32f10x_tim.o
    0x08005ebe   0x00000002   PAD
    0x08005ec0   0x0000011c   Code   RO          492    .text               stm32f10x_exti.o
    0x08005fdc   0x000005bc   Code   RO          504    .text               stm32f10x_flash.o
    0x08006598   0x00000024   Code   RO          523    .text               mc_w.l(memcpya.o)
    0x080065bc   0x0000000e   Code   RO          525    .text               mc_w.l(strlen.o)
    0x080065ca   0x0000001c   Code   RO          527    .text               mc_w.l(strcmp.o)
    0x080065e6   0x00000064   Code   RO          792    .text               mf_w.l(fmul.o)
    0x0800664a   0x0000007c   Code   RO          794    .text               mf_w.l(fdiv.o)
    0x080066c6   0x0000014e   Code   RO          796    .text               mf_w.l(dadd.o)
    0x08006814   0x000000e4   Code   RO          798    .text               mf_w.l(dmul.o)
    0x080068f8   0x000000de   Code   RO          800    .text               mf_w.l(ddiv.o)
    0x080069d6   0x0000000a   Code   RO          802    .text               mf_w.l(ffltui.o)
    0x080069e0   0x00000028   Code   RO          804    .text               mf_w.l(ffixui.o)
    0x08006a08   0x00000026   Code   RO          806    .text               mf_w.l(f2d.o)
    0x08006a2e   0x00000002   PAD
    0x08006a30   0x00000028   Code   RO          808    .text               mf_w.l(cdcmple.o)
    0x08006a58   0x00000028   Code   RO          810    .text               mf_w.l(cdrcmple.o)
    0x08006a80   0x00000038   Code   RO          812    .text               mf_w.l(d2f.o)
    0x08006ab8   0x00000014   Code   RO          814    .text               mf_w.l(cfcmple.o)
    0x08006acc   0x00000014   Code   RO          816    .text               mf_w.l(cfrcmple.o)
    0x08006ae0   0x0000002c   Code   RO          835    .text               mc_w.l(uidiv.o)
    0x08006b0c   0x00000062   Code   RO          837    .text               mc_w.l(uldiv.o)
    0x08006b6e   0x0000001e   Code   RO          839    .text               mc_w.l(llshl.o)
    0x08006b8c   0x00000024   Code   RO          841    .text               mc_w.l(llsshr.o)
    0x08006bb0   0x0000009c   Code   RO          850    .text               mc_w.l(strtod.o)
    0x08006c4c   0x00000000   Code   RO          852    .text               mc_w.l(iusefp.o)
    0x08006c4c   0x0000006e   Code   RO          853    .text               mf_w.l(fepilogue.o)
    0x08006cba   0x000000b6   Code   RO          855    .text               mf_w.l(depilogue.o)
    0x08006d70   0x00000030   Code   RO          857    .text               mf_w.l(dfixul.o)
    0x08006da0   0x00000024   Code   RO          859    .text               mc_w.l(init.o)
    0x08006dc4   0x00000020   Code   RO          862    .text               mc_w.l(llushr.o)
    0x08006de4   0x0000000a   Code   RO          864    .text               mc_w.l(isspace_c.o)
    0x08006dee   0x00000002   PAD
    0x08006df0   0x00000338   Code   RO          866    .text               mc_w.l(scanf_fp.o)
    0x08007128   0x00000040   Code   RO          870    .text               mc_w.l(_sgetc.o)
    0x08007168   0x00000028   Code   RO          873    .text               mc_w.l(ctype_c.o)
    0x08007190   0x00000018   Code   RO          876    .text               mf_w.l(dfltul.o)
    0x080071a8   0x00000056   Code   RO          886    .text               mc_w.l(__dczerorl2.o)
    0x080071fe   0x00000002   PAD
    0x08007200   0x00000028   Code   RO          766    i.__0sprintf        mc_w.l(printfa.o)
    0x08007228   0x0000000c   Code   RO          844    i.__read_errno      mc_w.l(errno.o)
    0x08007234   0x0000000e   Code   RO          880    i.__scatterload_copy  mc_w.l(handlers.o)
    0x08007242   0x00000002   Code   RO          881    i.__scatterload_null  mc_w.l(handlers.o)
    0x08007244   0x0000000e   Code   RO          882    i.__scatterload_zeroinit  mc_w.l(handlers.o)
    0x08007252   0x00000002   PAD
    0x08007254   0x0000000c   Code   RO          845    i.__set_errno       mc_w.l(errno.o)
    0x08007260   0x00000164   Code   RO          771    i._fp_digits        mc_w.l(printfa.o)
    0x080073c4   0x0000000e   Code   RO          868    i._is_digit         mc_w.l(scanf_fp.o)
    0x080073d2   0x00000002   PAD
    0x080073d4   0x000006dc   Code   RO          772    i._printf_core      mc_w.l(printfa.o)
    0x08007ab0   0x00000024   Code   RO          773    i._printf_post_padding  mc_w.l(printfa.o)
    0x08007ad4   0x0000002e   Code   RO          774    i._printf_pre_padding  mc_w.l(printfa.o)
    0x08007b02   0x0000000a   Code   RO          776    i._sputc            mc_w.l(printfa.o)
    0x08007b0c   0x0000002a   Code   RO          517    i.atof              m_ws.l(atof.o)
    0x08007b36   0x00000040   Data   RO          874    .constdata          mc_w.l(ctype_c.o)
    0x08007b76   0x00000002   PAD
    0x08007b78   0x00000020   Data   RO          878    Region$$Table       anon$$obj.o


    Execution Region RW_IRAM1 (Base: 0x20000000, Size: 0x00002f98, Max: 0x00005000, ABSOLUTE, COMPRESSED[0x000000a8])

    Base Addr    Size         Type   Attr      Idx    E Section Name        Object

    0x20000000   0x00000014   Data   RW          105    .data               system_stm32f10x.o
    0x20000014   0x0000009c   Data   RW          205    .data               motor.o
    0x200000b0   0x00000028   Data   RW          220    .data               qr701_printer.o
    0x200000d8   0x00000034   Data   RW          237    .data               hmi_driver.o
    0x2000010c   0x00000006   Data   RW          252    .data               cmd_queue.o
    0x20000112   0x00000002   PAD
    0x20000114   0x0000004c   Data   RW          267    .data               hmi_process.o
    0x20000160   0x00000004   Data   RW          288    .data               delay.o
    0x20000164   0x00000014   Data   RW          455    .data               stm32f10x_rcc.o
    0x20000178   0x00000004   Data   RW          846    .data               mc_w.l(errno.o)
    0x2000017c   0x00000064   Zero   RW          204    .bss                motor.o
    0x200001e0   0x00000054   Zero   RW          251    .bss                cmd_queue.o
    0x20000234   0x0000255f   Zero   RW          266    .bss                hmi_process.o
    0x20002793   0x00000001   PAD
    0x20002794   0x00000400   Zero   RW          314    .bss                stmflash.o
    0x20002b94   0x00000004   PAD
    0x20002b98   0x00000400   Zero   RW          375    STACK               startup_stm32f10x_hd.o


==============================================================================

Image component sizes


      Code (inc. data)   RO Data    RW Data    ZI Data      Debug   Object Name

       264         12          0          6         84       1928   cmd_queue.o
         0          0          0          0          0         32   core_cm3.o
       212         18          0          4          0       1059   delay.o
       256          0          0          0          0       1591   hard_pwm.o
      6768          8          0         52          0      24019   hmi_driver.o
      7308        736          0         76       9567       9462   hmi_process.o
        32          0          0          0          0     211107   main.o
       220         22          0          0          0       1865   misc.o
      1072         68          0        156        100       3699   motor.o
       130          0          0          0          0       1105   pin.o
       132         10          0         40          0       1751   qr701_printer.o
        36          8        304          0       1024        796   startup_stm32f10x_hd.o
       284         10          0          0          0       2295   stm32f10x_exti.o
      1468         34          0          0          0       8098   stm32f10x_flash.o
       860         38          0          0          0       5709   stm32f10x_gpio.o
        26          0          0          0          0      55498   stm32f10x_it.o
       932         36          0         20          0       8912   stm32f10x_rcc.o
      3610         88          0          0          0      22192   stm32f10x_tim.o
      1032         22          0          0          0       8436   stm32f10x_usart.o
       312          8          0          0       1024       2286   stmflash.o
       480         38          0         20          0       1839   system_stm32f10x.o
       138          0          0          0          0       1567   timer.o
       106          0          0          0          0        970   usartx.o

    ----------------------------------------------------------------------
     25684       1156        336        376      11804     376216   Object Totals
         0          0         32          0          0          0   (incl. Generated)
         6          0          0          2          5          0   (incl. Padding)

    ----------------------------------------------------------------------

      Code (inc. data)   RO Data    RW Data    ZI Data      Debug   Library Member Name

        42          0          0          0          0         84   atof.o
        86          0          0          0          0          0   __dczerorl2.o
        64          0          0          0          0         84   _sgetc.o
        40          6         64          0          0         68   ctype_c.o
         0          0          0          0          0          0   entry.o
         0          0          0          0          0          0   entry10a.o
         0          0          0          0          0          0   entry11a.o
         8          4          0          0          0          0   entry2.o
         4          0          0          0          0          0   entry5.o
         0          0          0          0          0          0   entry7b.o
         0          0          0          0          0          0   entry8b.o
         8          4          0          0          0          0   entry9a.o
        24         12          0          4          0        136   errno.o
        30          0          0          0          0          0   handlers.o
        36          8          0          0          0         68   init.o
        10          0          0          0          0         68   isspace_c.o
         0          0          0          0          0          0   iusefp.o
        30          0          0          0          0         68   llshl.o
        36          0          0          0          0         68   llsshr.o
        32          0          0          0          0         68   llushr.o
        36          0          0          0          0         68   memcpya.o
      2244         86          0          0          0        512   printfa.o
       838         12          0          0          0        216   scanf_fp.o
        28          0          0          0          0         76   strcmp.o
        14          0          0          0          0         68   strlen.o
       156         14          0          0          0        120   strtod.o
        44          0          0          0          0         80   uidiv.o
        98          0          0          0          0         92   uldiv.o
        40          2          0          0          0         68   cdcmple.o
        40          2          0          0          0         68   cdrcmple.o
        20          0          0          0          0         68   cfcmple.o
        20          0          0          0          0         68   cfrcmple.o
        56          0          0          0          0         88   d2f.o
       334          0          0          0          0        148   dadd.o
       222          0          0          0          0        100   ddiv.o
       182          0          0          0          0        176   depilogue.o
        48          0          0          0          0         68   dfixul.o
        24          0          0          0          0         76   dfltul.o
       228          0          0          0          0         96   dmul.o
        38          0          0          0          0         68   f2d.o
       124          0          0          0          0         88   fdiv.o
       110          0          0          0          0        168   fepilogue.o
        40          0          0          0          0         68   ffixui.o
        10          0          0          0          0         68   ffltui.o
       100          0          0          0          0         76   fmul.o

    ----------------------------------------------------------------------
      5554        150         66          4          0       3504   Library Totals
        10          0          2          0          0          0   (incl. Padding)

    ----------------------------------------------------------------------

      Code (inc. data)   RO Data    RW Data    ZI Data      Debug   Library Name

        42          0          0          0          0         84   m_ws.l
      3866        146         64          4          0       1860   mc_w.l
      1636          4          0          0          0       1560   mf_w.l

    ----------------------------------------------------------------------
      5554        150         66          4          0       3504   Library Totals

    ----------------------------------------------------------------------

==============================================================================


      Code (inc. data)   RO Data    RW Data    ZI Data      Debug   

     31238       1306        402        380      11804     376104   Grand Totals
     31238       1306        402        168      11804     376104   ELF Image Totals (compressed)
     31238       1306        402        168          0          0   ROM Totals

==============================================================================

    Total RO  Size (Code + RO Data)                31640 (  30.90kB)
    Total RW  Size (RW Data + ZI Data)             12184 (  11.90kB)
    Total ROM Size (Code + RO Data + RW Data)      31808 (  31.06kB)

==============================================================================

